==================================================================================
BC-DPG-FCN v3 ablation summary complete
detail    : /home/tobeornot8259748/projects/balloon_radar_project/results/data_audit/bc_dpg_v3_ablation/ablation_detail_formal.csv
aggregate : /home/tobeornot8259748/projects/balloon_radar_project/results/data_audit/bc_dpg_v3_ablation/ablation_aggregate_formal.csv
report    : /home/tobeornot8259748/projects/balloon_radar_project/results/data_audit/bc_dpg_v3_ablation/README_消融结果_formal.md
found     : 10
missing   : 0
==================================================================================

========================================================================================
Fold=01  Mode=full  Smoke=False  ExistingAction=skip_complete
[跳过] 完整结果已存在，智能跳过: /home/tobeornot8259748/projects/balloon_radar_project/results/experiments/bc_dpg_v3_ablation_full_v4_fold01_seed42
========================================================================================

========================================================================================
Fold=01  Mode=no_scan_context  Smoke=False  ExistingAction=skip_complete
[跳过] 完整结果已存在，智能跳过: /home/tobeornot8259748/projects/balloon_radar_project/results/experiments/bc_dpg_v3_ablation_no_scan_context_v4_fold01_seed42
========================================================================================

========================================================================================
Fold=01  Mode=no_background_classification  Smoke=False  ExistingAction=skip_complete
[跳过] 完整结果已存在，智能跳过: /home/tobeornot8259748/projects/balloon_radar_project/results/experiments/bc_dpg_v3_ablation_no_background_classification_v4_fold01_seed42
========================================================================================

========================================================================================
Fold=01  Mode=no_background_tail  Smoke=False  ExistingAction=skip_complete
[跳过] 完整结果已存在，智能跳过: /home/tobeornot8259748/projects/balloon_radar_project/results/experiments/bc_dpg_v3_ablation_no_background_tail_v4_fold01_seed42
========================================================================================

========================================================================================
Fold=01  Mode=no_target_protection  Smoke=False  ExistingAction=skip_complete
[跳过] 完整结果已存在，智能跳过: /home/tobeornot8259748/projects/balloon_radar_project/results/experiments/bc_dpg_v3_ablation_no_target_protection_v4_fold01_seed42
========================================================================================

========================================================================================
Fold=04  Mode=full  Smoke=False  ExistingAction=skip_complete
[跳过] 完整结果已存在，智能跳过: /home/tobeornot8259748/projects/balloon_radar_project/results/experiments/bc_dpg_v3_ablation_full_v4_fold04_seed42
========================================================================================

========================================================================================
Fold=04  Mode=no_scan_context  Smoke=False  ExistingAction=skip_complete
[跳过] 完整结果已存在，智能跳过: /home/tobeornot8259748/projects/balloon_radar_project/results/experiments/bc_dpg_v3_ablation_no_scan_context_v4_fold04_seed42
========================================================================================

========================================================================================
Fold=04  Mode=no_background_classification  Smoke=False  ExistingAction=skip_complete
[跳过] 完整结果已存在，智能跳过: /home/tobeornot8259748/projects/balloon_radar_project/results/experiments/bc_dpg_v3_ablation_no_background_classification_v4_fold04_seed42
========================================================================================

========================================================================================
Fold=04  Mode=no_background_tail  Smoke=False  ExistingAction=skip_complete
[跳过] 完整结果已存在，智能跳过: /home/tobeornot8259748/projects/balloon_radar_project/results/experiments/bc_dpg_v3_ablation_no_background_tail_v4_fold04_seed42
========================================================================================

========================================================================================
Fold=04  Mode=no_target_protection  Smoke=False  ExistingAction=skip_complete
[跳过] 完整结果已存在，智能跳过: /home/tobeornot8259748/projects/balloon_radar_project/results/experiments/bc_dpg_v3_ablation_no_target_protection_v4_fold04_seed42
========================================================================================
