===== deployment comparison =====
==================================================================================
BC-DPG-FCN v3 deployment comparison complete
detail    : /home/tobeornot8259748/projects/balloon_radar_project/results/data_audit/bc_dpg_v3_deployment_comparison/deployment_comparison_detail.csv
aggregate : /home/tobeornot8259748/projects/balloon_radar_project/results/data_audit/bc_dpg_v3_deployment_comparison/deployment_comparison_aggregate.csv
report    : /home/tobeornot8259748/projects/balloon_radar_project/results/data_audit/bc_dpg_v3_deployment_comparison/README_deployment_comparison.md
audit     : /home/tobeornot8259748/projects/balloon_radar_project/results/data_audit/bc_dpg_v3_deployment_comparison/deployment_comparison_audit.json
rows      : 18
missing   : 0
==================================================================================
===== evidence freeze =====
==================================================================================
BC-DPG-FCN v3 evidence freeze complete
directory : /home/tobeornot8259748/projects/balloon_radar_project/results/model_freeze/bc_dpg_v3_freeze_20260721_234948
manifest  : /home/tobeornot8259748/projects/balloon_radar_project/results/model_freeze/bc_dpg_v3_freeze_20260721_234948/freeze_manifest.json
hashes    : /home/tobeornot8259748/projects/balloon_radar_project/results/model_freeze/bc_dpg_v3_freeze_20260721_234948/SHA256SUMS.txt
files     : 21
missing   : 0
==================================================================================
===== shift regularization smoke sweep =====
==================================================================================
Experiment             : bc_dpg_v31_shiftreg_0p005_v4_fold01_seed42_smoke
Ablation mode          : full
Zero scan context      : False
Device / AMP           : cuda / True
Base checkpoint        : /home/tobeornot8259748/projects/balloon_radar_project/results/experiments/dpg_fcn_v4_fold01_seed42/checkpoints/best.pt
Base threshold         : 0.337646
Pd tolerance           : 0.0100
==================================================================================
预加载 dataset: 24 个样本...
  dataset: 24/24
Precomputing frozen DPG features: train (24 samples)
预加载 dataset: 24 个样本...
  dataset: 24/24
Precomputing frozen DPG features: val (24 samples)
预加载 dataset: 24 个样本...
  dataset: 24/24
Precomputing frozen DPG features: test (24 samples)
Raw validation at base threshold: Pd=1.0000, Pfa=0.0000
Trainable parameters  : 9474
==================================================================================
epoch=001 train=1.54442 val=1.04329 basePd=1.0000 basePfa=0.0000 rawPd=1.0000 bgShift=0.005 targetShift=0.005 *
epoch=002 train=1.53761 val=1.03841 basePd=1.0000 basePfa=0.0000 rawPd=1.0000 bgShift=0.005 targetShift=0.005 *
epoch=003 train=1.53024 val=1.03312 basePd=1.0000 basePfa=0.0000 rawPd=1.0000 bgShift=0.005 targetShift=0.005 *
epoch=004 train=1.52232 val=1.02751 basePd=1.0000 basePfa=0.0000 rawPd=1.0000 bgShift=0.006 targetShift=0.005 *

==================================================================================
Best epoch: 4
Selected-threshold v3 test : Pd=1.0000, Pfa=1.0000, AUC=1.0000
Selected-threshold raw test: Pd=1.0000, Pfa=1.0000, AUC=1.0000
Base threshold 0.337646 v3 test : Pd=1.0000, Pfa=0.5833
Base threshold 0.337646 raw test: Pd=1.0000, Pfa=0.5833
Test mean shift: background=0.0052, target=0.0047
Test p(background): background=0.0520, target=0.0491
Validation Pd floor satisfied: True
Score never increased: val=True, test=True
Summary: /home/tobeornot8259748/projects/balloon_radar_project/results/experiments/bc_dpg_v31_shiftreg_0p005_v4_fold01_seed42_smoke/tables/summary.json
==================================================================================
==================================================================================
Experiment             : bc_dpg_v31_shiftreg_0p0025_v4_fold01_seed42_smoke
Ablation mode          : full
Zero scan context      : False
Device / AMP           : cuda / True
Base checkpoint        : /home/tobeornot8259748/projects/balloon_radar_project/results/experiments/dpg_fcn_v4_fold01_seed42/checkpoints/best.pt
Base threshold         : 0.337646
Pd tolerance           : 0.0100
==================================================================================
预加载 dataset: 24 个样本...
  dataset: 24/24
Precomputing frozen DPG features: train (24 samples)
预加载 dataset: 24 个样本...
  dataset: 24/24
Precomputing frozen DPG features: val (24 samples)
预加载 dataset: 24 个样本...
  dataset: 24/24
Precomputing frozen DPG features: test (24 samples)
Raw validation at base threshold: Pd=1.0000, Pfa=0.0000
Trainable parameters  : 9474
==================================================================================
epoch=001 train=1.54442 val=1.04329 basePd=1.0000 basePfa=0.0000 rawPd=1.0000 bgShift=0.005 targetShift=0.005 *
epoch=002 train=1.53761 val=1.03841 basePd=1.0000 basePfa=0.0000 rawPd=1.0000 bgShift=0.005 targetShift=0.005 *
epoch=003 train=1.53024 val=1.03312 basePd=1.0000 basePfa=0.0000 rawPd=1.0000 bgShift=0.005 targetShift=0.005 *
epoch=004 train=1.52232 val=1.02751 basePd=1.0000 basePfa=0.0000 rawPd=1.0000 bgShift=0.006 targetShift=0.005 *

==================================================================================
Best epoch: 4
Selected-threshold v3 test : Pd=1.0000, Pfa=1.0000, AUC=1.0000
Selected-threshold raw test: Pd=1.0000, Pfa=1.0000, AUC=1.0000
Base threshold 0.337646 v3 test : Pd=1.0000, Pfa=0.5833
Base threshold 0.337646 raw test: Pd=1.0000, Pfa=0.5833
Test mean shift: background=0.0052, target=0.0047
Test p(background): background=0.0520, target=0.0491
Validation Pd floor satisfied: True
Score never increased: val=True, test=True
Summary: /home/tobeornot8259748/projects/balloon_radar_project/results/experiments/bc_dpg_v31_shiftreg_0p0025_v4_fold01_seed42_smoke/tables/summary.json
==================================================================================
==================================================================================
Experiment             : bc_dpg_v31_shiftreg_0p001_v4_fold01_seed42_smoke
Ablation mode          : full
Zero scan context      : False
Device / AMP           : cuda / True
Base checkpoint        : /home/tobeornot8259748/projects/balloon_radar_project/results/experiments/dpg_fcn_v4_fold01_seed42/checkpoints/best.pt
Base threshold         : 0.337646
Pd tolerance           : 0.0100
==================================================================================
预加载 dataset: 24 个样本...
  dataset: 24/24
Precomputing frozen DPG features: train (24 samples)
预加载 dataset: 24 个样本...
  dataset: 24/24
Precomputing frozen DPG features: val (24 samples)
预加载 dataset: 24 个样本...
  dataset: 24/24
Precomputing frozen DPG features: test (24 samples)
Raw validation at base threshold: Pd=1.0000, Pfa=0.0000
Trainable parameters  : 9474
==================================================================================
epoch=001 train=1.54442 val=1.04329 basePd=1.0000 basePfa=0.0000 rawPd=1.0000 bgShift=0.005 targetShift=0.005 *
epoch=002 train=1.53761 val=1.03841 basePd=1.0000 basePfa=0.0000 rawPd=1.0000 bgShift=0.005 targetShift=0.005 *
epoch=003 train=1.53024 val=1.03312 basePd=1.0000 basePfa=0.0000 rawPd=1.0000 bgShift=0.005 targetShift=0.005 *
epoch=004 train=1.52232 val=1.02751 basePd=1.0000 basePfa=0.0000 rawPd=1.0000 bgShift=0.006 targetShift=0.005 *

==================================================================================
Best epoch: 4
Selected-threshold v3 test : Pd=1.0000, Pfa=1.0000, AUC=1.0000
Selected-threshold raw test: Pd=1.0000, Pfa=1.0000, AUC=1.0000
Base threshold 0.337646 v3 test : Pd=1.0000, Pfa=0.5833
Base threshold 0.337646 raw test: Pd=1.0000, Pfa=0.5833
Test mean shift: background=0.0052, target=0.0047
Test p(background): background=0.0520, target=0.0491
Validation Pd floor satisfied: True
Score never increased: val=True, test=True
Summary: /home/tobeornot8259748/projects/balloon_radar_project/results/experiments/bc_dpg_v31_shiftreg_0p001_v4_fold01_seed42_smoke/tables/summary.json
==================================================================================
==================================================================================
Experiment             : bc_dpg_v31_shiftreg_0_v4_fold01_seed42_smoke
Ablation mode          : full
Zero scan context      : False
Device / AMP           : cuda / True
Base checkpoint        : /home/tobeornot8259748/projects/balloon_radar_project/results/experiments/dpg_fcn_v4_fold01_seed42/checkpoints/best.pt
Base threshold         : 0.337646
Pd tolerance           : 0.0100
==================================================================================
预加载 dataset: 24 个样本...
  dataset: 24/24
Precomputing frozen DPG features: train (24 samples)
预加载 dataset: 24 个样本...
  dataset: 24/24
Precomputing frozen DPG features: val (24 samples)
预加载 dataset: 24 个样本...
  dataset: 24/24
Precomputing frozen DPG features: test (24 samples)
Raw validation at base threshold: Pd=1.0000, Pfa=0.0000
Trainable parameters  : 9474
==================================================================================
epoch=001 train=1.54442 val=1.04329 basePd=1.0000 basePfa=0.0000 rawPd=1.0000 bgShift=0.005 targetShift=0.005 *
epoch=002 train=1.53761 val=1.03841 basePd=1.0000 basePfa=0.0000 rawPd=1.0000 bgShift=0.005 targetShift=0.005 *
epoch=003 train=1.53024 val=1.03312 basePd=1.0000 basePfa=0.0000 rawPd=1.0000 bgShift=0.005 targetShift=0.005 *
epoch=004 train=1.52232 val=1.02751 basePd=1.0000 basePfa=0.0000 rawPd=1.0000 bgShift=0.006 targetShift=0.005 *

==================================================================================
Best epoch: 4
Selected-threshold v3 test : Pd=1.0000, Pfa=1.0000, AUC=1.0000
Selected-threshold raw test: Pd=1.0000, Pfa=1.0000, AUC=1.0000
Base threshold 0.337646 v3 test : Pd=1.0000, Pfa=0.5833
Base threshold 0.337646 raw test: Pd=1.0000, Pfa=0.5833
Test mean shift: background=0.0052, target=0.0047
Test p(background): background=0.0520, target=0.0491
Validation Pd floor satisfied: True
Score never increased: val=True, test=True
Summary: /home/tobeornot8259748/projects/balloon_radar_project/results/experiments/bc_dpg_v31_shiftreg_0_v4_fold01_seed42_smoke/tables/summary.json
==================================================================================
==================================================================================
Experiment             : bc_dpg_v31_shiftreg_0p005_v4_fold04_seed42_smoke
Ablation mode          : full
Zero scan context      : False
Device / AMP           : cuda / True
Base checkpoint        : /home/tobeornot8259748/projects/balloon_radar_project/results/experiments/dpg_fcn_v4_fold04_seed42/checkpoints/best.pt
Base threshold         : 0.254150
Pd tolerance           : 0.0100
==================================================================================
预加载 dataset: 24 个样本...
  dataset: 24/24
Precomputing frozen DPG features: train (24 samples)
预加载 dataset: 24 个样本...
  dataset: 24/24
Precomputing frozen DPG features: val (24 samples)
预加载 dataset: 24 个样本...
  dataset: 24/24
Precomputing frozen DPG features: test (24 samples)
Raw validation at base threshold: Pd=0.9167, Pfa=0.0000
Trainable parameters  : 9474
==================================================================================
epoch=001 train=2.31974 val=1.04320 basePd=0.9167 basePfa=0.0000 rawPd=0.9167 bgShift=0.005 targetShift=0.005 *
epoch=002 train=2.45528 val=1.03969 basePd=0.9167 basePfa=0.0000 rawPd=0.9167 bgShift=0.005 targetShift=0.005 *
epoch=003 train=2.44715 val=1.03574 basePd=0.9167 basePfa=0.0000 rawPd=0.9167 bgShift=0.005 targetShift=0.005 *
epoch=004 train=2.43997 val=1.03147 basePd=0.9167 basePfa=0.0000 rawPd=0.9167 bgShift=0.005 targetShift=0.005 *

==================================================================================
Best epoch: 4
Selected-threshold v3 test : Pd=0.8333, Pfa=1.0000, AUC=0.8403
Selected-threshold raw test: Pd=0.8333, Pfa=1.0000, AUC=0.8403
Base threshold 0.254150 v3 test : Pd=0.8333, Pfa=0.9167
Base threshold 0.254150 raw test: Pd=0.8333, Pfa=0.9167
Test mean shift: background=0.0055, target=0.0054
Test p(background): background=0.0527, target=0.0518
Validation Pd floor satisfied: True
Score never increased: val=True, test=True
Summary: /home/tobeornot8259748/projects/balloon_radar_project/results/experiments/bc_dpg_v31_shiftreg_0p005_v4_fold04_seed42_smoke/tables/summary.json
==================================================================================
==================================================================================
Experiment             : bc_dpg_v31_shiftreg_0p0025_v4_fold04_seed42_smoke
Ablation mode          : full
Zero scan context      : False
Device / AMP           : cuda / True
Base checkpoint        : /home/tobeornot8259748/projects/balloon_radar_project/results/experiments/dpg_fcn_v4_fold04_seed42/checkpoints/best.pt
Base threshold         : 0.254150
Pd tolerance           : 0.0100
==================================================================================
预加载 dataset: 24 个样本...
  dataset: 24/24
Precomputing frozen DPG features: train (24 samples)
预加载 dataset: 24 个样本...
  dataset: 24/24
Precomputing frozen DPG features: val (24 samples)
预加载 dataset: 24 个样本...
  dataset: 24/24
Precomputing frozen DPG features: test (24 samples)
Raw validation at base threshold: Pd=0.9167, Pfa=0.0000
Trainable parameters  : 9474
==================================================================================
epoch=001 train=2.31974 val=1.04320 basePd=0.9167 basePfa=0.0000 rawPd=0.9167 bgShift=0.005 targetShift=0.005 *
epoch=002 train=2.45528 val=1.03969 basePd=0.9167 basePfa=0.0000 rawPd=0.9167 bgShift=0.005 targetShift=0.005 *
epoch=003 train=2.44715 val=1.03574 basePd=0.9167 basePfa=0.0000 rawPd=0.9167 bgShift=0.005 targetShift=0.005 *
epoch=004 train=2.43997 val=1.03147 basePd=0.9167 basePfa=0.0000 rawPd=0.9167 bgShift=0.005 targetShift=0.005 *

==================================================================================
Best epoch: 4
Selected-threshold v3 test : Pd=0.8333, Pfa=1.0000, AUC=0.8403
Selected-threshold raw test: Pd=0.8333, Pfa=1.0000, AUC=0.8403
Base threshold 0.254150 v3 test : Pd=0.8333, Pfa=0.9167
Base threshold 0.254150 raw test: Pd=0.8333, Pfa=0.9167
Test mean shift: background=0.0055, target=0.0054
Test p(background): background=0.0527, target=0.0518
Validation Pd floor satisfied: True
Score never increased: val=True, test=True
Summary: /home/tobeornot8259748/projects/balloon_radar_project/results/experiments/bc_dpg_v31_shiftreg_0p0025_v4_fold04_seed42_smoke/tables/summary.json
==================================================================================
==================================================================================
Experiment             : bc_dpg_v31_shiftreg_0p001_v4_fold04_seed42_smoke
Ablation mode          : full
Zero scan context      : False
Device / AMP           : cuda / True
Base checkpoint        : /home/tobeornot8259748/projects/balloon_radar_project/results/experiments/dpg_fcn_v4_fold04_seed42/checkpoints/best.pt
Base threshold         : 0.254150
Pd tolerance           : 0.0100
==================================================================================
预加载 dataset: 24 个样本...
  dataset: 24/24
Precomputing frozen DPG features: train (24 samples)
预加载 dataset: 24 个样本...
  dataset: 24/24
Precomputing frozen DPG features: val (24 samples)
预加载 dataset: 24 个样本...
  dataset: 24/24
Precomputing frozen DPG features: test (24 samples)
Raw validation at base threshold: Pd=0.9167, Pfa=0.0000
Trainable parameters  : 9474
==================================================================================
epoch=001 train=2.31974 val=1.04320 basePd=0.9167 basePfa=0.0000 rawPd=0.9167 bgShift=0.005 targetShift=0.005 *
epoch=002 train=2.45528 val=1.03969 basePd=0.9167 basePfa=0.0000 rawPd=0.9167 bgShift=0.005 targetShift=0.005 *
epoch=003 train=2.44715 val=1.03574 basePd=0.9167 basePfa=0.0000 rawPd=0.9167 bgShift=0.005 targetShift=0.005 *
epoch=004 train=2.43997 val=1.03147 basePd=0.9167 basePfa=0.0000 rawPd=0.9167 bgShift=0.005 targetShift=0.005 *

==================================================================================
Best epoch: 4
Selected-threshold v3 test : Pd=0.8333, Pfa=1.0000, AUC=0.8403
Selected-threshold raw test: Pd=0.8333, Pfa=1.0000, AUC=0.8403
Base threshold 0.254150 v3 test : Pd=0.8333, Pfa=0.9167
Base threshold 0.254150 raw test: Pd=0.8333, Pfa=0.9167
Test mean shift: background=0.0055, target=0.0054
Test p(background): background=0.0527, target=0.0518
Validation Pd floor satisfied: True
Score never increased: val=True, test=True
Summary: /home/tobeornot8259748/projects/balloon_radar_project/results/experiments/bc_dpg_v31_shiftreg_0p001_v4_fold04_seed42_smoke/tables/summary.json
==================================================================================
==================================================================================
Experiment             : bc_dpg_v31_shiftreg_0_v4_fold04_seed42_smoke
Ablation mode          : full
Zero scan context      : False
Device / AMP           : cuda / True
Base checkpoint        : /home/tobeornot8259748/projects/balloon_radar_project/results/experiments/dpg_fcn_v4_fold04_seed42/checkpoints/best.pt
Base threshold         : 0.254150
Pd tolerance           : 0.0100
==================================================================================
预加载 dataset: 24 个样本...
  dataset: 24/24
Precomputing frozen DPG features: train (24 samples)
预加载 dataset: 24 个样本...
  dataset: 24/24
Precomputing frozen DPG features: val (24 samples)
预加载 dataset: 24 个样本...
  dataset: 24/24
Precomputing frozen DPG features: test (24 samples)
Raw validation at base threshold: Pd=0.9167, Pfa=0.0000
Trainable parameters  : 9474
==================================================================================
epoch=001 train=2.31974 val=1.04320 basePd=0.9167 basePfa=0.0000 rawPd=0.9167 bgShift=0.005 targetShift=0.005 *
epoch=002 train=2.45528 val=1.03969 basePd=0.9167 basePfa=0.0000 rawPd=0.9167 bgShift=0.005 targetShift=0.005 *
epoch=003 train=2.44715 val=1.03574 basePd=0.9167 basePfa=0.0000 rawPd=0.9167 bgShift=0.005 targetShift=0.005 *
epoch=004 train=2.43997 val=1.03147 basePd=0.9167 basePfa=0.0000 rawPd=0.9167 bgShift=0.005 targetShift=0.005 *

==================================================================================
Best epoch: 4
Selected-threshold v3 test : Pd=0.8333, Pfa=1.0000, AUC=0.8403
Selected-threshold raw test: Pd=0.8333, Pfa=1.0000, AUC=0.8403
Base threshold 0.254150 v3 test : Pd=0.8333, Pfa=0.9167
Base threshold 0.254150 raw test: Pd=0.8333, Pfa=0.9167
Test mean shift: background=0.0055, target=0.0054
Test p(background): background=0.0527, target=0.0518
Validation Pd floor satisfied: True
Score never increased: val=True, test=True
Summary: /home/tobeornot8259748/projects/balloon_radar_project/results/experiments/bc_dpg_v31_shiftreg_0_v4_fold04_seed42_smoke/tables/summary.json
==================================================================================
==================================================================================
BC-DPG-FCN v3.1 validation-only regularization selection complete
candidate table : /home/tobeornot8259748/projects/balloon_radar_project/results/data_audit/bc_dpg_v31_shift_reg/candidate_validation_metrics_smoke.csv
selected table  : /home/tobeornot8259748/projects/balloon_radar_project/results/data_audit/bc_dpg_v31_shift_reg/selected_by_fold_smoke.csv
test report     : /home/tobeornot8259748/projects/balloon_radar_project/results/data_audit/bc_dpg_v31_shift_reg/selected_test_metrics_smoke.csv
aggregate       : /home/tobeornot8259748/projects/balloon_radar_project/results/data_audit/bc_dpg_v31_shift_reg/aggregate_selected_test_metrics_smoke.csv
audit           : /home/tobeornot8259748/projects/balloon_radar_project/results/data_audit/bc_dpg_v31_shift_reg/selection_audit_smoke.json
report          : /home/tobeornot8259748/projects/balloon_radar_project/results/data_audit/bc_dpg_v31_shift_reg/README_shift_regularization_selection_smoke.md
candidate rows  : 10
selected folds  : 2
missing         : 0
==================================================================================

============================================================================================
Fold=01 Reg=0.01 Smoke=True Action=reuse_full_v3
[复用] /home/tobeornot8259748/projects/balloon_radar_project/results/experiments/bc_dpg_v3_ablation_full_v4_fold01_seed42_smoke
============================================================================================

============================================================================================
Fold=01 Reg=0.005 Smoke=True ExistingAction=run
/home/tobeornot8259748/miniforge3/envs/radar-torch/bin/python /home/tobeornot8259748/projects/balloon_radar_project/training/train_target_protected_scan_calibrator_ablation.py --name bc_dpg_v31_shiftreg_0p005_v4_fold01_seed42_smoke --ablation-mode full --manifest-path /home/tobeornot8259748/projects/balloon_radar_project/results/data_audit/dataset_v4_multifold/fold_01_manifest.csv --base-checkpoint /home/tobeornot8259748/projects/balloon_radar_project/results/experiments/dpg_fcn_v4_fold01_seed42/checkpoints/best.pt --epochs 4 --batch-size 16 --debug-per-class 12 --seed 42 --shift-regularization 0.005
============================================================================================

============================================================================================
Fold=01 Reg=0.0025 Smoke=True ExistingAction=run
/home/tobeornot8259748/miniforge3/envs/radar-torch/bin/python /home/tobeornot8259748/projects/balloon_radar_project/training/train_target_protected_scan_calibrator_ablation.py --name bc_dpg_v31_shiftreg_0p0025_v4_fold01_seed42_smoke --ablation-mode full --manifest-path /home/tobeornot8259748/projects/balloon_radar_project/results/data_audit/dataset_v4_multifold/fold_01_manifest.csv --base-checkpoint /home/tobeornot8259748/projects/balloon_radar_project/results/experiments/dpg_fcn_v4_fold01_seed42/checkpoints/best.pt --epochs 4 --batch-size 16 --debug-per-class 12 --seed 42 --shift-regularization 0.0025
============================================================================================

============================================================================================
Fold=01 Reg=0.001 Smoke=True ExistingAction=run
/home/tobeornot8259748/miniforge3/envs/radar-torch/bin/python /home/tobeornot8259748/projects/balloon_radar_project/training/train_target_protected_scan_calibrator_ablation.py --name bc_dpg_v31_shiftreg_0p001_v4_fold01_seed42_smoke --ablation-mode full --manifest-path /home/tobeornot8259748/projects/balloon_radar_project/results/data_audit/dataset_v4_multifold/fold_01_manifest.csv --base-checkpoint /home/tobeornot8259748/projects/balloon_radar_project/results/experiments/dpg_fcn_v4_fold01_seed42/checkpoints/best.pt --epochs 4 --batch-size 16 --debug-per-class 12 --seed 42 --shift-regularization 0.001
============================================================================================

============================================================================================
Fold=01 Reg=0 Smoke=True ExistingAction=run
/home/tobeornot8259748/miniforge3/envs/radar-torch/bin/python /home/tobeornot8259748/projects/balloon_radar_project/training/train_target_protected_scan_calibrator_ablation.py --name bc_dpg_v31_shiftreg_0_v4_fold01_seed42_smoke --ablation-mode full --manifest-path /home/tobeornot8259748/projects/balloon_radar_project/results/data_audit/dataset_v4_multifold/fold_01_manifest.csv --base-checkpoint /home/tobeornot8259748/projects/balloon_radar_project/results/experiments/dpg_fcn_v4_fold01_seed42/checkpoints/best.pt --epochs 4 --batch-size 16 --debug-per-class 12 --seed 42 --shift-regularization 0
============================================================================================

============================================================================================
Fold=04 Reg=0.01 Smoke=True Action=reuse_full_v3
[复用] /home/tobeornot8259748/projects/balloon_radar_project/results/experiments/bc_dpg_v3_ablation_full_v4_fold04_seed42_smoke
============================================================================================

============================================================================================
Fold=04 Reg=0.005 Smoke=True ExistingAction=run
/home/tobeornot8259748/miniforge3/envs/radar-torch/bin/python /home/tobeornot8259748/projects/balloon_radar_project/training/train_target_protected_scan_calibrator_ablation.py --name bc_dpg_v31_shiftreg_0p005_v4_fold04_seed42_smoke --ablation-mode full --manifest-path /home/tobeornot8259748/projects/balloon_radar_project/results/data_audit/dataset_v4_multifold/fold_04_manifest.csv --base-checkpoint /home/tobeornot8259748/projects/balloon_radar_project/results/experiments/dpg_fcn_v4_fold04_seed42/checkpoints/best.pt --epochs 4 --batch-size 16 --debug-per-class 12 --seed 42 --shift-regularization 0.005
============================================================================================

============================================================================================
Fold=04 Reg=0.0025 Smoke=True ExistingAction=run
/home/tobeornot8259748/miniforge3/envs/radar-torch/bin/python /home/tobeornot8259748/projects/balloon_radar_project/training/train_target_protected_scan_calibrator_ablation.py --name bc_dpg_v31_shiftreg_0p0025_v4_fold04_seed42_smoke --ablation-mode full --manifest-path /home/tobeornot8259748/projects/balloon_radar_project/results/data_audit/dataset_v4_multifold/fold_04_manifest.csv --base-checkpoint /home/tobeornot8259748/projects/balloon_radar_project/results/experiments/dpg_fcn_v4_fold04_seed42/checkpoints/best.pt --epochs 4 --batch-size 16 --debug-per-class 12 --seed 42 --shift-regularization 0.0025
============================================================================================

============================================================================================
Fold=04 Reg=0.001 Smoke=True ExistingAction=run
/home/tobeornot8259748/miniforge3/envs/radar-torch/bin/python /home/tobeornot8259748/projects/balloon_radar_project/training/train_target_protected_scan_calibrator_ablation.py --name bc_dpg_v31_shiftreg_0p001_v4_fold04_seed42_smoke --ablation-mode full --manifest-path /home/tobeornot8259748/projects/balloon_radar_project/results/data_audit/dataset_v4_multifold/fold_04_manifest.csv --base-checkpoint /home/tobeornot8259748/projects/balloon_radar_project/results/experiments/dpg_fcn_v4_fold04_seed42/checkpoints/best.pt --epochs 4 --batch-size 16 --debug-per-class 12 --seed 42 --shift-regularization 0.001
============================================================================================

============================================================================================
Fold=04 Reg=0 Smoke=True ExistingAction=run
/home/tobeornot8259748/miniforge3/envs/radar-torch/bin/python /home/tobeornot8259748/projects/balloon_radar_project/training/train_target_protected_scan_calibrator_ablation.py --name bc_dpg_v31_shiftreg_0_v4_fold04_seed42_smoke --ablation-mode full --manifest-path /home/tobeornot8259748/projects/balloon_radar_project/results/data_audit/dataset_v4_multifold/fold_04_manifest.csv --base-checkpoint /home/tobeornot8259748/projects/balloon_radar_project/results/experiments/dpg_fcn_v4_fold04_seed42/checkpoints/best.pt --epochs 4 --batch-size 16 --debug-per-class 12 --seed 42 --shift-regularization 0
============================================================================================
