===== 极化表征管线测试 =====
==================================================================================
polarimetric representation pipeline test: PASS
parameter count: 19,793
power2  : active=2 canonical=[8, 128, 100]
ri4     : active=4 canonical=[8, 128, 100]
polar6  : active=6 canonical=[8, 128, 100]
ri8     : active=8 canonical=[8, 128, 100]
report: /home/tobeornot8259748/projects/balloon_radar_project/results/data_audit/polarimetric_representation_pipeline_v1/pipeline_test.json
==================================================================================
===== Fold 1、Fold 4 四种表征 smoke =====
预加载 power2-train: 16 个样本...
  power2-train: 16/16
预加载 power2-val: 16 个样本...
  power2-val: 16/16
预加载 power2-test: 16 个样本...
  power2-test: 16/16
==================================================================================
experiment       : polar_repr_v1_power2_v4_fold01_seed42_smoke
fold / mode      : 1 / power2
active channels  : ('H_power', 'V_power')
canonical input  : 8 channels
parameters       : 19,793
device / AMP     : cuda / True
dataset sizes    : train=16, val=16, test=16
==================================================================================
Epoch 001/3 | train=1.753688 val=1.258779 | thr=0.58691 Pd=0.0000 Pfa=0.1250 | lr=1.00e-03 | best
Epoch 002/3 | train=1.189706 val=0.960421 | thr=0.57471 Pd=0.0000 Pfa=0.1250 | lr=1.00e-03 | best
Epoch 003/3 | train=0.925410 val=0.819642 | thr=0.55176 Pd=0.0000 Pfa=0.2500 | lr=1.00e-03

==================================================================================
best epoch : 2
threshold  : 0.574707
test       : Pd=0.0000, Pfa=0.2500, FA=2, AUC=0.5078
result dir : /home/tobeornot8259748/projects/balloon_radar_project/results/experiments/polar_repr_v1_power2_v4_fold01_seed42_smoke
==================================================================================
预加载 ri4-train: 16 个样本...
  ri4-train: 16/16
预加载 ri4-val: 16 个样本...
  ri4-val: 16/16
预加载 ri4-test: 16 个样本...
  ri4-test: 16/16
==================================================================================
experiment       : polar_repr_v1_ri4_v4_fold01_seed42_smoke
fold / mode      : 1 / ri4
active channels  : ('Re_H', 'Im_H', 'Re_V', 'Im_V')
canonical input  : 8 channels
parameters       : 19,793
device / AMP     : cuda / True
dataset sizes    : train=16, val=16, test=16
==================================================================================
Epoch 001/3 | train=1.674495 val=1.573310 | thr=0.99707 Pd=0.0000 Pfa=0.2500 | lr=1.00e-03 | best
Epoch 002/3 | train=1.547021 val=1.413063 | thr=0.95752 Pd=0.0000 Pfa=0.2500 | lr=1.00e-03 | best
Epoch 003/3 | train=1.392328 val=1.230402 | thr=0.80518 Pd=0.0000 Pfa=0.2500 | lr=1.00e-03 | best

==================================================================================
best epoch : 3
threshold  : 0.805176
test       : Pd=0.0000, Pfa=1.0000, FA=8, AUC=0.5312
result dir : /home/tobeornot8259748/projects/balloon_radar_project/results/experiments/polar_repr_v1_ri4_v4_fold01_seed42_smoke
==================================================================================
预加载 polar6-train: 16 个样本...
  polar6-train: 16/16
预加载 polar6-val: 16 个样本...
  polar6-val: 16/16
预加载 polar6-test: 16 个样本...
  polar6-test: 16/16
==================================================================================
experiment       : polar_repr_v1_polar6_v4_fold01_seed42_smoke
fold / mode      : 1 / polar6
active channels  : ('H_power', 'V_power', 'relative_ZDR_like', 'local_rho_HV', 'cos_relative_phase', 'sin_relative_phase')
canonical input  : 8 channels
parameters       : 19,793
device / AMP     : cuda / True
dataset sizes    : train=16, val=16, test=16
==================================================================================
Epoch 001/3 | train=1.758151 val=1.255863 | thr=0.75000 Pd=0.0000 Pfa=0.2500 | lr=1.00e-03 | best
Epoch 002/3 | train=1.167907 val=0.895791 | thr=0.59570 Pd=0.0000 Pfa=0.2500 | lr=1.00e-03 | best
Epoch 003/3 | train=0.864935 val=0.775310 | thr=0.52539 Pd=0.0000 Pfa=0.2500 | lr=1.00e-03 | best

==================================================================================
best epoch : 3
threshold  : 0.525391
test       : Pd=0.0000, Pfa=0.1250, FA=1, AUC=0.6719
result dir : /home/tobeornot8259748/projects/balloon_radar_project/results/experiments/polar_repr_v1_polar6_v4_fold01_seed42_smoke
==================================================================================
预加载 ri8-train: 16 个样本...
  ri8-train: 16/16
预加载 ri8-val: 16 个样本...
  ri8-val: 16/16
预加载 ri8-test: 16 个样本...
  ri8-test: 16/16
==================================================================================
experiment       : polar_repr_v1_ri8_v4_fold01_seed42_smoke
fold / mode      : 1 / ri8
active channels  : ('Re_H', 'Im_H', 'Re_V', 'Im_V', 'relative_ZDR_like', 'local_rho_HV', 'cos_relative_phase', 'sin_relative_phase')
canonical input  : 8 channels
parameters       : 19,793
device / AMP     : cuda / True
dataset sizes    : train=16, val=16, test=16
==================================================================================
Epoch 001/3 | train=1.778115 val=1.328595 | thr=0.92676 Pd=0.0000 Pfa=0.2500 | lr=1.00e-03 | best
Epoch 002/3 | train=1.241018 val=0.963836 | thr=0.69336 Pd=0.0000 Pfa=0.2500 | lr=1.00e-03 | best
Epoch 003/3 | train=0.927647 val=0.809778 | thr=0.51074 Pd=0.0000 Pfa=0.2500 | lr=1.00e-03 | best

==================================================================================
best epoch : 3
threshold  : 0.510742
test       : Pd=0.0000, Pfa=0.8750, FA=7, AUC=0.5547
result dir : /home/tobeornot8259748/projects/balloon_radar_project/results/experiments/polar_repr_v1_ri8_v4_fold01_seed42_smoke
==================================================================================
预加载 power2-train: 16 个样本...
  power2-train: 16/16
预加载 power2-val: 16 个样本...
  power2-val: 16/16
预加载 power2-test: 16 个样本...
  power2-test: 16/16
==================================================================================
experiment       : polar_repr_v1_power2_v4_fold04_seed42_smoke
fold / mode      : 4 / power2
active channels  : ('H_power', 'V_power')
canonical input  : 8 channels
parameters       : 19,793
device / AMP     : cuda / True
dataset sizes    : train=16, val=16, test=16
==================================================================================
Epoch 001/3 | train=1.754263 val=1.265514 | thr=0.58594 Pd=0.0000 Pfa=0.2500 | lr=1.00e-03 | best
Epoch 002/3 | train=1.196157 val=0.987158 | thr=0.57129 Pd=0.0000 Pfa=0.1250 | lr=1.00e-03 | best
Epoch 003/3 | train=0.953178 val=0.838418 | thr=0.55029 Pd=0.0000 Pfa=0.1250 | lr=1.00e-03 | best

==================================================================================
best epoch : 3
threshold  : 0.550293
test       : Pd=0.0000, Pfa=0.1250, FA=1, AUC=0.4297
result dir : /home/tobeornot8259748/projects/balloon_radar_project/results/experiments/polar_repr_v1_power2_v4_fold04_seed42_smoke
==================================================================================
预加载 ri4-train: 16 个样本...
  ri4-train: 16/16
预加载 ri4-val: 16 个样本...
  ri4-val: 16/16
预加载 ri4-test: 16 个样本...
  ri4-test: 16/16
==================================================================================
experiment       : polar_repr_v1_ri4_v4_fold04_seed42_smoke
fold / mode      : 4 / ri4
active channels  : ('Re_H', 'Im_H', 'Re_V', 'Im_V')
canonical input  : 8 channels
parameters       : 19,793
device / AMP     : cuda / True
dataset sizes    : train=16, val=16, test=16
==================================================================================
Epoch 001/3 | train=1.672227 val=1.571916 | thr=0.99805 Pd=0.0000 Pfa=0.1250 | lr=1.00e-03 | best
Epoch 002/3 | train=1.542093 val=1.410072 | thr=0.97607 Pd=0.0000 Pfa=0.1250 | lr=1.00e-03 | best
Epoch 003/3 | train=1.381952 val=1.218666 | thr=0.90137 Pd=0.0000 Pfa=0.2500 | lr=1.00e-03

==================================================================================
best epoch : 2
threshold  : 0.976074
test       : Pd=0.0000, Pfa=0.6250, FA=5, AUC=0.6562
result dir : /home/tobeornot8259748/projects/balloon_radar_project/results/experiments/polar_repr_v1_ri4_v4_fold04_seed42_smoke
==================================================================================
预加载 polar6-train: 16 个样本...
  polar6-train: 16/16
预加载 polar6-val: 16 个样本...
  polar6-val: 16/16
预加载 polar6-test: 16 个样本...
  polar6-test: 16/16
==================================================================================
experiment       : polar_repr_v1_polar6_v4_fold04_seed42_smoke
fold / mode      : 4 / polar6
active channels  : ('H_power', 'V_power', 'relative_ZDR_like', 'local_rho_HV', 'cos_relative_phase', 'sin_relative_phase')
canonical input  : 8 channels
parameters       : 19,793
device / AMP     : cuda / True
dataset sizes    : train=16, val=16, test=16
==================================================================================
Epoch 001/3 | train=1.736414 val=1.250072 | thr=0.73340 Pd=0.0000 Pfa=0.2500 | lr=1.00e-03 | best
Epoch 002/3 | train=1.156836 val=0.885671 | thr=0.57568 Pd=0.0000 Pfa=0.2500 | lr=1.00e-03 | best
Epoch 003/3 | train=0.860057 val=0.771112 | thr=0.52441 Pd=0.0000 Pfa=0.2500 | lr=1.00e-03 | best

==================================================================================
best epoch : 3
threshold  : 0.524414
test       : Pd=0.0000, Pfa=0.1250, FA=1, AUC=0.6484
result dir : /home/tobeornot8259748/projects/balloon_radar_project/results/experiments/polar_repr_v1_polar6_v4_fold04_seed42_smoke
==================================================================================
预加载 ri8-train: 16 个样本...
  ri8-train: 16/16
预加载 ri8-val: 16 个样本...
  ri8-val: 16/16
预加载 ri8-test: 16 个样本...
  ri8-test: 16/16
==================================================================================
experiment       : polar_repr_v1_ri8_v4_fold04_seed42_smoke
fold / mode      : 4 / ri8
active channels  : ('Re_H', 'Im_H', 'Re_V', 'Im_V', 'relative_ZDR_like', 'local_rho_HV', 'cos_relative_phase', 'sin_relative_phase')
canonical input  : 8 channels
parameters       : 19,793
device / AMP     : cuda / True
dataset sizes    : train=16, val=16, test=16
==================================================================================
Epoch 001/3 | train=1.757213 val=1.320878 | thr=0.92383 Pd=0.0000 Pfa=0.2500 | lr=1.00e-03 | best
Epoch 002/3 | train=1.229800 val=0.957043 | thr=0.71094 Pd=0.0000 Pfa=0.2500 | lr=1.00e-03 | best
Epoch 003/3 | train=0.918069 val=0.806373 | thr=0.51855 Pd=0.0000 Pfa=0.2500 | lr=1.00e-03 | best

==================================================================================
best epoch : 3
threshold  : 0.518555
test       : Pd=0.0000, Pfa=1.0000, FA=8, AUC=0.5469
result dir : /home/tobeornot8259748/projects/balloon_radar_project/results/experiments/polar_repr_v1_ri8_v4_fold04_seed42_smoke
==================================================================================
==================================================================================
representation summary (smoke)
found   : 8
missing : 0
detail  : /home/tobeornot8259748/projects/balloon_radar_project/results/data_audit/polarimetric_representation_benchmark_v1/representation_detail_smoke.csv
aggregate: /home/tobeornot8259748/projects/balloon_radar_project/results/data_audit/polarimetric_representation_benchmark_v1/representation_aggregate_smoke.csv
==================================================================================

====================================================================================================
COMMAND:
/home/tobeornot8259748/miniforge3/envs/radar-torch/bin/python training/train_polarimetric_representation_fcn.py --name polar_repr_v1_power2_v4_fold01_seed42_smoke --manifest-path /home/tobeornot8259748/projects/balloon_radar_project/results/data_audit/dataset_v4_multifold/fold_01_manifest.csv --input-mode power2 --dataset-version V4 --fold-id 1 --epochs 3 --batch-size 8 --num-workers 0 --seed 42 --debug-per-class 8
====================================================================================================

====================================================================================================
COMMAND:
/home/tobeornot8259748/miniforge3/envs/radar-torch/bin/python training/train_polarimetric_representation_fcn.py --name polar_repr_v1_ri4_v4_fold01_seed42_smoke --manifest-path /home/tobeornot8259748/projects/balloon_radar_project/results/data_audit/dataset_v4_multifold/fold_01_manifest.csv --input-mode ri4 --dataset-version V4 --fold-id 1 --epochs 3 --batch-size 8 --num-workers 0 --seed 42 --debug-per-class 8
====================================================================================================

====================================================================================================
COMMAND:
/home/tobeornot8259748/miniforge3/envs/radar-torch/bin/python training/train_polarimetric_representation_fcn.py --name polar_repr_v1_polar6_v4_fold01_seed42_smoke --manifest-path /home/tobeornot8259748/projects/balloon_radar_project/results/data_audit/dataset_v4_multifold/fold_01_manifest.csv --input-mode polar6 --dataset-version V4 --fold-id 1 --epochs 3 --batch-size 8 --num-workers 0 --seed 42 --debug-per-class 8
====================================================================================================

====================================================================================================
COMMAND:
/home/tobeornot8259748/miniforge3/envs/radar-torch/bin/python training/train_polarimetric_representation_fcn.py --name polar_repr_v1_ri8_v4_fold01_seed42_smoke --manifest-path /home/tobeornot8259748/projects/balloon_radar_project/results/data_audit/dataset_v4_multifold/fold_01_manifest.csv --input-mode ri8 --dataset-version V4 --fold-id 1 --epochs 3 --batch-size 8 --num-workers 0 --seed 42 --debug-per-class 8
====================================================================================================

====================================================================================================
COMMAND:
/home/tobeornot8259748/miniforge3/envs/radar-torch/bin/python training/train_polarimetric_representation_fcn.py --name polar_repr_v1_power2_v4_fold04_seed42_smoke --manifest-path /home/tobeornot8259748/projects/balloon_radar_project/results/data_audit/dataset_v4_multifold/fold_04_manifest.csv --input-mode power2 --dataset-version V4 --fold-id 4 --epochs 3 --batch-size 8 --num-workers 0 --seed 42 --debug-per-class 8
====================================================================================================

====================================================================================================
COMMAND:
/home/tobeornot8259748/miniforge3/envs/radar-torch/bin/python training/train_polarimetric_representation_fcn.py --name polar_repr_v1_ri4_v4_fold04_seed42_smoke --manifest-path /home/tobeornot8259748/projects/balloon_radar_project/results/data_audit/dataset_v4_multifold/fold_04_manifest.csv --input-mode ri4 --dataset-version V4 --fold-id 4 --epochs 3 --batch-size 8 --num-workers 0 --seed 42 --debug-per-class 8
====================================================================================================

====================================================================================================
COMMAND:
/home/tobeornot8259748/miniforge3/envs/radar-torch/bin/python training/train_polarimetric_representation_fcn.py --name polar_repr_v1_polar6_v4_fold04_seed42_smoke --manifest-path /home/tobeornot8259748/projects/balloon_radar_project/results/data_audit/dataset_v4_multifold/fold_04_manifest.csv --input-mode polar6 --dataset-version V4 --fold-id 4 --epochs 3 --batch-size 8 --num-workers 0 --seed 42 --debug-per-class 8
====================================================================================================

====================================================================================================
COMMAND:
/home/tobeornot8259748/miniforge3/envs/radar-torch/bin/python training/train_polarimetric_representation_fcn.py --name polar_repr_v1_ri8_v4_fold04_seed42_smoke --manifest-path /home/tobeornot8259748/projects/balloon_radar_project/results/data_audit/dataset_v4_multifold/fold_04_manifest.csv --input-mode ri8 --dataset-version V4 --fold-id 4 --epochs 3 --batch-size 8 --num-workers 0 --seed 42 --debug-per-class 8
====================================================================================================

====================================================================================================
COMMAND:
/home/tobeornot8259748/miniforge3/envs/radar-torch/bin/python scripts/summarize_polarimetric_representation_benchmark_v1.py --folds 1 4 --modes power2 ri4 polar6 ri8 --scope smoke --require-all
====================================================================================================
