===== V1 验证—测试分数迁移诊断 =====
==================================================================================
polarimetric score-shift audit
found   : 8
missing : 0
output  : /home/tobeornot8259748/projects/balloon_radar_project/results/data_audit/polarimetric_score_shift_audit_v1
==================================================================================
===== 显式极化通道稳定性审计 =====
==================================================================================
polarimetric channel audit
samples : 192
output  : /home/tobeornot8259748/projects/balloon_radar_project/results/data_audit/polarimetric_channel_audit_v1
==================================================================================
===== 门控表征管线测试 =====
{
  "status": "PASS",
  "manifest_path": "results/data_audit/dataset_v4_multifold/fold_01_manifest.csv",
  "modes": [
    {
      "mode": "power2",
      "shape": [
        8,
        128,
        100
      ],
      "finite": true,
      "minimum": 0.0,
      "maximum": 1.0,
      "active_channels": [
        "H_power",
        "V_power"
      ]
    },
    {
      "mode": "ri4",
      "shape": [
        8,
        128,
        100
      ],
      "finite": true,
      "minimum": -1.0,
      "maximum": 1.0,
      "active_channels": [
        "Re_H",
        "Im_H",
        "Re_V",
        "Im_V"
      ]
    },
    {
      "mode": "polar6_gated",
      "shape": [
        8,
        128,
        100
      ],
      "finite": true,
      "minimum": -0.8325252532958984,
      "maximum": 1.0,
      "active_channels": [
        "H_power",
        "V_power",
        "gated_relative_ZDR_like",
        "gated_local_rho_HV",
        "gated_cos_relative_phase",
        "gated_sin_relative_phase"
      ]
    },
    {
      "mode": "ri8_gated",
      "shape": [
        8,
        128,
        100
      ],
      "finite": true,
      "minimum": -1.0,
      "maximum": 1.0,
      "active_channels": [
        "Re_H",
        "Im_H",
        "Re_V",
        "Im_V",
        "gated_relative_ZDR_like",
        "gated_local_rho_HV",
        "gated_cos_relative_phase",
        "gated_sin_relative_phase"
      ]
    }
  ],
  "same_architecture": true,
  "parameter_count": 19793,
  "invariants": {
    "power2_preserved_in_polar6_gated": true,
    "ri4_preserved_in_ri8_gated": true,
    "gated_channels_bounded": true,
    "sample_independent": true,
    "scan_context": false
  }
}
written: /home/tobeornot8259748/projects/balloon_radar_project/results/data_audit/polarimetric_gated_pipeline_v2/pipeline_test.json
===== Fold 1、Fold 4 门控表征 smoke =====
预加载 power2-train: 16 个样本...
  power2-train: 16/16
预加载 power2-val: 16 个样本...
  power2-val: 16/16
预加载 power2-test: 16 个样本...
  power2-test: 16/16
==================================================================================
experiment       : polar_repr_v2_power2_v4_fold01_seed42_smoke
fold / mode      : 1 / power2
active channels  : ('H_power', 'V_power')
canonical input  : 8 channels
parameters       : 19,793
device / AMP     : cuda / True
dataset sizes    : train=16, val=16, test=16
==================================================================================
Epoch 001/3 | train=1.753688 val=1.258779 | thr=0.58691 Pd=0.0000 Pfa=0.1250 | lr=1.00e-03 | best
Epoch 002/3 | train=1.189706 val=0.960421 | thr=0.57471 Pd=0.0000 Pfa=0.1250 | lr=1.00e-03 | best
Epoch 003/3 | train=0.925410 val=0.819642 | thr=0.55176 Pd=0.0000 Pfa=0.2500 | lr=1.00e-03

==================================================================================
best epoch : 2
threshold  : 0.574707
test       : Pd=0.0000, Pfa=0.2500, FA=2, AUC=0.5078
result dir : /home/tobeornot8259748/projects/balloon_radar_project/results/experiments/polar_repr_v2_power2_v4_fold01_seed42_smoke
==================================================================================
预加载 ri4-train: 16 个样本...
  ri4-train: 16/16
预加载 ri4-val: 16 个样本...
  ri4-val: 16/16
预加载 ri4-test: 16 个样本...
  ri4-test: 16/16
==================================================================================
experiment       : polar_repr_v2_ri4_v4_fold01_seed42_smoke
fold / mode      : 1 / ri4
active channels  : ('Re_H', 'Im_H', 'Re_V', 'Im_V')
canonical input  : 8 channels
parameters       : 19,793
device / AMP     : cuda / True
dataset sizes    : train=16, val=16, test=16
==================================================================================
Epoch 001/3 | train=1.674495 val=1.573310 | thr=0.99707 Pd=0.0000 Pfa=0.2500 | lr=1.00e-03 | best
Epoch 002/3 | train=1.547021 val=1.413063 | thr=0.95752 Pd=0.0000 Pfa=0.2500 | lr=1.00e-03 | best
Epoch 003/3 | train=1.392328 val=1.230402 | thr=0.80518 Pd=0.0000 Pfa=0.2500 | lr=1.00e-03 | best

==================================================================================
best epoch : 3
threshold  : 0.805176
test       : Pd=0.0000, Pfa=1.0000, FA=8, AUC=0.5312
result dir : /home/tobeornot8259748/projects/balloon_radar_project/results/experiments/polar_repr_v2_ri4_v4_fold01_seed42_smoke
==================================================================================
预加载 polar6_gated-train: 16 个样本...
  polar6_gated-train: 16/16
预加载 polar6_gated-val: 16 个样本...
  polar6_gated-val: 16/16
预加载 polar6_gated-test: 16 个样本...
  polar6_gated-test: 16/16
==================================================================================
experiment       : polar_repr_v2_polar6_gated_v4_fold01_seed42_smoke
fold / mode      : 1 / polar6_gated
active channels  : ('H_power', 'V_power', 'gated_relative_ZDR_like', 'gated_local_rho_HV', 'gated_cos_relative_phase', 'gated_sin_relative_phase')
canonical input  : 8 channels
parameters       : 19,793
device / AMP     : cuda / True
dataset sizes    : train=16, val=16, test=16
==================================================================================
Epoch 001/3 | train=1.805127 val=1.258723 | thr=0.80664 Pd=0.0000 Pfa=0.2500 | lr=1.00e-03 | best
Epoch 002/3 | train=1.183060 val=0.913995 | thr=0.58838 Pd=0.0000 Pfa=0.2500 | lr=1.00e-03 | best
Epoch 003/3 | train=0.881949 val=0.787933 | thr=0.54688 Pd=0.0000 Pfa=0.2500 | lr=1.00e-03 | best

==================================================================================
best epoch : 3
threshold  : 0.546875
test       : Pd=0.0000, Pfa=0.0000, FA=0, AUC=0.4297
result dir : /home/tobeornot8259748/projects/balloon_radar_project/results/experiments/polar_repr_v2_polar6_gated_v4_fold01_seed42_smoke
==================================================================================
预加载 ri8_gated-train: 16 个样本...
  ri8_gated-train: 16/16
预加载 ri8_gated-val: 16 个样本...
  ri8_gated-val: 16/16
预加载 ri8_gated-test: 16 个样本...
  ri8_gated-test: 16/16
==================================================================================
experiment       : polar_repr_v2_ri8_gated_v4_fold01_seed42_smoke
fold / mode      : 1 / ri8_gated
active channels  : ('Re_H', 'Im_H', 'Re_V', 'Im_V', 'gated_relative_ZDR_like', 'gated_local_rho_HV', 'gated_cos_relative_phase', 'gated_sin_relative_phase')
canonical input  : 8 channels
parameters       : 19,793
device / AMP     : cuda / True
dataset sizes    : train=16, val=16, test=16
==================================================================================
Epoch 001/3 | train=1.679058 val=1.567538 | thr=0.99170 Pd=0.0000 Pfa=0.2500 | lr=1.00e-03 | best
Epoch 002/3 | train=1.537031 val=1.405055 | thr=0.95508 Pd=0.0000 Pfa=0.2500 | lr=1.00e-03 | best
Epoch 003/3 | train=1.382382 val=1.214898 | thr=0.91602 Pd=0.0000 Pfa=0.2500 | lr=1.00e-03 | best

==================================================================================
best epoch : 3
threshold  : 0.916016
test       : Pd=0.0000, Pfa=0.7500, FA=6, AUC=0.6016
result dir : /home/tobeornot8259748/projects/balloon_radar_project/results/experiments/polar_repr_v2_ri8_gated_v4_fold01_seed42_smoke
==================================================================================
预加载 power2-train: 16 个样本...
  power2-train: 16/16
预加载 power2-val: 16 个样本...
  power2-val: 16/16
预加载 power2-test: 16 个样本...
  power2-test: 16/16
==================================================================================
experiment       : polar_repr_v2_power2_v4_fold04_seed42_smoke
fold / mode      : 4 / power2
active channels  : ('H_power', 'V_power')
canonical input  : 8 channels
parameters       : 19,793
device / AMP     : cuda / True
dataset sizes    : train=16, val=16, test=16
==================================================================================
Epoch 001/3 | train=1.754263 val=1.265514 | thr=0.58594 Pd=0.0000 Pfa=0.2500 | lr=1.00e-03 | best
Epoch 002/3 | train=1.196157 val=0.987158 | thr=0.57129 Pd=0.0000 Pfa=0.1250 | lr=1.00e-03 | best
Epoch 003/3 | train=0.953178 val=0.838418 | thr=0.55029 Pd=0.0000 Pfa=0.1250 | lr=1.00e-03 | best

==================================================================================
best epoch : 3
threshold  : 0.550293
test       : Pd=0.0000, Pfa=0.1250, FA=1, AUC=0.4297
result dir : /home/tobeornot8259748/projects/balloon_radar_project/results/experiments/polar_repr_v2_power2_v4_fold04_seed42_smoke
==================================================================================
预加载 ri4-train: 16 个样本...
  ri4-train: 16/16
预加载 ri4-val: 16 个样本...
  ri4-val: 16/16
预加载 ri4-test: 16 个样本...
  ri4-test: 16/16
==================================================================================
experiment       : polar_repr_v2_ri4_v4_fold04_seed42_smoke
fold / mode      : 4 / ri4
active channels  : ('Re_H', 'Im_H', 'Re_V', 'Im_V')
canonical input  : 8 channels
parameters       : 19,793
device / AMP     : cuda / True
dataset sizes    : train=16, val=16, test=16
==================================================================================
Epoch 001/3 | train=1.672227 val=1.571916 | thr=0.99805 Pd=0.0000 Pfa=0.1250 | lr=1.00e-03 | best
Epoch 002/3 | train=1.542093 val=1.410072 | thr=0.97607 Pd=0.0000 Pfa=0.1250 | lr=1.00e-03 | best
Epoch 003/3 | train=1.381952 val=1.218666 | thr=0.90137 Pd=0.0000 Pfa=0.2500 | lr=1.00e-03

==================================================================================
best epoch : 2
threshold  : 0.976074
test       : Pd=0.0000, Pfa=0.6250, FA=5, AUC=0.6562
result dir : /home/tobeornot8259748/projects/balloon_radar_project/results/experiments/polar_repr_v2_ri4_v4_fold04_seed42_smoke
==================================================================================
预加载 polar6_gated-train: 16 个样本...
  polar6_gated-train: 16/16
预加载 polar6_gated-val: 16 个样本...
  polar6_gated-val: 16/16
预加载 polar6_gated-test: 16 个样本...
  polar6_gated-test: 16/16
==================================================================================
experiment       : polar_repr_v2_polar6_gated_v4_fold04_seed42_smoke
fold / mode      : 4 / polar6_gated
active channels  : ('H_power', 'V_power', 'gated_relative_ZDR_like', 'gated_local_rho_HV', 'gated_cos_relative_phase', 'gated_sin_relative_phase')
canonical input  : 8 channels
parameters       : 19,793
device / AMP     : cuda / True
dataset sizes    : train=16, val=16, test=16
==================================================================================
Epoch 001/3 | train=1.803609 val=1.258319 | thr=0.83203 Pd=0.0000 Pfa=0.2500 | lr=1.00e-03 | best
Epoch 002/3 | train=1.179358 val=0.923648 | thr=0.63867 Pd=0.0000 Pfa=0.2500 | lr=1.00e-03 | best
Epoch 003/3 | train=0.885825 val=0.787562 | thr=0.54785 Pd=0.0000 Pfa=0.2500 | lr=1.00e-03 | best

==================================================================================
best epoch : 3
threshold  : 0.547852
test       : Pd=0.0000, Pfa=0.1250, FA=1, AUC=0.3516
result dir : /home/tobeornot8259748/projects/balloon_radar_project/results/experiments/polar_repr_v2_polar6_gated_v4_fold04_seed42_smoke
==================================================================================
预加载 ri8_gated-train: 16 个样本...
  ri8_gated-train: 16/16
预加载 ri8_gated-val: 16 个样本...
  ri8_gated-val: 16/16
预加载 ri8_gated-test: 16 个样本...
  ri8_gated-test: 16/16
==================================================================================
experiment       : polar_repr_v2_ri8_gated_v4_fold04_seed42_smoke
fold / mode      : 4 / ri8_gated
active channels  : ('Re_H', 'Im_H', 'Re_V', 'Im_V', 'gated_relative_ZDR_like', 'gated_local_rho_HV', 'gated_cos_relative_phase', 'gated_sin_relative_phase')
canonical input  : 8 channels
parameters       : 19,793
device / AMP     : cuda / True
dataset sizes    : train=16, val=16, test=16
==================================================================================
Epoch 001/3 | train=1.677786 val=1.565119 | thr=0.99121 Pd=0.0000 Pfa=0.2500 | lr=1.00e-03 | best
Epoch 002/3 | train=1.531474 val=1.397032 | thr=0.91699 Pd=0.0000 Pfa=0.2500 | lr=1.00e-03 | best
Epoch 003/3 | train=1.363490 val=1.194993 | thr=0.85449 Pd=0.0000 Pfa=0.2500 | lr=1.00e-03 | best

==================================================================================
best epoch : 3
threshold  : 0.854492
test       : Pd=0.0000, Pfa=1.0000, FA=8, AUC=0.5391
result dir : /home/tobeornot8259748/projects/balloon_radar_project/results/experiments/polar_repr_v2_ri8_gated_v4_fold04_seed42_smoke
==================================================================================
==================================================================================
representation summary (smoke)
found   : 8
missing : 0
detail  : /home/tobeornot8259748/projects/balloon_radar_project/results/data_audit/polarimetric_representation_benchmark_v2/representation_detail_smoke.csv
aggregate: /home/tobeornot8259748/projects/balloon_radar_project/results/data_audit/polarimetric_representation_benchmark_v2/representation_aggregate_smoke.csv
==================================================================================

====================================================================================================
COMMAND:
/home/tobeornot8259748/miniforge3/envs/radar-torch/bin/python training/train_polarimetric_representation_fcn_v2.py --name polar_repr_v2_power2_v4_fold01_seed42_smoke --manifest-path /home/tobeornot8259748/projects/balloon_radar_project/results/data_audit/dataset_v4_multifold/fold_01_manifest.csv --input-mode power2 --dataset-version V4 --fold-id 1 --epochs 3 --batch-size 8 --num-workers 0 --gate-low-percentile 50.0 --gate-high-percentile 99.0 --gate-gamma 1.5 --seed 42 --debug-per-class 8
====================================================================================================

====================================================================================================
COMMAND:
/home/tobeornot8259748/miniforge3/envs/radar-torch/bin/python training/train_polarimetric_representation_fcn_v2.py --name polar_repr_v2_ri4_v4_fold01_seed42_smoke --manifest-path /home/tobeornot8259748/projects/balloon_radar_project/results/data_audit/dataset_v4_multifold/fold_01_manifest.csv --input-mode ri4 --dataset-version V4 --fold-id 1 --epochs 3 --batch-size 8 --num-workers 0 --gate-low-percentile 50.0 --gate-high-percentile 99.0 --gate-gamma 1.5 --seed 42 --debug-per-class 8
====================================================================================================

====================================================================================================
COMMAND:
/home/tobeornot8259748/miniforge3/envs/radar-torch/bin/python training/train_polarimetric_representation_fcn_v2.py --name polar_repr_v2_polar6_gated_v4_fold01_seed42_smoke --manifest-path /home/tobeornot8259748/projects/balloon_radar_project/results/data_audit/dataset_v4_multifold/fold_01_manifest.csv --input-mode polar6_gated --dataset-version V4 --fold-id 1 --epochs 3 --batch-size 8 --num-workers 0 --gate-low-percentile 50.0 --gate-high-percentile 99.0 --gate-gamma 1.5 --seed 42 --debug-per-class 8
====================================================================================================

====================================================================================================
COMMAND:
/home/tobeornot8259748/miniforge3/envs/radar-torch/bin/python training/train_polarimetric_representation_fcn_v2.py --name polar_repr_v2_ri8_gated_v4_fold01_seed42_smoke --manifest-path /home/tobeornot8259748/projects/balloon_radar_project/results/data_audit/dataset_v4_multifold/fold_01_manifest.csv --input-mode ri8_gated --dataset-version V4 --fold-id 1 --epochs 3 --batch-size 8 --num-workers 0 --gate-low-percentile 50.0 --gate-high-percentile 99.0 --gate-gamma 1.5 --seed 42 --debug-per-class 8
====================================================================================================

====================================================================================================
COMMAND:
/home/tobeornot8259748/miniforge3/envs/radar-torch/bin/python training/train_polarimetric_representation_fcn_v2.py --name polar_repr_v2_power2_v4_fold04_seed42_smoke --manifest-path /home/tobeornot8259748/projects/balloon_radar_project/results/data_audit/dataset_v4_multifold/fold_04_manifest.csv --input-mode power2 --dataset-version V4 --fold-id 4 --epochs 3 --batch-size 8 --num-workers 0 --gate-low-percentile 50.0 --gate-high-percentile 99.0 --gate-gamma 1.5 --seed 42 --debug-per-class 8
====================================================================================================

====================================================================================================
COMMAND:
/home/tobeornot8259748/miniforge3/envs/radar-torch/bin/python training/train_polarimetric_representation_fcn_v2.py --name polar_repr_v2_ri4_v4_fold04_seed42_smoke --manifest-path /home/tobeornot8259748/projects/balloon_radar_project/results/data_audit/dataset_v4_multifold/fold_04_manifest.csv --input-mode ri4 --dataset-version V4 --fold-id 4 --epochs 3 --batch-size 8 --num-workers 0 --gate-low-percentile 50.0 --gate-high-percentile 99.0 --gate-gamma 1.5 --seed 42 --debug-per-class 8
====================================================================================================

====================================================================================================
COMMAND:
/home/tobeornot8259748/miniforge3/envs/radar-torch/bin/python training/train_polarimetric_representation_fcn_v2.py --name polar_repr_v2_polar6_gated_v4_fold04_seed42_smoke --manifest-path /home/tobeornot8259748/projects/balloon_radar_project/results/data_audit/dataset_v4_multifold/fold_04_manifest.csv --input-mode polar6_gated --dataset-version V4 --fold-id 4 --epochs 3 --batch-size 8 --num-workers 0 --gate-low-percentile 50.0 --gate-high-percentile 99.0 --gate-gamma 1.5 --seed 42 --debug-per-class 8
====================================================================================================

====================================================================================================
COMMAND:
/home/tobeornot8259748/miniforge3/envs/radar-torch/bin/python training/train_polarimetric_representation_fcn_v2.py --name polar_repr_v2_ri8_gated_v4_fold04_seed42_smoke --manifest-path /home/tobeornot8259748/projects/balloon_radar_project/results/data_audit/dataset_v4_multifold/fold_04_manifest.csv --input-mode ri8_gated --dataset-version V4 --fold-id 4 --epochs 3 --batch-size 8 --num-workers 0 --gate-low-percentile 50.0 --gate-high-percentile 99.0 --gate-gamma 1.5 --seed 42 --debug-per-class 8
====================================================================================================

====================================================================================================
COMMAND:
/home/tobeornot8259748/miniforge3/envs/radar-torch/bin/python scripts/summarize_polarimetric_representation_benchmark_v2.py --folds 1 4 --modes power2 ri4 polar6_gated ri8_gated --scope smoke --require-all
====================================================================================================
