==============================================================================
极化门控两折最终分析包：安装、校验与复用 V1
project_root : /home/tobeornot8259748/projects/balloon_radar_project
analysis_dir : /home/tobeornot8259748/projects/balloon_radar_project/results/data_audit/polarimetric_twofold_diagnostics_final_analysis_v1
INSTALLED /home/tobeornot8259748/projects/balloon_radar_project/results/data_audit/polarimetric_twofold_diagnostics_final_analysis_v1/background_false_alarm_overlap.csv
INSTALLED /home/tobeornot8259748/projects/balloon_radar_project/results/data_audit/polarimetric_twofold_diagnostics_final_analysis_v1/threshold_transfer_detail.csv
INSTALLED /home/tobeornot8259748/projects/balloon_radar_project/results/data_audit/polarimetric_twofold_diagnostics_final_analysis_v1/fixed_threshold_detail.csv
INSTALLED /home/tobeornot8259748/projects/balloon_radar_project/results/data_audit/polarimetric_twofold_diagnostics_final_analysis_v1/low_fpr_detail.csv
INSTALLED /home/tobeornot8259748/projects/balloon_radar_project/results/data_audit/polarimetric_twofold_diagnostics_final_analysis_v1/fixed_threshold_macro.csv
INSTALLED /home/tobeornot8259748/projects/balloon_radar_project/results/data_audit/polarimetric_twofold_diagnostics_final_analysis_v1/threshold_transfer_macro.csv
INSTALLED /home/tobeornot8259748/projects/balloon_radar_project/results/data_audit/polarimetric_twofold_diagnostics_final_analysis_v1/target_scan_group_metrics.csv
INSTALLED /home/tobeornot8259748/projects/balloon_radar_project/results/data_audit/polarimetric_twofold_diagnostics_final_analysis_v1/score_distribution_quantiles.csv
INSTALLED /home/tobeornot8259748/projects/balloon_radar_project/results/data_audit/polarimetric_twofold_diagnostics_final_analysis_v1/low_fpr_macro.csv
INSTALLED /home/tobeornot8259748/projects/balloon_radar_project/results/data_audit/polarimetric_twofold_diagnostics_final_analysis_v1/target_failure_breakdown.csv
INSTALLED /home/tobeornot8259748/projects/balloon_radar_project/results/data_audit/polarimetric_twofold_diagnostics_final_analysis_v1/README_极化门控两折正式诊断最终分析.md
------------------------------------------------------------------------------
required : 11
found    : 11
status   : PASS
结论文件 : /home/tobeornot8259748/projects/balloon_radar_project/docs/polarimetric_stage3/STAGE3_FROZEN_CONCLUSION.md
接口文件 : /home/tobeornot8259748/projects/balloon_radar_project/docs/polarimetric_stage3/NEXT_STAGE_ROI_POLARIMETRIC_INTERFACE.md
验收包   : /home/tobeornot8259748/projects/balloon_radar_project/polarimetric_final_analysis_usage_acceptance_v1.zip
==============================================================================
