预加载 power2-train: 742 个样本...
  power2-train: 200/742
  power2-train: 400/742
  power2-train: 600/742
  power2-train: 742/742
预加载 power2-val: 203 个样本...
  power2-val: 200/203
  power2-val: 203/203
预加载 power2-test: 203 个样本...
  power2-test: 200/203
  power2-test: 203/203
==================================================================================
experiment       : polar_repr_v2_power2_v4_fold01_seed42_formal
fold / mode      : 1 / power2
active channels  : ('H_power', 'V_power')
canonical input  : 8 channels
parameters       : 19,793
device / AMP     : cuda / True
dataset sizes    : train=742, val=203, test=203
==================================================================================
Epoch 001/100 | train=0.324230 val=0.140527 | thr=0.36572 Pd=0.0000 Pfa=0.0133 | lr=1.00e-03 | best
Epoch 002/100 | train=0.097562 val=0.058292 | thr=0.17969 Pd=0.0000 Pfa=0.0067 | lr=1.00e-03 | best
Epoch 003/100 | train=0.047644 val=0.034605 | thr=0.13818 Pd=0.0000 Pfa=0.0133 | lr=1.00e-03
Epoch 004/100 | train=0.031136 val=0.024891 | thr=0.10858 Pd=0.0000 Pfa=0.0133 | lr=1.00e-03
Epoch 005/100 | train=0.024377 val=0.020735 | thr=0.09515 Pd=0.0000 Pfa=0.0133 | lr=1.00e-03
Epoch 006/100 | train=0.021269 val=0.018734 | thr=0.08447 Pd=0.0000 Pfa=0.0067 | lr=1.00e-03 | best
Epoch 007/100 | train=0.019668 val=0.017638 | thr=0.07147 Pd=0.0000 Pfa=0.0133 | lr=1.00e-03
Epoch 008/100 | train=0.018758 val=0.017009 | thr=0.07990 Pd=0.0000 Pfa=0.0133 | lr=1.00e-03
Epoch 009/100 | train=0.018188 val=0.016531 | thr=0.05551 Pd=0.0000 Pfa=0.0133 | lr=1.00e-03
Epoch 010/100 | train=0.017804 val=0.016228 | thr=0.08600 Pd=0.0000 Pfa=0.0133 | lr=1.00e-03
Epoch 011/100 | train=0.017452 val=0.015836 | thr=0.12476 Pd=0.0000 Pfa=0.0133 | lr=1.00e-03
Epoch 012/100 | train=0.016996 val=0.015224 | thr=0.20642 Pd=0.0000 Pfa=0.0133 | lr=1.00e-03
Epoch 013/100 | train=0.016063 val=0.014576 | thr=0.36182 Pd=0.0566 Pfa=0.0133 | lr=1.00e-03 | best
Epoch 014/100 | train=0.014661 val=0.013275 | thr=0.31055 Pd=0.0755 Pfa=0.0133 | lr=1.00e-03 | best
Epoch 015/100 | train=0.013738 val=0.012561 | thr=0.33203 Pd=0.3962 Pfa=0.0133 | lr=1.00e-03 | best
Epoch 016/100 | train=0.011904 val=0.010636 | thr=0.22437 Pd=0.3774 Pfa=0.0133 | lr=1.00e-03
Epoch 017/100 | train=0.010847 val=0.010300 | thr=0.30786 Pd=0.4906 Pfa=0.0133 | lr=1.00e-03 | best
Epoch 018/100 | train=0.011142 val=0.009750 | thr=0.24475 Pd=0.4717 Pfa=0.0133 | lr=1.00e-03
Epoch 019/100 | train=0.009976 val=0.009307 | thr=0.23315 Pd=0.5660 Pfa=0.0133 | lr=1.00e-03 | best
Epoch 020/100 | train=0.010491 val=0.010859 | thr=0.35107 Pd=0.4717 Pfa=0.0133 | lr=1.00e-03
Epoch 021/100 | train=0.009384 val=0.009266 | thr=0.38525 Pd=0.4906 Pfa=0.0133 | lr=1.00e-03
Epoch 022/100 | train=0.009010 val=0.008628 | thr=0.25562 Pd=0.6226 Pfa=0.0133 | lr=1.00e-03 | best
Epoch 023/100 | train=0.008240 val=0.010172 | thr=0.32642 Pd=0.7925 Pfa=0.0133 | lr=1.00e-03 | best
Epoch 024/100 | train=0.008129 val=0.008363 | thr=0.26221 Pd=0.6981 Pfa=0.0133 | lr=1.00e-03
Epoch 025/100 | train=0.008049 val=0.008352 | thr=0.17004 Pd=0.3962 Pfa=0.0133 | lr=1.00e-03
Epoch 026/100 | train=0.007521 val=0.007353 | thr=0.19421 Pd=0.7736 Pfa=0.0133 | lr=1.00e-03
Epoch 027/100 | train=0.007584 val=0.008225 | thr=0.19214 Pd=0.6792 Pfa=0.0133 | lr=1.00e-03
Epoch 028/100 | train=0.007343 val=0.007324 | thr=0.19116 Pd=0.7170 Pfa=0.0133 | lr=1.00e-03
Epoch 029/100 | train=0.006988 val=0.007315 | thr=0.15027 Pd=0.6981 Pfa=0.0133 | lr=1.00e-03
Epoch 030/100 | train=0.007063 val=0.007214 | thr=0.20813 Pd=0.6792 Pfa=0.0133 | lr=1.00e-03
Epoch 031/100 | train=0.007110 val=0.010849 | thr=0.58350 Pd=0.8113 Pfa=0.0133 | lr=1.00e-03 | best
Epoch 032/100 | train=0.006848 val=0.007238 | thr=0.21973 Pd=0.7358 Pfa=0.0133 | lr=1.00e-03
Epoch 033/100 | train=0.006693 val=0.006805 | thr=0.41968 Pd=0.6415 Pfa=0.0133 | lr=1.00e-03
Epoch 034/100 | train=0.006901 val=0.006990 | thr=0.18567 Pd=0.8113 Pfa=0.0133 | lr=1.00e-03 | best
Epoch 035/100 | train=0.006424 val=0.006740 | thr=0.21326 Pd=0.8679 Pfa=0.0133 | lr=1.00e-03 | best
Epoch 036/100 | train=0.006424 val=0.006891 | thr=0.34204 Pd=0.7170 Pfa=0.0133 | lr=1.00e-03
Epoch 037/100 | train=0.006545 val=0.006960 | thr=0.18835 Pd=0.6415 Pfa=0.0133 | lr=1.00e-03
Epoch 038/100 | train=0.006219 val=0.006584 | thr=0.17920 Pd=0.8113 Pfa=0.0133 | lr=1.00e-03
Epoch 039/100 | train=0.006261 val=0.007013 | thr=0.35449 Pd=0.8868 Pfa=0.0133 | lr=1.00e-03 | best
Epoch 040/100 | train=0.005969 val=0.006530 | thr=0.34180 Pd=0.8491 Pfa=0.0133 | lr=1.00e-03
Epoch 041/100 | train=0.005890 val=0.006723 | thr=0.46875 Pd=0.8491 Pfa=0.0133 | lr=1.00e-03
Epoch 042/100 | train=0.005996 val=0.006977 | thr=0.50293 Pd=0.8679 Pfa=0.0133 | lr=1.00e-03
Epoch 043/100 | train=0.005764 val=0.006080 | thr=0.18555 Pd=0.8679 Pfa=0.0133 | lr=1.00e-03
Epoch 044/100 | train=0.005679 val=0.006391 | thr=0.30786 Pd=0.9245 Pfa=0.0133 | lr=1.00e-03 | best
Epoch 045/100 | train=0.006053 val=0.006424 | thr=0.18518 Pd=0.7358 Pfa=0.0133 | lr=1.00e-03
Epoch 046/100 | train=0.005773 val=0.006418 | thr=0.27100 Pd=0.9057 Pfa=0.0133 | lr=1.00e-03
Epoch 047/100 | train=0.005871 val=0.006273 | thr=0.34302 Pd=0.8679 Pfa=0.0133 | lr=1.00e-03
Epoch 048/100 | train=0.005453 val=0.006086 | thr=0.30664 Pd=0.9057 Pfa=0.0133 | lr=1.00e-03
Epoch 049/100 | train=0.005534 val=0.005880 | thr=0.17676 Pd=0.8868 Pfa=0.0133 | lr=1.00e-03
Epoch 050/100 | train=0.005540 val=0.005949 | thr=0.17944 Pd=0.8491 Pfa=0.0133 | lr=1.00e-03
Epoch 051/100 | train=0.005594 val=0.006081 | thr=0.16992 Pd=0.9057 Pfa=0.0133 | lr=1.00e-03
Epoch 052/100 | train=0.005244 val=0.005841 | thr=0.17480 Pd=0.9057 Pfa=0.0133 | lr=1.00e-03
Epoch 053/100 | train=0.005357 val=0.006545 | thr=0.57471 Pd=0.9057 Pfa=0.0133 | lr=1.00e-03
Epoch 054/100 | train=0.005918 val=0.006382 | thr=0.24597 Pd=0.8868 Pfa=0.0133 | lr=1.00e-03
Epoch 055/100 | train=0.005253 val=0.006039 | thr=0.35107 Pd=0.9245 Pfa=0.0133 | lr=1.00e-03 | best
Epoch 056/100 | train=0.005247 val=0.005953 | thr=0.17480 Pd=0.8868 Pfa=0.0133 | lr=1.00e-03
Epoch 057/100 | train=0.005319 val=0.005677 | thr=0.59131 Pd=0.9057 Pfa=0.0133 | lr=1.00e-03
Epoch 058/100 | train=0.005220 val=0.005949 | thr=0.18701 Pd=0.9057 Pfa=0.0133 | lr=1.00e-03
Epoch 059/100 | train=0.005217 val=0.006564 | thr=0.49390 Pd=0.8868 Pfa=0.0133 | lr=1.00e-03
Epoch 060/100 | train=0.005363 val=0.006381 | thr=0.35522 Pd=0.9057 Pfa=0.0133 | lr=1.00e-03
Epoch 061/100 | train=0.005032 val=0.005692 | thr=0.25244 Pd=0.9057 Pfa=0.0133 | lr=1.00e-03
Epoch 062/100 | train=0.005162 val=0.006121 | thr=0.33325 Pd=0.9057 Pfa=0.0133 | lr=1.00e-03
Epoch 063/100 | train=0.005267 val=0.005871 | thr=0.27832 Pd=0.8868 Pfa=0.0133 | lr=5.00e-04
Epoch 064/100 | train=0.004751 val=0.006064 | thr=0.45239 Pd=0.9245 Pfa=0.0133 | lr=5.00e-04
Epoch 065/100 | train=0.004681 val=0.005494 | thr=0.18994 Pd=0.9057 Pfa=0.0133 | lr=5.00e-04
Epoch 066/100 | train=0.004574 val=0.005785 | thr=0.18384 Pd=0.9245 Pfa=0.0133 | lr=5.00e-04 | best
Epoch 067/100 | train=0.004638 val=0.005584 | thr=0.22656 Pd=0.8868 Pfa=0.0133 | lr=5.00e-04
Epoch 068/100 | train=0.004599 val=0.005805 | thr=0.46191 Pd=0.9057 Pfa=0.0133 | lr=5.00e-04
Epoch 069/100 | train=0.004567 val=0.005476 | thr=0.18555 Pd=0.9057 Pfa=0.0133 | lr=5.00e-04
Epoch 070/100 | train=0.004524 val=0.005745 | thr=0.27563 Pd=0.9057 Pfa=0.0133 | lr=5.00e-04
Epoch 071/100 | train=0.004527 val=0.005440 | thr=0.21619 Pd=0.9057 Pfa=0.0133 | lr=5.00e-04
Epoch 072/100 | train=0.004483 val=0.006052 | thr=0.32983 Pd=0.8868 Pfa=0.0133 | lr=5.00e-04
Epoch 073/100 | train=0.004518 val=0.005716 | thr=0.42847 Pd=0.9057 Pfa=0.0133 | lr=5.00e-04
Epoch 074/100 | train=0.004469 val=0.005677 | thr=0.41846 Pd=0.9057 Pfa=0.0133 | lr=5.00e-04
Epoch 075/100 | train=0.004451 val=0.005548 | thr=0.31079 Pd=0.8679 Pfa=0.0133 | lr=5.00e-04
Epoch 076/100 | train=0.004419 val=0.005432 | thr=0.18506 Pd=0.9057 Pfa=0.0133 | lr=5.00e-04
Epoch 077/100 | train=0.004411 val=0.005661 | thr=0.40039 Pd=0.8679 Pfa=0.0133 | lr=5.00e-04
Epoch 078/100 | train=0.004402 val=0.005798 | thr=0.35645 Pd=0.9057 Pfa=0.0133 | lr=5.00e-04
Epoch 079/100 | train=0.004479 val=0.005455 | thr=0.24377 Pd=0.9057 Pfa=0.0133 | lr=5.00e-04
Epoch 080/100 | train=0.004363 val=0.005736 | thr=0.24658 Pd=0.8868 Pfa=0.0133 | lr=5.00e-04
Epoch 081/100 | train=0.004345 val=0.005916 | thr=0.34351 Pd=0.9057 Pfa=0.0133 | lr=5.00e-04
Epoch 082/100 | train=0.004257 val=0.005530 | thr=0.17871 Pd=0.9057 Pfa=0.0133 | lr=2.50e-04
Epoch 083/100 | train=0.004109 val=0.005222 | thr=0.21704 Pd=0.8868 Pfa=0.0133 | lr=2.50e-04
Epoch 084/100 | train=0.004102 val=0.005467 | thr=0.23914 Pd=0.9057 Pfa=0.0133 | lr=2.50e-04
Epoch 085/100 | train=0.004070 val=0.005379 | thr=0.22119 Pd=0.9057 Pfa=0.0133 | lr=2.50e-04
Epoch 086/100 | train=0.004050 val=0.005351 | thr=0.29443 Pd=0.8868 Pfa=0.0133 | lr=2.50e-04
Early stopping after 20 stale epochs

==================================================================================
best epoch : 66
threshold  : 0.183838
test       : Pd=0.9811, Pfa=1.0000, FA=150, AUC=0.9444
result dir : /home/tobeornot8259748/projects/balloon_radar_project/results/experiments/polar_repr_v2_power2_v4_fold01_seed42_formal
==================================================================================
预加载 ri4-train: 742 个样本...
  ri4-train: 200/742
  ri4-train: 400/742
  ri4-train: 600/742
  ri4-train: 742/742
预加载 ri4-val: 203 个样本...
  ri4-val: 200/203
  ri4-val: 203/203
预加载 ri4-test: 203 个样本...
  ri4-test: 200/203
  ri4-test: 203/203
==================================================================================
experiment       : polar_repr_v2_ri4_v4_fold01_seed42_formal
fold / mode      : 1 / ri4
active channels  : ('Re_H', 'Im_H', 'Re_V', 'Im_V')
canonical input  : 8 channels
parameters       : 19,793
device / AMP     : cuda / True
dataset sizes    : train=742, val=203, test=203
==================================================================================
Epoch 001/100 | train=0.347103 val=0.133820 | thr=0.39746 Pd=0.0000 Pfa=0.0133 | lr=1.00e-03 | best
Epoch 002/100 | train=0.092764 val=0.054525 | thr=0.36914 Pd=0.0566 Pfa=0.0133 | lr=1.00e-03 | best
Epoch 003/100 | train=0.043625 val=0.031682 | thr=0.50537 Pd=0.0566 Pfa=0.0133 | lr=1.00e-03 | best
Epoch 004/100 | train=0.027654 val=0.022980 | thr=0.64990 Pd=0.1132 Pfa=0.0133 | lr=1.00e-03 | best
Epoch 005/100 | train=0.020677 val=0.018318 | thr=0.68164 Pd=0.2453 Pfa=0.0133 | lr=1.00e-03 | best
Epoch 006/100 | train=0.016524 val=0.016150 | thr=0.77051 Pd=0.1698 Pfa=0.0133 | lr=1.00e-03
Epoch 007/100 | train=0.014160 val=0.014329 | thr=0.84033 Pd=0.2453 Pfa=0.0133 | lr=1.00e-03 | best
Epoch 008/100 | train=0.012338 val=0.012742 | thr=0.83105 Pd=0.3208 Pfa=0.0133 | lr=1.00e-03 | best
Epoch 009/100 | train=0.011318 val=0.012043 | thr=0.86816 Pd=0.3208 Pfa=0.0133 | lr=1.00e-03 | best
Epoch 010/100 | train=0.010408 val=0.012074 | thr=0.89307 Pd=0.3019 Pfa=0.0133 | lr=1.00e-03
Epoch 011/100 | train=0.009724 val=0.010766 | thr=0.88232 Pd=0.4717 Pfa=0.0133 | lr=1.00e-03 | best
Epoch 012/100 | train=0.009329 val=0.009919 | thr=0.83252 Pd=0.3774 Pfa=0.0133 | lr=1.00e-03
Epoch 013/100 | train=0.009035 val=0.009927 | thr=0.77051 Pd=0.4151 Pfa=0.0133 | lr=1.00e-03
Epoch 014/100 | train=0.008468 val=0.010052 | thr=0.86914 Pd=0.4340 Pfa=0.0133 | lr=1.00e-03
Epoch 015/100 | train=0.008520 val=0.010746 | thr=0.93213 Pd=0.2453 Pfa=0.0133 | lr=1.00e-03
Epoch 016/100 | train=0.008015 val=0.009170 | thr=0.85645 Pd=0.3962 Pfa=0.0133 | lr=1.00e-03
Epoch 017/100 | train=0.007922 val=0.009554 | thr=0.80420 Pd=0.4340 Pfa=0.0133 | lr=1.00e-03
Epoch 018/100 | train=0.007667 val=0.009132 | thr=0.81641 Pd=0.5094 Pfa=0.0133 | lr=1.00e-03 | best
Epoch 019/100 | train=0.007078 val=0.008945 | thr=0.88867 Pd=0.4151 Pfa=0.0133 | lr=1.00e-03
Epoch 020/100 | train=0.007047 val=0.008747 | thr=0.85791 Pd=0.5849 Pfa=0.0133 | lr=1.00e-03 | best
Epoch 021/100 | train=0.006739 val=0.008884 | thr=0.90967 Pd=0.3585 Pfa=0.0133 | lr=1.00e-03
Epoch 022/100 | train=0.006701 val=0.008843 | thr=0.83838 Pd=0.5849 Pfa=0.0133 | lr=1.00e-03
Epoch 023/100 | train=0.006370 val=0.008120 | thr=0.87012 Pd=0.5094 Pfa=0.0133 | lr=1.00e-03
Epoch 024/100 | train=0.006402 val=0.008071 | thr=0.84668 Pd=0.6226 Pfa=0.0133 | lr=1.00e-03 | best
Epoch 025/100 | train=0.006247 val=0.007970 | thr=0.83350 Pd=0.5849 Pfa=0.0133 | lr=1.00e-03
Epoch 026/100 | train=0.005944 val=0.007966 | thr=0.80127 Pd=0.6038 Pfa=0.0133 | lr=1.00e-03
Epoch 027/100 | train=0.005967 val=0.008382 | thr=0.89404 Pd=0.5660 Pfa=0.0133 | lr=1.00e-03
Epoch 028/100 | train=0.005710 val=0.007652 | thr=0.77441 Pd=0.6792 Pfa=0.0133 | lr=1.00e-03 | best
Epoch 029/100 | train=0.005862 val=0.007934 | thr=0.88867 Pd=0.4906 Pfa=0.0133 | lr=1.00e-03
Epoch 030/100 | train=0.005480 val=0.007755 | thr=0.86719 Pd=0.6604 Pfa=0.0133 | lr=1.00e-03
Epoch 031/100 | train=0.005434 val=0.008752 | thr=0.85693 Pd=0.7170 Pfa=0.0133 | lr=1.00e-03 | best
Epoch 032/100 | train=0.005666 val=0.007689 | thr=0.87500 Pd=0.6038 Pfa=0.0133 | lr=1.00e-03
Epoch 033/100 | train=0.005167 val=0.007969 | thr=0.87646 Pd=0.6226 Pfa=0.0133 | lr=1.00e-03
Epoch 034/100 | train=0.005005 val=0.007992 | thr=0.87207 Pd=0.6792 Pfa=0.0133 | lr=5.00e-04
Epoch 035/100 | train=0.004692 val=0.007135 | thr=0.80322 Pd=0.6792 Pfa=0.0133 | lr=5.00e-04
Epoch 036/100 | train=0.004521 val=0.006854 | thr=0.78857 Pd=0.7547 Pfa=0.0133 | lr=5.00e-04 | best
Epoch 037/100 | train=0.004465 val=0.007291 | thr=0.85645 Pd=0.6792 Pfa=0.0133 | lr=5.00e-04
Epoch 038/100 | train=0.004399 val=0.007072 | thr=0.76807 Pd=0.7170 Pfa=0.0133 | lr=5.00e-04
Epoch 039/100 | train=0.004305 val=0.007057 | thr=0.82520 Pd=0.7925 Pfa=0.0133 | lr=5.00e-04 | best
Epoch 040/100 | train=0.004256 val=0.007058 | thr=0.79834 Pd=0.6981 Pfa=0.0133 | lr=5.00e-04
Epoch 041/100 | train=0.004272 val=0.007135 | thr=0.83447 Pd=0.6792 Pfa=0.0133 | lr=5.00e-04
Epoch 042/100 | train=0.004283 val=0.007187 | thr=0.87109 Pd=0.6792 Pfa=0.0133 | lr=2.50e-04
Epoch 043/100 | train=0.004055 val=0.007002 | thr=0.78906 Pd=0.7170 Pfa=0.0133 | lr=2.50e-04
Epoch 044/100 | train=0.003987 val=0.006855 | thr=0.80713 Pd=0.7547 Pfa=0.0133 | lr=2.50e-04
Epoch 045/100 | train=0.003959 val=0.006911 | thr=0.76855 Pd=0.7547 Pfa=0.0133 | lr=2.50e-04
Epoch 046/100 | train=0.003932 val=0.007083 | thr=0.81494 Pd=0.7547 Pfa=0.0133 | lr=2.50e-04
Epoch 047/100 | train=0.003952 val=0.006965 | thr=0.80420 Pd=0.7736 Pfa=0.0133 | lr=2.50e-04
Epoch 048/100 | train=0.003913 val=0.006921 | thr=0.82080 Pd=0.7547 Pfa=0.0133 | lr=1.25e-04
Epoch 049/100 | train=0.003829 val=0.006893 | thr=0.75195 Pd=0.7736 Pfa=0.0133 | lr=1.25e-04
Epoch 050/100 | train=0.003808 val=0.006914 | thr=0.79834 Pd=0.7925 Pfa=0.0133 | lr=1.25e-04 | best
Epoch 051/100 | train=0.003795 val=0.006830 | thr=0.78760 Pd=0.7925 Pfa=0.0133 | lr=1.25e-04 | best
Epoch 052/100 | train=0.003783 val=0.006791 | thr=0.78711 Pd=0.7736 Pfa=0.0133 | lr=1.25e-04
Epoch 053/100 | train=0.003775 val=0.006903 | thr=0.76709 Pd=0.7925 Pfa=0.0133 | lr=1.25e-04
Epoch 054/100 | train=0.003749 val=0.006860 | thr=0.78760 Pd=0.7925 Pfa=0.0133 | lr=1.25e-04
Epoch 055/100 | train=0.003748 val=0.006927 | thr=0.79688 Pd=0.7547 Pfa=0.0133 | lr=1.25e-04
Epoch 056/100 | train=0.003746 val=0.006903 | thr=0.79492 Pd=0.7925 Pfa=0.0133 | lr=1.25e-04
Epoch 057/100 | train=0.003735 val=0.006923 | thr=0.77588 Pd=0.8113 Pfa=0.0133 | lr=1.25e-04 | best
Epoch 058/100 | train=0.003713 val=0.006890 | thr=0.79297 Pd=0.7736 Pfa=0.0133 | lr=6.25e-05
Epoch 059/100 | train=0.003672 val=0.006876 | thr=0.79102 Pd=0.7925 Pfa=0.0133 | lr=6.25e-05
Epoch 060/100 | train=0.003652 val=0.006888 | thr=0.79639 Pd=0.8113 Pfa=0.0133 | lr=6.25e-05 | best
Epoch 061/100 | train=0.003652 val=0.006906 | thr=0.79688 Pd=0.7925 Pfa=0.0133 | lr=6.25e-05
Epoch 062/100 | train=0.003648 val=0.006847 | thr=0.79004 Pd=0.8113 Pfa=0.0133 | lr=6.25e-05 | best
Epoch 063/100 | train=0.003640 val=0.006921 | thr=0.79492 Pd=0.8113 Pfa=0.0133 | lr=6.25e-05
Epoch 064/100 | train=0.003628 val=0.006914 | thr=0.79785 Pd=0.7925 Pfa=0.0133 | lr=3.13e-05
Epoch 065/100 | train=0.003617 val=0.006863 | thr=0.78516 Pd=0.8113 Pfa=0.0133 | lr=3.13e-05
Epoch 066/100 | train=0.003599 val=0.006877 | thr=0.77881 Pd=0.7925 Pfa=0.0133 | lr=3.13e-05
Epoch 067/100 | train=0.003596 val=0.006884 | thr=0.78467 Pd=0.8113 Pfa=0.0133 | lr=3.13e-05
Epoch 068/100 | train=0.003592 val=0.006872 | thr=0.78125 Pd=0.8113 Pfa=0.0133 | lr=3.13e-05
Epoch 069/100 | train=0.003591 val=0.006895 | thr=0.78662 Pd=0.8113 Pfa=0.0133 | lr=3.13e-05
Epoch 070/100 | train=0.003586 val=0.006870 | thr=0.78320 Pd=0.8113 Pfa=0.0133 | lr=1.56e-05
Epoch 071/100 | train=0.003574 val=0.006882 | thr=0.77881 Pd=0.7925 Pfa=0.0133 | lr=1.56e-05
Epoch 072/100 | train=0.003571 val=0.006876 | thr=0.78027 Pd=0.7925 Pfa=0.0133 | lr=1.56e-05
Epoch 073/100 | train=0.003572 val=0.006880 | thr=0.77979 Pd=0.7925 Pfa=0.0133 | lr=1.56e-05
Epoch 074/100 | train=0.003566 val=0.006884 | thr=0.78369 Pd=0.8113 Pfa=0.0133 | lr=1.56e-05
Epoch 075/100 | train=0.003567 val=0.006872 | thr=0.78271 Pd=0.8113 Pfa=0.0133 | lr=1.56e-05
Epoch 076/100 | train=0.003564 val=0.006887 | thr=0.78467 Pd=0.7925 Pfa=0.0133 | lr=7.81e-06
Epoch 077/100 | train=0.003557 val=0.006884 | thr=0.78467 Pd=0.7925 Pfa=0.0133 | lr=7.81e-06
Epoch 078/100 | train=0.003557 val=0.006879 | thr=0.78320 Pd=0.8113 Pfa=0.0133 | lr=7.81e-06
Epoch 079/100 | train=0.003556 val=0.006880 | thr=0.78223 Pd=0.7925 Pfa=0.0133 | lr=7.81e-06
Epoch 080/100 | train=0.003555 val=0.006887 | thr=0.78662 Pd=0.7925 Pfa=0.0133 | lr=7.81e-06
Epoch 081/100 | train=0.003553 val=0.006886 | thr=0.78271 Pd=0.7925 Pfa=0.0133 | lr=7.81e-06
Epoch 082/100 | train=0.003551 val=0.006877 | thr=0.78076 Pd=0.7925 Pfa=0.0133 | lr=3.91e-06
Early stopping after 20 stale epochs

==================================================================================
best epoch : 62
threshold  : 0.790039
test       : Pd=0.5849, Pfa=0.1467, FA=22, AUC=0.8229
result dir : /home/tobeornot8259748/projects/balloon_radar_project/results/experiments/polar_repr_v2_ri4_v4_fold01_seed42_formal
==================================================================================
预加载 polar6_gated-train: 742 个样本...
  polar6_gated-train: 200/742
  polar6_gated-train: 400/742
  polar6_gated-train: 600/742
  polar6_gated-train: 742/742
预加载 polar6_gated-val: 203 个样本...
  polar6_gated-val: 200/203
  polar6_gated-val: 203/203
预加载 polar6_gated-test: 203 个样本...
  polar6_gated-test: 200/203
  polar6_gated-test: 203/203
==================================================================================
experiment       : polar_repr_v2_polar6_gated_v4_fold01_seed42_formal
fold / mode      : 1 / polar6_gated
active channels  : ('H_power', 'V_power', 'gated_relative_ZDR_like', 'gated_local_rho_HV', 'gated_cos_relative_phase', 'gated_sin_relative_phase')
canonical input  : 8 channels
parameters       : 19,793
device / AMP     : cuda / True
dataset sizes    : train=742, val=203, test=203
==================================================================================
Epoch 001/100 | train=0.320514 val=0.138965 | thr=0.36792 Pd=0.0000 Pfa=0.0133 | lr=1.00e-03 | best
Epoch 002/100 | train=0.096524 val=0.057734 | thr=0.21899 Pd=0.0000 Pfa=0.0067 | lr=1.00e-03 | best
Epoch 003/100 | train=0.047235 val=0.034918 | thr=0.32251 Pd=0.0000 Pfa=0.0133 | lr=1.00e-03
Epoch 004/100 | train=0.030514 val=0.024394 | thr=0.37256 Pd=0.0000 Pfa=0.0133 | lr=1.00e-03
Epoch 005/100 | train=0.023085 val=0.019542 | thr=0.46924 Pd=0.0755 Pfa=0.0133 | lr=1.00e-03 | best
Epoch 006/100 | train=0.018462 val=0.018310 | thr=0.16040 Pd=0.0943 Pfa=0.0133 | lr=1.00e-03 | best
Epoch 007/100 | train=0.016179 val=0.014706 | thr=0.71436 Pd=0.0189 Pfa=0.0133 | lr=1.00e-03
Epoch 008/100 | train=0.013725 val=0.014341 | thr=0.63232 Pd=0.0566 Pfa=0.0133 | lr=1.00e-03
Epoch 009/100 | train=0.012630 val=0.012697 | thr=0.57324 Pd=0.1132 Pfa=0.0133 | lr=1.00e-03 | best
Epoch 010/100 | train=0.011893 val=0.012302 | thr=0.74170 Pd=0.1132 Pfa=0.0133 | lr=1.00e-03 | best
Epoch 011/100 | train=0.011244 val=0.012322 | thr=0.74854 Pd=0.1887 Pfa=0.0133 | lr=1.00e-03 | best
Epoch 012/100 | train=0.010260 val=0.012504 | thr=0.75537 Pd=0.2453 Pfa=0.0133 | lr=1.00e-03 | best
Epoch 013/100 | train=0.009922 val=0.010739 | thr=0.65430 Pd=0.1887 Pfa=0.0133 | lr=1.00e-03
Epoch 014/100 | train=0.009252 val=0.010459 | thr=0.78809 Pd=0.3208 Pfa=0.0133 | lr=1.00e-03 | best
Epoch 015/100 | train=0.009960 val=0.012760 | thr=0.63477 Pd=0.3774 Pfa=0.0133 | lr=1.00e-03 | best
Epoch 016/100 | train=0.008520 val=0.010268 | thr=0.78369 Pd=0.3019 Pfa=0.0133 | lr=1.00e-03
Epoch 017/100 | train=0.008776 val=0.009896 | thr=0.77148 Pd=0.3396 Pfa=0.0133 | lr=1.00e-03
Epoch 018/100 | train=0.007768 val=0.010415 | thr=0.84766 Pd=0.3774 Pfa=0.0133 | lr=1.00e-03 | best
Epoch 019/100 | train=0.007888 val=0.009761 | thr=0.74023 Pd=0.4340 Pfa=0.0133 | lr=1.00e-03 | best
Epoch 020/100 | train=0.007799 val=0.010107 | thr=0.83154 Pd=0.3585 Pfa=0.0133 | lr=1.00e-03
Epoch 021/100 | train=0.007131 val=0.009158 | thr=0.69873 Pd=0.5849 Pfa=0.0133 | lr=1.00e-03 | best
Epoch 022/100 | train=0.007203 val=0.008527 | thr=0.78174 Pd=0.3208 Pfa=0.0133 | lr=1.00e-03
Epoch 023/100 | train=0.006472 val=0.010495 | thr=0.84424 Pd=0.3962 Pfa=0.0133 | lr=1.00e-03
Epoch 024/100 | train=0.006484 val=0.009558 | thr=0.69678 Pd=0.5283 Pfa=0.0133 | lr=1.00e-03
Epoch 025/100 | train=0.006035 val=0.008146 | thr=0.44604 Pd=0.6226 Pfa=0.0133 | lr=1.00e-03 | best
Epoch 026/100 | train=0.006093 val=0.009582 | thr=0.72314 Pd=0.6415 Pfa=0.0133 | lr=1.00e-03 | best
Epoch 027/100 | train=0.006021 val=0.009365 | thr=0.47021 Pd=0.4717 Pfa=0.0133 | lr=1.00e-03
Epoch 028/100 | train=0.006114 val=0.009061 | thr=0.60059 Pd=0.5660 Pfa=0.0133 | lr=1.00e-03
Epoch 029/100 | train=0.005769 val=0.009053 | thr=0.56689 Pd=0.5660 Pfa=0.0133 | lr=1.00e-03
Epoch 030/100 | train=0.006124 val=0.008221 | thr=0.70752 Pd=0.6792 Pfa=0.0133 | lr=1.00e-03 | best
Epoch 031/100 | train=0.005451 val=0.014107 | thr=0.81689 Pd=0.6038 Pfa=0.0133 | lr=5.00e-04
Epoch 032/100 | train=0.005240 val=0.008493 | thr=0.61914 Pd=0.6604 Pfa=0.0133 | lr=5.00e-04
Epoch 033/100 | train=0.004620 val=0.007667 | thr=0.51123 Pd=0.6792 Pfa=0.0133 | lr=5.00e-04 | best
Epoch 034/100 | train=0.004678 val=0.008636 | thr=0.62158 Pd=0.6981 Pfa=0.0133 | lr=5.00e-04 | best
Epoch 035/100 | train=0.004429 val=0.008305 | thr=0.63477 Pd=0.6415 Pfa=0.0133 | lr=5.00e-04
Epoch 036/100 | train=0.004816 val=0.007557 | thr=0.55420 Pd=0.6981 Pfa=0.0133 | lr=5.00e-04 | best
Epoch 037/100 | train=0.004353 val=0.007228 | thr=0.52100 Pd=0.6792 Pfa=0.0133 | lr=5.00e-04
Epoch 038/100 | train=0.004302 val=0.007398 | thr=0.55127 Pd=0.6604 Pfa=0.0133 | lr=5.00e-04
Epoch 039/100 | train=0.004554 val=0.008057 | thr=0.57568 Pd=0.6415 Pfa=0.0133 | lr=5.00e-04
Epoch 040/100 | train=0.004239 val=0.006677 | thr=0.46143 Pd=0.6604 Pfa=0.0133 | lr=5.00e-04
Epoch 041/100 | train=0.004286 val=0.007021 | thr=0.66064 Pd=0.6792 Pfa=0.0133 | lr=5.00e-04
Epoch 042/100 | train=0.004019 val=0.007077 | thr=0.58350 Pd=0.7358 Pfa=0.0133 | lr=5.00e-04 | best
Epoch 043/100 | train=0.003997 val=0.006986 | thr=0.59375 Pd=0.6415 Pfa=0.0133 | lr=5.00e-04
Epoch 044/100 | train=0.003960 val=0.007951 | thr=0.62158 Pd=0.7170 Pfa=0.0133 | lr=5.00e-04
Epoch 045/100 | train=0.003953 val=0.006751 | thr=0.48169 Pd=0.6981 Pfa=0.0133 | lr=5.00e-04
Epoch 046/100 | train=0.003703 val=0.007167 | thr=0.66748 Pd=0.7358 Pfa=0.0133 | lr=2.50e-04
Epoch 047/100 | train=0.003416 val=0.006378 | thr=0.59131 Pd=0.7170 Pfa=0.0133 | lr=2.50e-04
Epoch 048/100 | train=0.003446 val=0.006935 | thr=0.57812 Pd=0.7170 Pfa=0.0133 | lr=2.50e-04
Epoch 049/100 | train=0.003546 val=0.006761 | thr=0.62158 Pd=0.6604 Pfa=0.0133 | lr=2.50e-04
Epoch 050/100 | train=0.003316 val=0.007470 | thr=0.60547 Pd=0.7170 Pfa=0.0133 | lr=2.50e-04
Epoch 051/100 | train=0.003325 val=0.006711 | thr=0.61084 Pd=0.7170 Pfa=0.0133 | lr=2.50e-04
Epoch 052/100 | train=0.003352 val=0.005911 | thr=0.61621 Pd=0.6981 Pfa=0.0133 | lr=2.50e-04
Epoch 053/100 | train=0.003152 val=0.006506 | thr=0.62256 Pd=0.7170 Pfa=0.0133 | lr=2.50e-04
Epoch 054/100 | train=0.003158 val=0.006527 | thr=0.60010 Pd=0.7170 Pfa=0.0133 | lr=2.50e-04
Epoch 055/100 | train=0.003170 val=0.006385 | thr=0.64502 Pd=0.7358 Pfa=0.0133 | lr=2.50e-04 | best
Epoch 056/100 | train=0.003213 val=0.009548 | thr=0.38647 Pd=0.5472 Pfa=0.0133 | lr=2.50e-04
Epoch 057/100 | train=0.003627 val=0.008497 | thr=0.62256 Pd=0.7170 Pfa=0.0133 | lr=2.50e-04
Epoch 058/100 | train=0.003110 val=0.006511 | thr=0.60205 Pd=0.7547 Pfa=0.0133 | lr=1.25e-04 | best
Epoch 059/100 | train=0.002856 val=0.006218 | thr=0.64307 Pd=0.7358 Pfa=0.0133 | lr=1.25e-04
Epoch 060/100 | train=0.002822 val=0.006235 | thr=0.62158 Pd=0.7358 Pfa=0.0133 | lr=1.25e-04
Epoch 061/100 | train=0.002818 val=0.006391 | thr=0.58154 Pd=0.7358 Pfa=0.0133 | lr=1.25e-04
Epoch 062/100 | train=0.002787 val=0.006167 | thr=0.63721 Pd=0.7358 Pfa=0.0133 | lr=1.25e-04
Epoch 063/100 | train=0.002773 val=0.006305 | thr=0.61914 Pd=0.7358 Pfa=0.0133 | lr=1.25e-04
Epoch 064/100 | train=0.002731 val=0.006681 | thr=0.63525 Pd=0.7170 Pfa=0.0133 | lr=6.25e-05
Epoch 065/100 | train=0.002665 val=0.006277 | thr=0.62061 Pd=0.7358 Pfa=0.0133 | lr=6.25e-05
Epoch 066/100 | train=0.002643 val=0.006208 | thr=0.58057 Pd=0.7358 Pfa=0.0133 | lr=6.25e-05
Epoch 067/100 | train=0.002645 val=0.006368 | thr=0.61035 Pd=0.7358 Pfa=0.0133 | lr=6.25e-05
Epoch 068/100 | train=0.002647 val=0.006433 | thr=0.60400 Pd=0.7547 Pfa=0.0133 | lr=6.25e-05 | best
Epoch 069/100 | train=0.002605 val=0.006208 | thr=0.54199 Pd=0.7547 Pfa=0.0133 | lr=6.25e-05 | best
Epoch 070/100 | train=0.002605 val=0.006311 | thr=0.61963 Pd=0.7358 Pfa=0.0133 | lr=3.13e-05
Epoch 071/100 | train=0.002564 val=0.006197 | thr=0.61426 Pd=0.7358 Pfa=0.0133 | lr=3.13e-05
Epoch 072/100 | train=0.002546 val=0.006229 | thr=0.60156 Pd=0.7547 Pfa=0.0133 | lr=3.13e-05
Epoch 073/100 | train=0.002549 val=0.006306 | thr=0.59180 Pd=0.7358 Pfa=0.0133 | lr=3.13e-05
Epoch 074/100 | train=0.002533 val=0.006213 | thr=0.57959 Pd=0.7358 Pfa=0.0133 | lr=3.13e-05
Epoch 075/100 | train=0.002531 val=0.006358 | thr=0.62012 Pd=0.7358 Pfa=0.0133 | lr=3.13e-05
Epoch 076/100 | train=0.002523 val=0.006295 | thr=0.57129 Pd=0.7547 Pfa=0.0133 | lr=1.56e-05
Epoch 077/100 | train=0.002506 val=0.006262 | thr=0.57324 Pd=0.7547 Pfa=0.0133 | lr=1.56e-05
Epoch 078/100 | train=0.002503 val=0.006262 | thr=0.59082 Pd=0.7358 Pfa=0.0133 | lr=1.56e-05
Epoch 079/100 | train=0.002499 val=0.006248 | thr=0.55029 Pd=0.7358 Pfa=0.0133 | lr=1.56e-05
Epoch 080/100 | train=0.002498 val=0.006293 | thr=0.54004 Pd=0.7358 Pfa=0.0133 | lr=1.56e-05
Epoch 081/100 | train=0.002491 val=0.006237 | thr=0.55615 Pd=0.7358 Pfa=0.0133 | lr=1.56e-05
Epoch 082/100 | train=0.002485 val=0.006246 | thr=0.55420 Pd=0.7358 Pfa=0.0133 | lr=7.81e-06
Epoch 083/100 | train=0.002477 val=0.006290 | thr=0.56592 Pd=0.7358 Pfa=0.0133 | lr=7.81e-06
Epoch 084/100 | train=0.002475 val=0.006255 | thr=0.56348 Pd=0.7358 Pfa=0.0133 | lr=7.81e-06
Epoch 085/100 | train=0.002472 val=0.006260 | thr=0.55420 Pd=0.7358 Pfa=0.0133 | lr=7.81e-06
Epoch 086/100 | train=0.002474 val=0.006256 | thr=0.55811 Pd=0.7358 Pfa=0.0133 | lr=7.81e-06
Epoch 087/100 | train=0.002468 val=0.006301 | thr=0.58398 Pd=0.7358 Pfa=0.0133 | lr=7.81e-06
Epoch 088/100 | train=0.002468 val=0.006270 | thr=0.55371 Pd=0.7358 Pfa=0.0133 | lr=3.91e-06
Epoch 089/100 | train=0.002459 val=0.006256 | thr=0.55273 Pd=0.7358 Pfa=0.0133 | lr=3.91e-06
Early stopping after 20 stale epochs

==================================================================================
best epoch : 69
threshold  : 0.541992
test       : Pd=0.7358, Pfa=0.4400, FA=66, AUC=0.9205
result dir : /home/tobeornot8259748/projects/balloon_radar_project/results/experiments/polar_repr_v2_polar6_gated_v4_fold01_seed42_formal
==================================================================================
预加载 ri8_gated-train: 742 个样本...
  ri8_gated-train: 200/742
  ri8_gated-train: 400/742
  ri8_gated-train: 600/742
  ri8_gated-train: 742/742
预加载 ri8_gated-val: 203 个样本...
  ri8_gated-val: 200/203
  ri8_gated-val: 203/203
预加载 ri8_gated-test: 203 个样本...
  ri8_gated-test: 200/203
  ri8_gated-test: 203/203
==================================================================================
experiment       : polar_repr_v2_ri8_gated_v4_fold01_seed42_formal
fold / mode      : 1 / ri8_gated
active channels  : ('Re_H', 'Im_H', 'Re_V', 'Im_V', 'gated_relative_ZDR_like', 'gated_local_rho_HV', 'gated_cos_relative_phase', 'gated_sin_relative_phase')
canonical input  : 8 channels
parameters       : 19,793
device / AMP     : cuda / True
dataset sizes    : train=742, val=203, test=203
==================================================================================
Epoch 001/100 | train=0.342644 val=0.127197 | thr=0.32886 Pd=0.0189 Pfa=0.0133 | lr=1.00e-03 | best
Epoch 002/100 | train=0.087586 val=0.051985 | thr=0.37061 Pd=0.1509 Pfa=0.0133 | lr=1.00e-03 | best
Epoch 003/100 | train=0.041380 val=0.030430 | thr=0.47095 Pd=0.2830 Pfa=0.0133 | lr=1.00e-03 | best
Epoch 004/100 | train=0.025154 val=0.020975 | thr=0.56592 Pd=0.3774 Pfa=0.0133 | lr=1.00e-03 | best
Epoch 005/100 | train=0.017620 val=0.016914 | thr=0.63672 Pd=0.3962 Pfa=0.0133 | lr=1.00e-03 | best
Epoch 006/100 | train=0.013879 val=0.015012 | thr=0.68457 Pd=0.4717 Pfa=0.0133 | lr=1.00e-03 | best
Epoch 007/100 | train=0.011489 val=0.012887 | thr=0.62402 Pd=0.4717 Pfa=0.0133 | lr=1.00e-03 | best
Epoch 008/100 | train=0.010232 val=0.012665 | thr=0.63184 Pd=0.3962 Pfa=0.0133 | lr=1.00e-03
Epoch 009/100 | train=0.009314 val=0.010594 | thr=0.65332 Pd=0.4717 Pfa=0.0133 | lr=1.00e-03 | best
Epoch 010/100 | train=0.008273 val=0.009640 | thr=0.70557 Pd=0.5660 Pfa=0.0133 | lr=1.00e-03 | best
Epoch 011/100 | train=0.007911 val=0.010515 | thr=0.72461 Pd=0.4717 Pfa=0.0133 | lr=1.00e-03
Epoch 012/100 | train=0.007385 val=0.009257 | thr=0.77100 Pd=0.4906 Pfa=0.0133 | lr=1.00e-03
Epoch 013/100 | train=0.007138 val=0.009475 | thr=0.64941 Pd=0.4906 Pfa=0.0133 | lr=1.00e-03
Epoch 014/100 | train=0.006503 val=0.009632 | thr=0.69678 Pd=0.5849 Pfa=0.0133 | lr=1.00e-03 | best
Epoch 015/100 | train=0.006641 val=0.009836 | thr=0.71777 Pd=0.5283 Pfa=0.0133 | lr=1.00e-03
Epoch 016/100 | train=0.005922 val=0.009070 | thr=0.82227 Pd=0.5660 Pfa=0.0133 | lr=1.00e-03
Epoch 017/100 | train=0.005806 val=0.009781 | thr=0.65771 Pd=0.5094 Pfa=0.0133 | lr=1.00e-03
Epoch 018/100 | train=0.005459 val=0.008439 | thr=0.71924 Pd=0.5849 Pfa=0.0133 | lr=1.00e-03 | best
Epoch 019/100 | train=0.005368 val=0.008886 | thr=0.63281 Pd=0.6604 Pfa=0.0133 | lr=1.00e-03 | best
Epoch 020/100 | train=0.005173 val=0.009159 | thr=0.76758 Pd=0.5472 Pfa=0.0133 | lr=1.00e-03
Epoch 021/100 | train=0.004786 val=0.008587 | thr=0.69531 Pd=0.6415 Pfa=0.0133 | lr=1.00e-03
Epoch 022/100 | train=0.004915 val=0.008899 | thr=0.74902 Pd=0.5660 Pfa=0.0133 | lr=1.00e-03
Epoch 023/100 | train=0.004651 val=0.009354 | thr=0.79639 Pd=0.5283 Pfa=0.0133 | lr=1.00e-03
Epoch 024/100 | train=0.004609 val=0.008841 | thr=0.68652 Pd=0.5849 Pfa=0.0133 | lr=5.00e-04
Epoch 025/100 | train=0.003917 val=0.008789 | thr=0.67822 Pd=0.6226 Pfa=0.0133 | lr=5.00e-04
Epoch 026/100 | train=0.003732 val=0.009133 | thr=0.57129 Pd=0.6038 Pfa=0.0133 | lr=5.00e-04
Epoch 027/100 | train=0.003693 val=0.008272 | thr=0.59619 Pd=0.6604 Pfa=0.0133 | lr=5.00e-04 | best
Epoch 028/100 | train=0.003595 val=0.008627 | thr=0.66943 Pd=0.6415 Pfa=0.0133 | lr=5.00e-04
Epoch 029/100 | train=0.003730 val=0.008934 | thr=0.70850 Pd=0.6415 Pfa=0.0133 | lr=5.00e-04
Epoch 030/100 | train=0.003515 val=0.009243 | thr=0.64600 Pd=0.6226 Pfa=0.0133 | lr=5.00e-04
Epoch 031/100 | train=0.003444 val=0.008128 | thr=0.61377 Pd=0.6415 Pfa=0.0133 | lr=5.00e-04
Epoch 032/100 | train=0.003319 val=0.007807 | thr=0.58594 Pd=0.7170 Pfa=0.0133 | lr=5.00e-04 | best
Epoch 033/100 | train=0.003352 val=0.008513 | thr=0.66309 Pd=0.6415 Pfa=0.0133 | lr=5.00e-04
Epoch 034/100 | train=0.003180 val=0.008234 | thr=0.61914 Pd=0.7170 Pfa=0.0133 | lr=5.00e-04
Epoch 035/100 | train=0.003196 val=0.008426 | thr=0.64697 Pd=0.6604 Pfa=0.0133 | lr=5.00e-04
Epoch 036/100 | train=0.003314 val=0.008014 | thr=0.53809 Pd=0.6792 Pfa=0.0133 | lr=5.00e-04
Epoch 037/100 | train=0.003045 val=0.008581 | thr=0.65576 Pd=0.6226 Pfa=0.0133 | lr=5.00e-04
Epoch 038/100 | train=0.003025 val=0.008115 | thr=0.52148 Pd=0.6415 Pfa=0.0133 | lr=2.50e-04
Epoch 039/100 | train=0.002915 val=0.008317 | thr=0.64502 Pd=0.6792 Pfa=0.0133 | lr=2.50e-04
Epoch 040/100 | train=0.002767 val=0.007847 | thr=0.54834 Pd=0.6604 Pfa=0.0133 | lr=2.50e-04
Epoch 041/100 | train=0.002740 val=0.007898 | thr=0.60986 Pd=0.6604 Pfa=0.0133 | lr=2.50e-04
Epoch 042/100 | train=0.002704 val=0.008033 | thr=0.55322 Pd=0.6792 Pfa=0.0133 | lr=2.50e-04
Epoch 043/100 | train=0.002687 val=0.007710 | thr=0.49341 Pd=0.6604 Pfa=0.0133 | lr=2.50e-04
Epoch 044/100 | train=0.002686 val=0.007887 | thr=0.57031 Pd=0.6981 Pfa=0.0133 | lr=2.50e-04
Epoch 045/100 | train=0.002633 val=0.007800 | thr=0.56982 Pd=0.6604 Pfa=0.0133 | lr=2.50e-04
Epoch 046/100 | train=0.002591 val=0.008183 | thr=0.68750 Pd=0.6981 Pfa=0.0133 | lr=2.50e-04
Epoch 047/100 | train=0.002593 val=0.007807 | thr=0.59766 Pd=0.6604 Pfa=0.0133 | lr=2.50e-04
Epoch 048/100 | train=0.002557 val=0.007911 | thr=0.59668 Pd=0.6792 Pfa=0.0133 | lr=2.50e-04
Epoch 049/100 | train=0.002591 val=0.008219 | thr=0.56104 Pd=0.6792 Pfa=0.0133 | lr=1.25e-04
Epoch 050/100 | train=0.002453 val=0.007915 | thr=0.65967 Pd=0.6415 Pfa=0.0133 | lr=1.25e-04
Epoch 051/100 | train=0.002434 val=0.007953 | thr=0.59424 Pd=0.6792 Pfa=0.0133 | lr=1.25e-04
Epoch 052/100 | train=0.002415 val=0.007779 | thr=0.63232 Pd=0.6604 Pfa=0.0133 | lr=1.25e-04
Early stopping after 20 stale epochs

==================================================================================
best epoch : 32
threshold  : 0.585938
test       : Pd=0.6981, Pfa=0.3267, FA=49, AUC=0.8883
result dir : /home/tobeornot8259748/projects/balloon_radar_project/results/experiments/polar_repr_v2_ri8_gated_v4_fold01_seed42_formal
==================================================================================
预加载 power2-train: 736 个样本...
  power2-train: 200/736
  power2-train: 400/736
  power2-train: 600/736
  power2-train: 736/736
预加载 power2-val: 210 个样本...
  power2-val: 200/210
  power2-val: 210/210
预加载 power2-test: 202 个样本...
  power2-test: 200/202
  power2-test: 202/202
==================================================================================
experiment       : polar_repr_v2_power2_v4_fold04_seed42_formal
fold / mode      : 4 / power2
active channels  : ('H_power', 'V_power')
canonical input  : 8 channels
parameters       : 19,793
device / AMP     : cuda / True
dataset sizes    : train=736, val=210, test=202
==================================================================================
Epoch 001/100 | train=0.313560 val=0.148455 | thr=0.35864 Pd=0.0000 Pfa=0.0133 | lr=1.00e-03 | best
Epoch 002/100 | train=0.095384 val=0.063003 | thr=0.18274 Pd=0.0000 Pfa=0.0133 | lr=1.00e-03 | best
Epoch 003/100 | train=0.047195 val=0.037269 | thr=0.13049 Pd=0.0000 Pfa=0.0133 | lr=1.00e-03 | best
Epoch 004/100 | train=0.030969 val=0.027202 | thr=0.10596 Pd=0.0000 Pfa=0.0133 | lr=1.00e-03 | best
Epoch 005/100 | train=0.024236 val=0.022728 | thr=0.08557 Pd=0.0000 Pfa=0.0133 | lr=1.00e-03 | best
Epoch 006/100 | train=0.021073 val=0.020480 | thr=0.07654 Pd=0.0000 Pfa=0.0133 | lr=1.00e-03 | best
Epoch 007/100 | train=0.019413 val=0.019291 | thr=0.07385 Pd=0.0000 Pfa=0.0133 | lr=1.00e-03 | best
Epoch 008/100 | train=0.018468 val=0.018531 | thr=0.05655 Pd=0.0000 Pfa=0.0133 | lr=1.00e-03 | best
Epoch 009/100 | train=0.017857 val=0.018007 | thr=0.06042 Pd=0.0000 Pfa=0.0133 | lr=1.00e-03 | best
Epoch 010/100 | train=0.017368 val=0.017449 | thr=0.10596 Pd=0.0000 Pfa=0.0133 | lr=1.00e-03 | best
Epoch 011/100 | train=0.016864 val=0.016837 | thr=0.19763 Pd=0.0333 Pfa=0.0133 | lr=1.00e-03 | best
Epoch 012/100 | train=0.016052 val=0.015549 | thr=0.35693 Pd=0.0167 Pfa=0.0133 | lr=1.00e-03
Epoch 013/100 | train=0.014780 val=0.015133 | thr=0.19519 Pd=0.0167 Pfa=0.0133 | lr=1.00e-03
Epoch 014/100 | train=0.014532 val=0.013295 | thr=0.39136 Pd=0.0500 Pfa=0.0133 | lr=1.00e-03 | best
Epoch 015/100 | train=0.012672 val=0.011440 | thr=0.44531 Pd=0.1500 Pfa=0.0133 | lr=1.00e-03 | best
Epoch 016/100 | train=0.011238 val=0.011891 | thr=0.28931 Pd=0.2500 Pfa=0.0133 | lr=1.00e-03 | best
Epoch 017/100 | train=0.011480 val=0.011952 | thr=0.22302 Pd=0.2167 Pfa=0.0133 | lr=1.00e-03
Epoch 018/100 | train=0.009944 val=0.009512 | thr=0.35083 Pd=0.2667 Pfa=0.0133 | lr=1.00e-03 | best
Epoch 019/100 | train=0.009771 val=0.009761 | thr=0.31226 Pd=0.2333 Pfa=0.0133 | lr=1.00e-03
Epoch 020/100 | train=0.008913 val=0.012123 | thr=0.13330 Pd=0.1500 Pfa=0.0133 | lr=1.00e-03
Epoch 021/100 | train=0.008705 val=0.008618 | thr=0.31616 Pd=0.4500 Pfa=0.0133 | lr=1.00e-03 | best
Epoch 022/100 | train=0.008578 val=0.009398 | thr=0.21497 Pd=0.3833 Pfa=0.0133 | lr=1.00e-03
Epoch 023/100 | train=0.008197 val=0.008033 | thr=0.30127 Pd=0.4667 Pfa=0.0133 | lr=1.00e-03 | best
Epoch 024/100 | train=0.007543 val=0.007996 | thr=0.19055 Pd=0.4833 Pfa=0.0133 | lr=1.00e-03 | best
Epoch 025/100 | train=0.007268 val=0.008089 | thr=0.29736 Pd=0.3500 Pfa=0.0133 | lr=1.00e-03
Epoch 026/100 | train=0.007257 val=0.007186 | thr=0.19067 Pd=0.6167 Pfa=0.0133 | lr=1.00e-03 | best
Epoch 027/100 | train=0.006794 val=0.008381 | thr=0.18066 Pd=0.5667 Pfa=0.0133 | lr=1.00e-03
Epoch 028/100 | train=0.006655 val=0.006555 | thr=0.25366 Pd=0.7167 Pfa=0.0133 | lr=1.00e-03 | best
Epoch 029/100 | train=0.006467 val=0.006637 | thr=0.21863 Pd=0.6500 Pfa=0.0133 | lr=1.00e-03
Epoch 030/100 | train=0.006824 val=0.008784 | thr=0.42358 Pd=0.3000 Pfa=0.0133 | lr=1.00e-03
Epoch 031/100 | train=0.006695 val=0.006706 | thr=0.25098 Pd=0.7167 Pfa=0.0133 | lr=1.00e-03
Epoch 032/100 | train=0.006199 val=0.007205 | thr=0.20203 Pd=0.6667 Pfa=0.0133 | lr=1.00e-03
Epoch 033/100 | train=0.005981 val=0.005923 | thr=0.26978 Pd=0.7833 Pfa=0.0133 | lr=1.00e-03 | best
Epoch 034/100 | train=0.006120 val=0.005983 | thr=0.14539 Pd=0.7667 Pfa=0.0133 | lr=1.00e-03
Epoch 035/100 | train=0.005764 val=0.007764 | thr=0.15576 Pd=0.4667 Pfa=0.0133 | lr=1.00e-03
Epoch 036/100 | train=0.006019 val=0.006469 | thr=0.14612 Pd=0.7000 Pfa=0.0133 | lr=1.00e-03
Epoch 037/100 | train=0.005802 val=0.005808 | thr=0.18933 Pd=0.8333 Pfa=0.0133 | lr=1.00e-03 | best
Epoch 038/100 | train=0.005857 val=0.006517 | thr=0.18640 Pd=0.7333 Pfa=0.0133 | lr=1.00e-03
Epoch 039/100 | train=0.005485 val=0.006653 | thr=0.12781 Pd=0.8167 Pfa=0.0133 | lr=1.00e-03
Epoch 040/100 | train=0.005538 val=0.005900 | thr=0.19348 Pd=0.8167 Pfa=0.0133 | lr=1.00e-03
Epoch 041/100 | train=0.006089 val=0.005629 | thr=0.22717 Pd=0.8333 Pfa=0.0133 | lr=1.00e-03 | best
Epoch 042/100 | train=0.005516 val=0.006844 | thr=0.16211 Pd=0.6167 Pfa=0.0133 | lr=1.00e-03
Epoch 043/100 | train=0.005447 val=0.005989 | thr=0.15186 Pd=0.7167 Pfa=0.0133 | lr=1.00e-03
Epoch 044/100 | train=0.005252 val=0.005687 | thr=0.12915 Pd=0.9167 Pfa=0.0133 | lr=1.00e-03 | best
Epoch 045/100 | train=0.005419 val=0.005957 | thr=0.24548 Pd=0.7833 Pfa=0.0133 | lr=1.00e-03
Epoch 046/100 | train=0.005303 val=0.005919 | thr=0.20422 Pd=0.7333 Pfa=0.0133 | lr=1.00e-03
Epoch 047/100 | train=0.005150 val=0.005890 | thr=0.15979 Pd=0.8167 Pfa=0.0133 | lr=5.00e-04
Epoch 048/100 | train=0.004872 val=0.005460 | thr=0.15259 Pd=0.8667 Pfa=0.0133 | lr=5.00e-04
Epoch 049/100 | train=0.004936 val=0.005314 | thr=0.11475 Pd=0.9000 Pfa=0.0133 | lr=5.00e-04
Epoch 050/100 | train=0.004822 val=0.005679 | thr=0.26733 Pd=0.8667 Pfa=0.0133 | lr=5.00e-04
Epoch 051/100 | train=0.004760 val=0.005256 | thr=0.15210 Pd=0.8333 Pfa=0.0133 | lr=5.00e-04
Epoch 052/100 | train=0.004673 val=0.005230 | thr=0.16052 Pd=0.8667 Pfa=0.0133 | lr=5.00e-04
Epoch 053/100 | train=0.004691 val=0.005334 | thr=0.19312 Pd=0.8500 Pfa=0.0133 | lr=5.00e-04
Epoch 054/100 | train=0.004645 val=0.005133 | thr=0.15637 Pd=0.8833 Pfa=0.0133 | lr=5.00e-04
Epoch 055/100 | train=0.004748 val=0.005469 | thr=0.13745 Pd=0.8333 Pfa=0.0133 | lr=5.00e-04
Epoch 056/100 | train=0.004586 val=0.005280 | thr=0.17273 Pd=0.8833 Pfa=0.0133 | lr=5.00e-04
Epoch 057/100 | train=0.004632 val=0.005195 | thr=0.20227 Pd=0.8667 Pfa=0.0133 | lr=5.00e-04
Epoch 058/100 | train=0.004662 val=0.006287 | thr=0.14197 Pd=0.8000 Pfa=0.0133 | lr=5.00e-04
Epoch 059/100 | train=0.004637 val=0.005353 | thr=0.22424 Pd=0.8833 Pfa=0.0133 | lr=5.00e-04
Epoch 060/100 | train=0.004644 val=0.005347 | thr=0.20435 Pd=0.8500 Pfa=0.0133 | lr=2.50e-04
Epoch 061/100 | train=0.004423 val=0.005078 | thr=0.20581 Pd=0.9000 Pfa=0.0133 | lr=2.50e-04
Epoch 062/100 | train=0.004347 val=0.005158 | thr=0.19910 Pd=0.8667 Pfa=0.0133 | lr=2.50e-04
Epoch 063/100 | train=0.004313 val=0.005158 | thr=0.15625 Pd=0.8500 Pfa=0.0133 | lr=2.50e-04
Epoch 064/100 | train=0.004329 val=0.005090 | thr=0.14087 Pd=0.9167 Pfa=0.0133 | lr=2.50e-04 | best
Epoch 065/100 | train=0.004263 val=0.005284 | thr=0.16016 Pd=0.8333 Pfa=0.0133 | lr=2.50e-04
Epoch 066/100 | train=0.004290 val=0.005410 | thr=0.16150 Pd=0.8500 Pfa=0.0133 | lr=2.50e-04
Epoch 067/100 | train=0.004273 val=0.005359 | thr=0.15771 Pd=0.8000 Pfa=0.0133 | lr=1.25e-04
Epoch 068/100 | train=0.004179 val=0.005091 | thr=0.16235 Pd=0.8667 Pfa=0.0133 | lr=1.25e-04
Epoch 069/100 | train=0.004161 val=0.005156 | thr=0.14917 Pd=0.8333 Pfa=0.0067 | lr=1.25e-04
Epoch 070/100 | train=0.004158 val=0.005129 | thr=0.14221 Pd=0.8667 Pfa=0.0133 | lr=1.25e-04
Epoch 071/100 | train=0.004157 val=0.005311 | thr=0.13489 Pd=0.8833 Pfa=0.0133 | lr=1.25e-04
Epoch 072/100 | train=0.004161 val=0.005152 | thr=0.15869 Pd=0.8833 Pfa=0.0133 | lr=1.25e-04
Epoch 073/100 | train=0.004148 val=0.005182 | thr=0.14331 Pd=0.9000 Pfa=0.0133 | lr=6.25e-05
Epoch 074/100 | train=0.004084 val=0.005036 | thr=0.15979 Pd=0.8833 Pfa=0.0133 | lr=6.25e-05
Epoch 075/100 | train=0.004072 val=0.005262 | thr=0.15247 Pd=0.8500 Pfa=0.0133 | lr=6.25e-05
Epoch 076/100 | train=0.004066 val=0.005058 | thr=0.15515 Pd=0.8667 Pfa=0.0133 | lr=6.25e-05
Epoch 077/100 | train=0.004061 val=0.005086 | thr=0.16248 Pd=0.9000 Pfa=0.0133 | lr=6.25e-05
Epoch 078/100 | train=0.004052 val=0.005170 | thr=0.16711 Pd=0.8667 Pfa=0.0133 | lr=6.25e-05
Epoch 079/100 | train=0.004060 val=0.005022 | thr=0.16565 Pd=0.9000 Pfa=0.0133 | lr=6.25e-05
Epoch 080/100 | train=0.004054 val=0.005001 | thr=0.16821 Pd=0.9000 Pfa=0.0133 | lr=6.25e-05
Epoch 081/100 | train=0.004043 val=0.005080 | thr=0.16992 Pd=0.8667 Pfa=0.0133 | lr=6.25e-05
Epoch 082/100 | train=0.004045 val=0.004997 | thr=0.16479 Pd=0.9000 Pfa=0.0133 | lr=6.25e-05
Epoch 083/100 | train=0.004040 val=0.005163 | thr=0.15112 Pd=0.8833 Pfa=0.0133 | lr=6.25e-05
Epoch 084/100 | train=0.004032 val=0.005077 | thr=0.14685 Pd=0.8833 Pfa=0.0133 | lr=6.25e-05
Early stopping after 20 stale epochs

==================================================================================
best epoch : 64
threshold  : 0.140869
test       : Pd=0.7885, Pfa=0.9867, FA=148, AUC=0.8849
result dir : /home/tobeornot8259748/projects/balloon_radar_project/results/experiments/polar_repr_v2_power2_v4_fold04_seed42_formal
==================================================================================
预加载 ri4-train: 736 个样本...
  ri4-train: 200/736
  ri4-train: 400/736
  ri4-train: 600/736
  ri4-train: 736/736
预加载 ri4-val: 210 个样本...
  ri4-val: 200/210
  ri4-val: 210/210
预加载 ri4-test: 202 个样本...
  ri4-test: 200/202
  ri4-test: 202/202
==================================================================================
experiment       : polar_repr_v2_ri4_v4_fold04_seed42_formal
fold / mode      : 4 / ri4
active channels  : ('Re_H', 'Im_H', 'Re_V', 'Im_V')
canonical input  : 8 channels
parameters       : 19,793
device / AMP     : cuda / True
dataset sizes    : train=736, val=210, test=202
==================================================================================
Epoch 001/100 | train=0.331814 val=0.146446 | thr=0.38110 Pd=0.0000 Pfa=0.0133 | lr=1.00e-03 | best
Epoch 002/100 | train=0.094712 val=0.061773 | thr=0.35352 Pd=0.0333 Pfa=0.0133 | lr=1.00e-03 | best
Epoch 003/100 | train=0.045164 val=0.034262 | thr=0.43555 Pd=0.1000 Pfa=0.0133 | lr=1.00e-03 | best
Epoch 004/100 | train=0.028244 val=0.023800 | thr=0.57031 Pd=0.1167 Pfa=0.0133 | lr=1.00e-03 | best
Epoch 005/100 | train=0.020928 val=0.018338 | thr=0.70557 Pd=0.1833 Pfa=0.0133 | lr=1.00e-03 | best
Epoch 006/100 | train=0.016881 val=0.015324 | thr=0.69189 Pd=0.3667 Pfa=0.0133 | lr=1.00e-03 | best
Epoch 007/100 | train=0.014267 val=0.013690 | thr=0.79150 Pd=0.2667 Pfa=0.0133 | lr=1.00e-03
Epoch 008/100 | train=0.012809 val=0.012665 | thr=0.75000 Pd=0.2833 Pfa=0.0133 | lr=1.00e-03
Epoch 009/100 | train=0.011268 val=0.011681 | thr=0.67041 Pd=0.3833 Pfa=0.0133 | lr=1.00e-03 | best
Epoch 010/100 | train=0.010509 val=0.010681 | thr=0.82373 Pd=0.3500 Pfa=0.0133 | lr=1.00e-03
Epoch 011/100 | train=0.009770 val=0.010411 | thr=0.80957 Pd=0.3833 Pfa=0.0133 | lr=1.00e-03 | best
Epoch 012/100 | train=0.009165 val=0.009620 | thr=0.90088 Pd=0.5167 Pfa=0.0133 | lr=1.00e-03 | best
Epoch 013/100 | train=0.008529 val=0.009022 | thr=0.89893 Pd=0.4333 Pfa=0.0133 | lr=1.00e-03
Epoch 014/100 | train=0.008262 val=0.009761 | thr=0.81836 Pd=0.5167 Pfa=0.0133 | lr=1.00e-03
Epoch 015/100 | train=0.008397 val=0.009600 | thr=0.74072 Pd=0.4167 Pfa=0.0133 | lr=1.00e-03
Epoch 016/100 | train=0.007777 val=0.008982 | thr=0.73291 Pd=0.6000 Pfa=0.0133 | lr=1.00e-03 | best
Epoch 017/100 | train=0.007255 val=0.008302 | thr=0.84619 Pd=0.5833 Pfa=0.0133 | lr=1.00e-03
Epoch 018/100 | train=0.007093 val=0.008715 | thr=0.76367 Pd=0.5500 Pfa=0.0133 | lr=1.00e-03
Epoch 019/100 | train=0.006824 val=0.008828 | thr=0.75391 Pd=0.4833 Pfa=0.0133 | lr=1.00e-03
Epoch 020/100 | train=0.006375 val=0.008135 | thr=0.80371 Pd=0.5500 Pfa=0.0133 | lr=1.00e-03
Epoch 021/100 | train=0.006230 val=0.008666 | thr=0.76318 Pd=0.5333 Pfa=0.0133 | lr=1.00e-03
Epoch 022/100 | train=0.006260 val=0.007967 | thr=0.84033 Pd=0.6000 Pfa=0.0133 | lr=1.00e-03 | best
Epoch 023/100 | train=0.006221 val=0.007703 | thr=0.84766 Pd=0.5000 Pfa=0.0133 | lr=1.00e-03
Epoch 024/100 | train=0.005690 val=0.007697 | thr=0.84668 Pd=0.5667 Pfa=0.0133 | lr=1.00e-03
Epoch 025/100 | train=0.005543 val=0.008983 | thr=0.62354 Pd=0.6333 Pfa=0.0133 | lr=1.00e-03 | best
Epoch 026/100 | train=0.005735 val=0.007413 | thr=0.82031 Pd=0.6833 Pfa=0.0133 | lr=1.00e-03 | best
Epoch 027/100 | train=0.005492 val=0.007597 | thr=0.85791 Pd=0.6167 Pfa=0.0133 | lr=1.00e-03
Epoch 028/100 | train=0.005141 val=0.007238 | thr=0.86426 Pd=0.6833 Pfa=0.0133 | lr=1.00e-03 | best
Epoch 029/100 | train=0.005025 val=0.008267 | thr=0.69629 Pd=0.6667 Pfa=0.0133 | lr=1.00e-03
Epoch 030/100 | train=0.005147 val=0.009171 | thr=0.84717 Pd=0.4667 Pfa=0.0133 | lr=1.00e-03
Epoch 031/100 | train=0.005146 val=0.007328 | thr=0.80176 Pd=0.7333 Pfa=0.0133 | lr=1.00e-03 | best
Epoch 032/100 | train=0.004903 val=0.007248 | thr=0.69189 Pd=0.7333 Pfa=0.0133 | lr=1.00e-03 | best
Epoch 033/100 | train=0.004739 val=0.007167 | thr=0.73389 Pd=0.7333 Pfa=0.0133 | lr=1.00e-03 | best
Epoch 034/100 | train=0.004636 val=0.006918 | thr=0.83447 Pd=0.7167 Pfa=0.0133 | lr=1.00e-03
Epoch 035/100 | train=0.004518 val=0.007552 | thr=0.75732 Pd=0.7833 Pfa=0.0133 | lr=1.00e-03 | best
Epoch 036/100 | train=0.004612 val=0.007217 | thr=0.84082 Pd=0.6500 Pfa=0.0133 | lr=1.00e-03
Epoch 037/100 | train=0.004454 val=0.006794 | thr=0.77393 Pd=0.7667 Pfa=0.0133 | lr=1.00e-03
Epoch 038/100 | train=0.004447 val=0.007345 | thr=0.76025 Pd=0.6833 Pfa=0.0133 | lr=1.00e-03
Epoch 039/100 | train=0.004452 val=0.007970 | thr=0.73535 Pd=0.6167 Pfa=0.0133 | lr=1.00e-03
Epoch 040/100 | train=0.004398 val=0.006991 | thr=0.85742 Pd=0.6833 Pfa=0.0133 | lr=1.00e-03
Epoch 041/100 | train=0.004178 val=0.007209 | thr=0.83789 Pd=0.6667 Pfa=0.0133 | lr=1.00e-03
Epoch 042/100 | train=0.004149 val=0.006863 | thr=0.83887 Pd=0.6500 Pfa=0.0133 | lr=1.00e-03
Epoch 043/100 | train=0.004106 val=0.007620 | thr=0.75000 Pd=0.6667 Pfa=0.0133 | lr=5.00e-04
Epoch 044/100 | train=0.003852 val=0.007227 | thr=0.71387 Pd=0.7333 Pfa=0.0133 | lr=5.00e-04
Epoch 045/100 | train=0.003684 val=0.007334 | thr=0.73682 Pd=0.6833 Pfa=0.0133 | lr=5.00e-04
Epoch 046/100 | train=0.003707 val=0.007044 | thr=0.83105 Pd=0.6500 Pfa=0.0133 | lr=5.00e-04
Epoch 047/100 | train=0.003704 val=0.006947 | thr=0.79102 Pd=0.7833 Pfa=0.0133 | lr=5.00e-04 | best
Epoch 048/100 | train=0.003632 val=0.007237 | thr=0.74170 Pd=0.7333 Pfa=0.0133 | lr=5.00e-04
Epoch 049/100 | train=0.003603 val=0.007676 | thr=0.78174 Pd=0.6833 Pfa=0.0133 | lr=2.50e-04
Epoch 050/100 | train=0.003468 val=0.007448 | thr=0.71729 Pd=0.7167 Pfa=0.0133 | lr=2.50e-04
Epoch 051/100 | train=0.003439 val=0.007328 | thr=0.73340 Pd=0.7500 Pfa=0.0133 | lr=2.50e-04
Epoch 052/100 | train=0.003434 val=0.007416 | thr=0.70508 Pd=0.6833 Pfa=0.0133 | lr=2.50e-04
Epoch 053/100 | train=0.003410 val=0.007236 | thr=0.67383 Pd=0.7500 Pfa=0.0133 | lr=2.50e-04
Epoch 054/100 | train=0.003410 val=0.007269 | thr=0.74023 Pd=0.7833 Pfa=0.0133 | lr=2.50e-04
Epoch 055/100 | train=0.003400 val=0.007308 | thr=0.66357 Pd=0.7833 Pfa=0.0133 | lr=1.25e-04
Epoch 056/100 | train=0.003338 val=0.007333 | thr=0.66650 Pd=0.8000 Pfa=0.0133 | lr=1.25e-04 | best
Epoch 057/100 | train=0.003330 val=0.007435 | thr=0.65381 Pd=0.7667 Pfa=0.0133 | lr=1.25e-04
Epoch 058/100 | train=0.003327 val=0.007718 | thr=0.61621 Pd=0.7333 Pfa=0.0133 | lr=1.25e-04
Epoch 059/100 | train=0.003318 val=0.007407 | thr=0.66602 Pd=0.7833 Pfa=0.0133 | lr=1.25e-04
Epoch 060/100 | train=0.003304 val=0.007362 | thr=0.66113 Pd=0.8000 Pfa=0.0133 | lr=1.25e-04
Epoch 061/100 | train=0.003306 val=0.007688 | thr=0.60693 Pd=0.7833 Pfa=0.0133 | lr=6.25e-05
Epoch 062/100 | train=0.003277 val=0.007458 | thr=0.64844 Pd=0.7667 Pfa=0.0133 | lr=6.25e-05
Epoch 063/100 | train=0.003273 val=0.007615 | thr=0.61182 Pd=0.8000 Pfa=0.0133 | lr=6.25e-05
Epoch 064/100 | train=0.003268 val=0.007561 | thr=0.62012 Pd=0.7833 Pfa=0.0133 | lr=6.25e-05
Epoch 065/100 | train=0.003267 val=0.007622 | thr=0.63477 Pd=0.7333 Pfa=0.0133 | lr=6.25e-05
Epoch 066/100 | train=0.003260 val=0.007634 | thr=0.61182 Pd=0.8000 Pfa=0.0133 | lr=6.25e-05
Epoch 067/100 | train=0.003263 val=0.007692 | thr=0.59717 Pd=0.7833 Pfa=0.0133 | lr=3.13e-05
Epoch 068/100 | train=0.003241 val=0.007625 | thr=0.61133 Pd=0.7833 Pfa=0.0133 | lr=3.13e-05
Epoch 069/100 | train=0.003238 val=0.007609 | thr=0.61670 Pd=0.7833 Pfa=0.0133 | lr=3.13e-05
Epoch 070/100 | train=0.003233 val=0.007555 | thr=0.64111 Pd=0.7833 Pfa=0.0133 | lr=3.13e-05
Epoch 071/100 | train=0.003233 val=0.007545 | thr=0.62598 Pd=0.8000 Pfa=0.0133 | lr=3.13e-05
Epoch 072/100 | train=0.003229 val=0.007589 | thr=0.63037 Pd=0.8000 Pfa=0.0133 | lr=3.13e-05
Epoch 073/100 | train=0.003227 val=0.007613 | thr=0.62744 Pd=0.8000 Pfa=0.0133 | lr=1.56e-05
Epoch 074/100 | train=0.003219 val=0.007644 | thr=0.61523 Pd=0.7833 Pfa=0.0133 | lr=1.56e-05
Epoch 075/100 | train=0.003218 val=0.007551 | thr=0.62988 Pd=0.8000 Pfa=0.0133 | lr=1.56e-05
Epoch 076/100 | train=0.003217 val=0.007547 | thr=0.63086 Pd=0.8000 Pfa=0.0133 | lr=1.56e-05
Early stopping after 20 stale epochs

==================================================================================
best epoch : 56
threshold  : 0.666504
test       : Pd=0.7115, Pfa=0.1467, FA=22, AUC=0.9340
result dir : /home/tobeornot8259748/projects/balloon_radar_project/results/experiments/polar_repr_v2_ri4_v4_fold04_seed42_formal
==================================================================================
预加载 polar6_gated-train: 736 个样本...
  polar6_gated-train: 200/736
  polar6_gated-train: 400/736
  polar6_gated-train: 600/736
  polar6_gated-train: 736/736
预加载 polar6_gated-val: 210 个样本...
  polar6_gated-val: 200/210
  polar6_gated-val: 210/210
预加载 polar6_gated-test: 202 个样本...
  polar6_gated-test: 200/202
  polar6_gated-test: 202/202
==================================================================================
experiment       : polar_repr_v2_polar6_gated_v4_fold04_seed42_formal
fold / mode      : 4 / polar6_gated
active channels  : ('H_power', 'V_power', 'gated_relative_ZDR_like', 'gated_local_rho_HV', 'gated_cos_relative_phase', 'gated_sin_relative_phase')
canonical input  : 8 channels
parameters       : 19,793
device / AMP     : cuda / True
dataset sizes    : train=736, val=210, test=202
==================================================================================
Epoch 001/100 | train=0.311367 val=0.147047 | thr=0.36401 Pd=0.0000 Pfa=0.0067 | lr=1.00e-03 | best
Epoch 002/100 | train=0.094386 val=0.062108 | thr=0.23340 Pd=0.0000 Pfa=0.0133 | lr=1.00e-03
Epoch 003/100 | train=0.046435 val=0.036503 | thr=0.28003 Pd=0.0000 Pfa=0.0133 | lr=1.00e-03
Epoch 004/100 | train=0.029826 val=0.025613 | thr=0.51953 Pd=0.0167 Pfa=0.0067 | lr=1.00e-03 | best
Epoch 005/100 | train=0.021893 val=0.020273 | thr=0.58350 Pd=0.0167 Pfa=0.0133 | lr=1.00e-03
Epoch 006/100 | train=0.017044 val=0.018076 | thr=0.49097 Pd=0.0167 Pfa=0.0133 | lr=1.00e-03
Epoch 007/100 | train=0.014416 val=0.015412 | thr=0.73486 Pd=0.0833 Pfa=0.0133 | lr=1.00e-03 | best
Epoch 008/100 | train=0.014061 val=0.014047 | thr=0.76221 Pd=0.0667 Pfa=0.0133 | lr=1.00e-03
Epoch 009/100 | train=0.011852 val=0.013457 | thr=0.70410 Pd=0.0833 Pfa=0.0133 | lr=1.00e-03 | best
Epoch 010/100 | train=0.010645 val=0.012319 | thr=0.76318 Pd=0.0667 Pfa=0.0133 | lr=1.00e-03
Epoch 011/100 | train=0.010560 val=0.012137 | thr=0.59863 Pd=0.2667 Pfa=0.0133 | lr=1.00e-03 | best
Epoch 012/100 | train=0.009739 val=0.011164 | thr=0.83496 Pd=0.2167 Pfa=0.0133 | lr=1.00e-03
Epoch 013/100 | train=0.008931 val=0.011650 | thr=0.72656 Pd=0.1500 Pfa=0.0133 | lr=1.00e-03
Epoch 014/100 | train=0.008593 val=0.010165 | thr=0.84082 Pd=0.1667 Pfa=0.0133 | lr=1.00e-03
Epoch 015/100 | train=0.008322 val=0.010130 | thr=0.78662 Pd=0.2500 Pfa=0.0133 | lr=1.00e-03
Epoch 016/100 | train=0.008344 val=0.009512 | thr=0.77295 Pd=0.2833 Pfa=0.0133 | lr=1.00e-03 | best
Epoch 017/100 | train=0.007645 val=0.008878 | thr=0.70703 Pd=0.4167 Pfa=0.0133 | lr=1.00e-03 | best
Epoch 018/100 | train=0.007828 val=0.008495 | thr=0.83154 Pd=0.3000 Pfa=0.0133 | lr=1.00e-03
Epoch 019/100 | train=0.007112 val=0.008230 | thr=0.76709 Pd=0.4167 Pfa=0.0133 | lr=1.00e-03 | best
Epoch 020/100 | train=0.006861 val=0.009434 | thr=0.62207 Pd=0.4833 Pfa=0.0133 | lr=1.00e-03 | best
Epoch 021/100 | train=0.006978 val=0.007839 | thr=0.76807 Pd=0.4500 Pfa=0.0133 | lr=1.00e-03
Epoch 022/100 | train=0.006491 val=0.009596 | thr=0.61768 Pd=0.3333 Pfa=0.0133 | lr=1.00e-03
Epoch 023/100 | train=0.006310 val=0.007502 | thr=0.69287 Pd=0.5833 Pfa=0.0133 | lr=1.00e-03 | best
Epoch 024/100 | train=0.006078 val=0.007352 | thr=0.72900 Pd=0.5167 Pfa=0.0133 | lr=1.00e-03
Epoch 025/100 | train=0.005638 val=0.008003 | thr=0.73145 Pd=0.5333 Pfa=0.0133 | lr=1.00e-03
Epoch 026/100 | train=0.005866 val=0.007678 | thr=0.58545 Pd=0.5500 Pfa=0.0133 | lr=1.00e-03
Epoch 027/100 | train=0.005777 val=0.007754 | thr=0.72949 Pd=0.4167 Pfa=0.0133 | lr=1.00e-03
Epoch 028/100 | train=0.005494 val=0.007405 | thr=0.64404 Pd=0.6500 Pfa=0.0133 | lr=1.00e-03 | best
Epoch 029/100 | train=0.005457 val=0.006926 | thr=0.68115 Pd=0.6667 Pfa=0.0067 | lr=1.00e-03 | best
Epoch 030/100 | train=0.005212 val=0.007953 | thr=0.70312 Pd=0.5167 Pfa=0.0133 | lr=1.00e-03
Epoch 031/100 | train=0.005779 val=0.006851 | thr=0.75586 Pd=0.5667 Pfa=0.0133 | lr=1.00e-03
Epoch 032/100 | train=0.005250 val=0.008142 | thr=0.46997 Pd=0.6333 Pfa=0.0133 | lr=1.00e-03
Epoch 033/100 | train=0.005157 val=0.006264 | thr=0.67871 Pd=0.7167 Pfa=0.0133 | lr=1.00e-03 | best
Epoch 034/100 | train=0.004582 val=0.006408 | thr=0.59375 Pd=0.7333 Pfa=0.0133 | lr=1.00e-03 | best
Epoch 035/100 | train=0.004905 val=0.006319 | thr=0.65625 Pd=0.7167 Pfa=0.0133 | lr=1.00e-03
Epoch 036/100 | train=0.004727 val=0.007680 | thr=0.49683 Pd=0.6333 Pfa=0.0133 | lr=1.00e-03
Epoch 037/100 | train=0.004756 val=0.006495 | thr=0.50586 Pd=0.7000 Pfa=0.0133 | lr=1.00e-03
Epoch 038/100 | train=0.004571 val=0.005803 | thr=0.59766 Pd=0.7833 Pfa=0.0133 | lr=1.00e-03 | best
Epoch 039/100 | train=0.004314 val=0.007172 | thr=0.50098 Pd=0.6833 Pfa=0.0133 | lr=1.00e-03
Epoch 040/100 | train=0.004368 val=0.006590 | thr=0.54590 Pd=0.7333 Pfa=0.0133 | lr=1.00e-03
Epoch 041/100 | train=0.004599 val=0.006062 | thr=0.69531 Pd=0.7000 Pfa=0.0133 | lr=1.00e-03
Epoch 042/100 | train=0.004132 val=0.006470 | thr=0.64111 Pd=0.7167 Pfa=0.0133 | lr=1.00e-03
Epoch 043/100 | train=0.004013 val=0.005609 | thr=0.67725 Pd=0.7500 Pfa=0.0133 | lr=1.00e-03
Epoch 044/100 | train=0.004144 val=0.006763 | thr=0.51562 Pd=0.7000 Pfa=0.0133 | lr=1.00e-03
Epoch 045/100 | train=0.003883 val=0.005837 | thr=0.76660 Pd=0.6333 Pfa=0.0133 | lr=1.00e-03
Epoch 046/100 | train=0.004037 val=0.006451 | thr=0.69043 Pd=0.6667 Pfa=0.0133 | lr=1.00e-03
Epoch 047/100 | train=0.004298 val=0.005621 | thr=0.67334 Pd=0.8333 Pfa=0.0133 | lr=1.00e-03 | best
Epoch 048/100 | train=0.004142 val=0.005519 | thr=0.67773 Pd=0.7500 Pfa=0.0133 | lr=1.00e-03
Epoch 049/100 | train=0.003717 val=0.005833 | thr=0.77197 Pd=0.7333 Pfa=0.0133 | lr=1.00e-03
Epoch 050/100 | train=0.003935 val=0.007155 | thr=0.78223 Pd=0.6000 Pfa=0.0133 | lr=1.00e-03
Epoch 051/100 | train=0.003980 val=0.007565 | thr=0.44629 Pd=0.6667 Pfa=0.0133 | lr=1.00e-03
Epoch 052/100 | train=0.003860 val=0.005478 | thr=0.74414 Pd=0.8000 Pfa=0.0133 | lr=1.00e-03
Epoch 053/100 | train=0.003507 val=0.006255 | thr=0.71094 Pd=0.6833 Pfa=0.0133 | lr=1.00e-03
Epoch 054/100 | train=0.003621 val=0.006527 | thr=0.59619 Pd=0.7000 Pfa=0.0133 | lr=1.00e-03
Epoch 055/100 | train=0.004275 val=0.005012 | thr=0.83594 Pd=0.6500 Pfa=0.0133 | lr=1.00e-03
Epoch 056/100 | train=0.003462 val=0.005830 | thr=0.59766 Pd=0.7167 Pfa=0.0133 | lr=1.00e-03
Epoch 057/100 | train=0.003401 val=0.005374 | thr=0.64990 Pd=0.7833 Pfa=0.0133 | lr=1.00e-03
Epoch 058/100 | train=0.003531 val=0.005736 | thr=0.50928 Pd=0.7167 Pfa=0.0133 | lr=1.00e-03
Epoch 059/100 | train=0.003242 val=0.005601 | thr=0.72168 Pd=0.7500 Pfa=0.0133 | lr=1.00e-03
Epoch 060/100 | train=0.003142 val=0.005471 | thr=0.51025 Pd=0.7667 Pfa=0.0133 | lr=1.00e-03
Epoch 061/100 | train=0.003554 val=0.006440 | thr=0.69531 Pd=0.6833 Pfa=0.0133 | lr=5.00e-04
Epoch 062/100 | train=0.002989 val=0.005537 | thr=0.70117 Pd=0.7333 Pfa=0.0133 | lr=5.00e-04
Epoch 063/100 | train=0.002797 val=0.005643 | thr=0.58984 Pd=0.7333 Pfa=0.0133 | lr=5.00e-04
Epoch 064/100 | train=0.002744 val=0.006111 | thr=0.83984 Pd=0.6167 Pfa=0.0133 | lr=5.00e-04
Epoch 065/100 | train=0.002616 val=0.005692 | thr=0.50439 Pd=0.6833 Pfa=0.0133 | lr=5.00e-04
Epoch 066/100 | train=0.002586 val=0.005988 | thr=0.46704 Pd=0.7667 Pfa=0.0133 | lr=5.00e-04
Epoch 067/100 | train=0.002526 val=0.005755 | thr=0.74072 Pd=0.7333 Pfa=0.0133 | lr=2.50e-04
Early stopping after 20 stale epochs

==================================================================================
best epoch : 47
threshold  : 0.673340
test       : Pd=0.6346, Pfa=0.3867, FA=58, AUC=0.7734
result dir : /home/tobeornot8259748/projects/balloon_radar_project/results/experiments/polar_repr_v2_polar6_gated_v4_fold04_seed42_formal
==================================================================================
预加载 ri8_gated-train: 736 个样本...
  ri8_gated-train: 200/736
  ri8_gated-train: 400/736
  ri8_gated-train: 600/736
  ri8_gated-train: 736/736
预加载 ri8_gated-val: 210 个样本...
  ri8_gated-val: 200/210
  ri8_gated-val: 210/210
预加载 ri8_gated-test: 202 个样本...
  ri8_gated-test: 200/202
  ri8_gated-test: 202/202
==================================================================================
experiment       : polar_repr_v2_ri8_gated_v4_fold04_seed42_formal
fold / mode      : 4 / ri8_gated
active channels  : ('Re_H', 'Im_H', 'Re_V', 'Im_V', 'gated_relative_ZDR_like', 'gated_local_rho_HV', 'gated_cos_relative_phase', 'gated_sin_relative_phase')
canonical input  : 8 channels
parameters       : 19,793
device / AMP     : cuda / True
dataset sizes    : train=736, val=210, test=202
==================================================================================
Epoch 001/100 | train=0.329156 val=0.137914 | thr=0.33472 Pd=0.0667 Pfa=0.0133 | lr=1.00e-03 | best
Epoch 002/100 | train=0.087909 val=0.057105 | thr=0.36133 Pd=0.2833 Pfa=0.0133 | lr=1.00e-03 | best
Epoch 003/100 | train=0.042276 val=0.032147 | thr=0.48047 Pd=0.4333 Pfa=0.0133 | lr=1.00e-03 | best
Epoch 004/100 | train=0.026101 val=0.021615 | thr=0.56299 Pd=0.3667 Pfa=0.0133 | lr=1.00e-03
Epoch 005/100 | train=0.018626 val=0.016023 | thr=0.63477 Pd=0.5833 Pfa=0.0133 | lr=1.00e-03 | best
Epoch 006/100 | train=0.014474 val=0.013025 | thr=0.72900 Pd=0.5000 Pfa=0.0133 | lr=1.00e-03
Epoch 007/100 | train=0.011933 val=0.011738 | thr=0.61572 Pd=0.6167 Pfa=0.0133 | lr=1.00e-03 | best
Epoch 008/100 | train=0.010495 val=0.010865 | thr=0.66895 Pd=0.5000 Pfa=0.0133 | lr=1.00e-03
Epoch 009/100 | train=0.009411 val=0.009723 | thr=0.60400 Pd=0.6000 Pfa=0.0133 | lr=1.00e-03
Epoch 010/100 | train=0.008548 val=0.008772 | thr=0.67480 Pd=0.6500 Pfa=0.0133 | lr=1.00e-03 | best
Epoch 011/100 | train=0.008082 val=0.008892 | thr=0.69385 Pd=0.5000 Pfa=0.0133 | lr=1.00e-03
Epoch 012/100 | train=0.007535 val=0.008005 | thr=0.78760 Pd=0.5833 Pfa=0.0133 | lr=1.00e-03
Epoch 013/100 | train=0.007000 val=0.007676 | thr=0.62646 Pd=0.6833 Pfa=0.0133 | lr=1.00e-03 | best
Epoch 014/100 | train=0.006793 val=0.008574 | thr=0.57861 Pd=0.6667 Pfa=0.0133 | lr=1.00e-03
Epoch 015/100 | train=0.006563 val=0.007734 | thr=0.52979 Pd=0.6667 Pfa=0.0133 | lr=1.00e-03
Epoch 016/100 | train=0.006288 val=0.007785 | thr=0.56738 Pd=0.7000 Pfa=0.0133 | lr=1.00e-03 | best
Epoch 017/100 | train=0.005744 val=0.007261 | thr=0.67529 Pd=0.6667 Pfa=0.0133 | lr=1.00e-03
Epoch 018/100 | train=0.005893 val=0.007519 | thr=0.50879 Pd=0.7167 Pfa=0.0133 | lr=1.00e-03 | best
Epoch 019/100 | train=0.005660 val=0.006673 | thr=0.51904 Pd=0.6667 Pfa=0.0133 | lr=1.00e-03
Epoch 020/100 | train=0.005209 val=0.006231 | thr=0.49878 Pd=0.7500 Pfa=0.0133 | lr=1.00e-03 | best
Epoch 021/100 | train=0.005169 val=0.006255 | thr=0.61230 Pd=0.7167 Pfa=0.0133 | lr=1.00e-03
Epoch 022/100 | train=0.005027 val=0.005726 | thr=0.53857 Pd=0.7833 Pfa=0.0133 | lr=1.00e-03 | best
Epoch 023/100 | train=0.004935 val=0.006026 | thr=0.67188 Pd=0.7167 Pfa=0.0133 | lr=1.00e-03
Epoch 024/100 | train=0.004741 val=0.006409 | thr=0.56006 Pd=0.7833 Pfa=0.0133 | lr=1.00e-03
Epoch 025/100 | train=0.004542 val=0.007219 | thr=0.44482 Pd=0.7167 Pfa=0.0133 | lr=1.00e-03
Epoch 026/100 | train=0.004722 val=0.005516 | thr=0.59717 Pd=0.8000 Pfa=0.0133 | lr=1.00e-03 | best
Epoch 027/100 | train=0.004386 val=0.005657 | thr=0.46875 Pd=0.7833 Pfa=0.0133 | lr=1.00e-03
Epoch 028/100 | train=0.004157 val=0.005921 | thr=0.47681 Pd=0.8167 Pfa=0.0133 | lr=1.00e-03 | best
Epoch 029/100 | train=0.004012 val=0.006160 | thr=0.47485 Pd=0.7667 Pfa=0.0133 | lr=1.00e-03
Epoch 030/100 | train=0.004436 val=0.006084 | thr=0.55420 Pd=0.7500 Pfa=0.0133 | lr=1.00e-03
Epoch 031/100 | train=0.003843 val=0.005793 | thr=0.56592 Pd=0.8167 Pfa=0.0133 | lr=1.00e-03 | best
Epoch 032/100 | train=0.003970 val=0.005667 | thr=0.56104 Pd=0.7833 Pfa=0.0133 | lr=5.00e-04
Epoch 033/100 | train=0.003406 val=0.004804 | thr=0.59814 Pd=0.8500 Pfa=0.0133 | lr=5.00e-04 | best
Epoch 034/100 | train=0.003304 val=0.005138 | thr=0.53711 Pd=0.8333 Pfa=0.0133 | lr=5.00e-04
Epoch 035/100 | train=0.003282 val=0.005281 | thr=0.59668 Pd=0.8000 Pfa=0.0133 | lr=5.00e-04
Epoch 036/100 | train=0.003243 val=0.005128 | thr=0.59082 Pd=0.8167 Pfa=0.0133 | lr=5.00e-04
Epoch 037/100 | train=0.003088 val=0.005149 | thr=0.45166 Pd=0.8000 Pfa=0.0133 | lr=5.00e-04
Epoch 038/100 | train=0.003182 val=0.006083 | thr=0.36621 Pd=0.7500 Pfa=0.0133 | lr=5.00e-04
Epoch 039/100 | train=0.003091 val=0.005148 | thr=0.51953 Pd=0.8167 Pfa=0.0133 | lr=2.50e-04
Epoch 040/100 | train=0.002832 val=0.005055 | thr=0.49512 Pd=0.8000 Pfa=0.0133 | lr=2.50e-04
Epoch 041/100 | train=0.002790 val=0.005318 | thr=0.42920 Pd=0.8000 Pfa=0.0133 | lr=2.50e-04
Epoch 042/100 | train=0.002777 val=0.005043 | thr=0.44922 Pd=0.8167 Pfa=0.0133 | lr=2.50e-04
Epoch 043/100 | train=0.002694 val=0.004994 | thr=0.46460 Pd=0.8167 Pfa=0.0133 | lr=2.50e-04
Epoch 044/100 | train=0.002693 val=0.005272 | thr=0.39819 Pd=0.8167 Pfa=0.0133 | lr=2.50e-04
Epoch 045/100 | train=0.002665 val=0.004937 | thr=0.43628 Pd=0.8167 Pfa=0.0133 | lr=1.25e-04
Epoch 046/100 | train=0.002586 val=0.005075 | thr=0.40918 Pd=0.8167 Pfa=0.0133 | lr=1.25e-04
Epoch 047/100 | train=0.002560 val=0.005039 | thr=0.44629 Pd=0.8000 Pfa=0.0133 | lr=1.25e-04
Epoch 048/100 | train=0.002549 val=0.005147 | thr=0.39941 Pd=0.8167 Pfa=0.0133 | lr=1.25e-04
Epoch 049/100 | train=0.002561 val=0.005215 | thr=0.40820 Pd=0.8167 Pfa=0.0133 | lr=1.25e-04
Epoch 050/100 | train=0.002533 val=0.005101 | thr=0.43140 Pd=0.8000 Pfa=0.0133 | lr=1.25e-04
Epoch 051/100 | train=0.002509 val=0.005249 | thr=0.41284 Pd=0.8167 Pfa=0.0133 | lr=6.25e-05
Epoch 052/100 | train=0.002457 val=0.005189 | thr=0.40210 Pd=0.8167 Pfa=0.0133 | lr=6.25e-05
Epoch 053/100 | train=0.002446 val=0.005066 | thr=0.40405 Pd=0.8000 Pfa=0.0133 | lr=6.25e-05
Early stopping after 20 stale epochs

==================================================================================
best epoch : 33
threshold  : 0.598145
test       : Pd=0.7500, Pfa=0.3600, FA=54, AUC=0.8495
result dir : /home/tobeornot8259748/projects/balloon_radar_project/results/experiments/polar_repr_v2_ri8_gated_v4_fold04_seed42_formal
==================================================================================
==================================================================================
representation summary (formal)
found   : 8
missing : 0
detail  : /home/tobeornot8259748/projects/balloon_radar_project/results/data_audit/polarimetric_representation_benchmark_v2/representation_detail_formal.csv
aggregate: /home/tobeornot8259748/projects/balloon_radar_project/results/data_audit/polarimetric_representation_benchmark_v2/representation_aggregate_formal.csv
==================================================================================

====================================================================================================
COMMAND:
/home/tobeornot8259748/miniforge3/envs/radar-torch/bin/python training/train_polarimetric_representation_fcn_v2.py --name polar_repr_v2_power2_v4_fold01_seed42_formal --manifest-path /home/tobeornot8259748/projects/balloon_radar_project/results/data_audit/dataset_v4_multifold/fold_01_manifest.csv --input-mode power2 --dataset-version V4 --fold-id 1 --epochs 100 --batch-size 8 --num-workers 0 --gate-low-percentile 50.0 --gate-high-percentile 99.0 --gate-gamma 1.5 --seed 42
====================================================================================================

====================================================================================================
COMMAND:
/home/tobeornot8259748/miniforge3/envs/radar-torch/bin/python training/train_polarimetric_representation_fcn_v2.py --name polar_repr_v2_ri4_v4_fold01_seed42_formal --manifest-path /home/tobeornot8259748/projects/balloon_radar_project/results/data_audit/dataset_v4_multifold/fold_01_manifest.csv --input-mode ri4 --dataset-version V4 --fold-id 1 --epochs 100 --batch-size 8 --num-workers 0 --gate-low-percentile 50.0 --gate-high-percentile 99.0 --gate-gamma 1.5 --seed 42
====================================================================================================

====================================================================================================
COMMAND:
/home/tobeornot8259748/miniforge3/envs/radar-torch/bin/python training/train_polarimetric_representation_fcn_v2.py --name polar_repr_v2_polar6_gated_v4_fold01_seed42_formal --manifest-path /home/tobeornot8259748/projects/balloon_radar_project/results/data_audit/dataset_v4_multifold/fold_01_manifest.csv --input-mode polar6_gated --dataset-version V4 --fold-id 1 --epochs 100 --batch-size 8 --num-workers 0 --gate-low-percentile 50.0 --gate-high-percentile 99.0 --gate-gamma 1.5 --seed 42
====================================================================================================

====================================================================================================
COMMAND:
/home/tobeornot8259748/miniforge3/envs/radar-torch/bin/python training/train_polarimetric_representation_fcn_v2.py --name polar_repr_v2_ri8_gated_v4_fold01_seed42_formal --manifest-path /home/tobeornot8259748/projects/balloon_radar_project/results/data_audit/dataset_v4_multifold/fold_01_manifest.csv --input-mode ri8_gated --dataset-version V4 --fold-id 1 --epochs 100 --batch-size 8 --num-workers 0 --gate-low-percentile 50.0 --gate-high-percentile 99.0 --gate-gamma 1.5 --seed 42
====================================================================================================

====================================================================================================
COMMAND:
/home/tobeornot8259748/miniforge3/envs/radar-torch/bin/python training/train_polarimetric_representation_fcn_v2.py --name polar_repr_v2_power2_v4_fold04_seed42_formal --manifest-path /home/tobeornot8259748/projects/balloon_radar_project/results/data_audit/dataset_v4_multifold/fold_04_manifest.csv --input-mode power2 --dataset-version V4 --fold-id 4 --epochs 100 --batch-size 8 --num-workers 0 --gate-low-percentile 50.0 --gate-high-percentile 99.0 --gate-gamma 1.5 --seed 42
====================================================================================================

====================================================================================================
COMMAND:
/home/tobeornot8259748/miniforge3/envs/radar-torch/bin/python training/train_polarimetric_representation_fcn_v2.py --name polar_repr_v2_ri4_v4_fold04_seed42_formal --manifest-path /home/tobeornot8259748/projects/balloon_radar_project/results/data_audit/dataset_v4_multifold/fold_04_manifest.csv --input-mode ri4 --dataset-version V4 --fold-id 4 --epochs 100 --batch-size 8 --num-workers 0 --gate-low-percentile 50.0 --gate-high-percentile 99.0 --gate-gamma 1.5 --seed 42
====================================================================================================

====================================================================================================
COMMAND:
/home/tobeornot8259748/miniforge3/envs/radar-torch/bin/python training/train_polarimetric_representation_fcn_v2.py --name polar_repr_v2_polar6_gated_v4_fold04_seed42_formal --manifest-path /home/tobeornot8259748/projects/balloon_radar_project/results/data_audit/dataset_v4_multifold/fold_04_manifest.csv --input-mode polar6_gated --dataset-version V4 --fold-id 4 --epochs 100 --batch-size 8 --num-workers 0 --gate-low-percentile 50.0 --gate-high-percentile 99.0 --gate-gamma 1.5 --seed 42
====================================================================================================

====================================================================================================
COMMAND:
/home/tobeornot8259748/miniforge3/envs/radar-torch/bin/python training/train_polarimetric_representation_fcn_v2.py --name polar_repr_v2_ri8_gated_v4_fold04_seed42_formal --manifest-path /home/tobeornot8259748/projects/balloon_radar_project/results/data_audit/dataset_v4_multifold/fold_04_manifest.csv --input-mode ri8_gated --dataset-version V4 --fold-id 4 --epochs 100 --batch-size 8 --num-workers 0 --gate-low-percentile 50.0 --gate-high-percentile 99.0 --gate-gamma 1.5 --seed 42
====================================================================================================

====================================================================================================
COMMAND:
/home/tobeornot8259748/miniforge3/envs/radar-torch/bin/python scripts/summarize_polarimetric_representation_benchmark_v2.py --folds 1 4 --modes power2 ri4 polar6_gated ri8_gated --scope formal --require-all
====================================================================================================
