
====================================================================================================
COMMAND:
/home/tobeornot8259748/miniforge3/envs/radar-torch/bin/python scripts/build_roi_polarimetric_cache_v1.py --fold 2 --manifest-path /home/tobeornot8259748/projects/balloon_radar_project/results/data_audit/dataset_v4_multifold/fold_02_manifest.csv --base-checkpoint /home/tobeornot8259748/projects/balloon_radar_project/results/experiments/polar_repr_v2_power2_v4_fold02_seed42_formal/checkpoints/best.pt --output-dir /home/tobeornot8259748/projects/balloon_radar_project/results/data_audit/roi_polarimetric_stage4_v1/cache/fold_02_smoke --batch-size 8 --num-workers 0 --debug-per-class 8 --roi-velocity-radius 5 --roi-range-radius 4
====================================================================================================
[cache complete] /home/tobeornot8259748/projects/balloon_radar_project/results/data_audit/roi_polarimetric_stage4_v1/cache/fold_02_smoke
[skip complete] roi_polar_stage4_v1_power2_baseline_v4_fold02_seed42_smoke
[skip complete] roi_polar_stage4_v1_power2_roi_power_control_v4_fold02_seed42_smoke
[skip complete] roi_polar_stage4_v1_power2_roi_ri4_v4_fold02_seed42_smoke

====================================================================================================
COMMAND:
/home/tobeornot8259748/miniforge3/envs/radar-torch/bin/python scripts/build_roi_polarimetric_cache_v1.py --fold 3 --manifest-path /home/tobeornot8259748/projects/balloon_radar_project/results/data_audit/dataset_v4_multifold/fold_03_manifest.csv --base-checkpoint /home/tobeornot8259748/projects/balloon_radar_project/results/experiments/polar_repr_v2_power2_v4_fold03_seed42_formal/checkpoints/best.pt --output-dir /home/tobeornot8259748/projects/balloon_radar_project/results/data_audit/roi_polarimetric_stage4_v1/cache/fold_03_smoke --batch-size 8 --num-workers 0 --debug-per-class 8 --roi-velocity-radius 5 --roi-range-radius 4
====================================================================================================
[cache complete] /home/tobeornot8259748/projects/balloon_radar_project/results/data_audit/roi_polarimetric_stage4_v1/cache/fold_03_smoke
[skip complete] roi_polar_stage4_v1_power2_baseline_v4_fold03_seed42_smoke
[skip complete] roi_polar_stage4_v1_power2_roi_power_control_v4_fold03_seed42_smoke
[skip complete] roi_polar_stage4_v1_power2_roi_ri4_v4_fold03_seed42_smoke

====================================================================================================
COMMAND:
/home/tobeornot8259748/miniforge3/envs/radar-torch/bin/python scripts/build_roi_polarimetric_cache_v1.py --fold 5 --manifest-path /home/tobeornot8259748/projects/balloon_radar_project/results/data_audit/dataset_v4_multifold/fold_05_manifest.csv --base-checkpoint /home/tobeornot8259748/projects/balloon_radar_project/results/experiments/polar_repr_v2_power2_v4_fold05_seed42_formal/checkpoints/best.pt --output-dir /home/tobeornot8259748/projects/balloon_radar_project/results/data_audit/roi_polarimetric_stage4_v1/cache/fold_05_smoke --batch-size 8 --num-workers 0 --debug-per-class 8 --roi-velocity-radius 5 --roi-range-radius 4
====================================================================================================
[cache complete] /home/tobeornot8259748/projects/balloon_radar_project/results/data_audit/roi_polarimetric_stage4_v1/cache/fold_05_smoke
[skip complete] roi_polar_stage4_v1_power2_baseline_v4_fold05_seed42_smoke
[skip complete] roi_polar_stage4_v1_power2_roi_power_control_v4_fold05_seed42_smoke
[skip complete] roi_polar_stage4_v1_power2_roi_ri4_v4_fold05_seed42_smoke

====================================================================================================
COMMAND:
/home/tobeornot8259748/miniforge3/envs/radar-torch/bin/python scripts/build_roi_polarimetric_cache_v1.py --fold 6 --manifest-path /home/tobeornot8259748/projects/balloon_radar_project/results/data_audit/dataset_v4_multifold/fold_06_manifest.csv --base-checkpoint /home/tobeornot8259748/projects/balloon_radar_project/results/experiments/polar_repr_v2_power2_v4_fold06_seed42_formal/checkpoints/best.pt --output-dir /home/tobeornot8259748/projects/balloon_radar_project/results/data_audit/roi_polarimetric_stage4_v1/cache/fold_06_smoke --batch-size 8 --num-workers 0 --debug-per-class 8 --roi-velocity-radius 5 --roi-range-radius 4
====================================================================================================
[cache complete] /home/tobeornot8259748/projects/balloon_radar_project/results/data_audit/roi_polarimetric_stage4_v1/cache/fold_06_smoke
[skip complete] roi_polar_stage4_v1_power2_baseline_v4_fold06_seed42_smoke
[skip complete] roi_polar_stage4_v1_power2_roi_power_control_v4_fold06_seed42_smoke
[skip complete] roi_polar_stage4_v1_power2_roi_ri4_v4_fold06_seed42_smoke

====================================================================================================
COMMAND:
/home/tobeornot8259748/miniforge3/envs/radar-torch/bin/python scripts/summarize_roi_stage4_selected_sixfold_v1.py --folds 2 3 5 6 --modes power2_baseline power2_roi_power_control power2_roi_ri4 --scope smoke --require-all
====================================================================================================
found=12 missing=0 output=/home/tobeornot8259748/projects/balloon_radar_project/results/data_audit/roi_stage4_selected_sixfold_v1
