预加载 power2-train: 779 个样本...
  power2-train: 200/779
  power2-train: 400/779
  power2-train: 600/779
  power2-train: 779/779
预加载 power2-val: 202 个样本...
  power2-val: 200/202
  power2-val: 202/202
预加载 power2-test: 167 个样本...
  power2-test: 167/167
==================================================================================
experiment       : polar_repr_v2_power2_v4_fold03_seed42_formal
fold / mode      : 3 / power2
active channels  : ('H_power', 'V_power')
canonical input  : 8 channels
parameters       : 19,793
device / AMP     : cuda / True
dataset sizes    : train=779, val=202, test=167
==================================================================================
Epoch 001/100 | train=0.309231 val=0.134945 | thr=0.35425 Pd=0.0000 Pfa=0.0133 | lr=1.00e-03 | best
Epoch 002/100 | train=0.091121 val=0.055100 | thr=0.17700 Pd=0.0000 Pfa=0.0067 | lr=1.00e-03 | best
Epoch 003/100 | train=0.044103 val=0.032203 | thr=0.12659 Pd=0.0000 Pfa=0.0067 | lr=1.00e-03 | best
Epoch 004/100 | train=0.028946 val=0.023705 | thr=0.10950 Pd=0.0000 Pfa=0.0133 | lr=1.00e-03
Epoch 005/100 | train=0.022871 val=0.019915 | thr=0.08990 Pd=0.0000 Pfa=0.0133 | lr=1.00e-03
Epoch 006/100 | train=0.020108 val=0.018135 | thr=0.08832 Pd=0.0000 Pfa=0.0133 | lr=1.00e-03
Epoch 007/100 | train=0.018697 val=0.017148 | thr=0.08881 Pd=0.0000 Pfa=0.0133 | lr=1.00e-03
Epoch 008/100 | train=0.017889 val=0.016557 | thr=0.06995 Pd=0.0000 Pfa=0.0067 | lr=1.00e-03 | best
Epoch 009/100 | train=0.017393 val=0.016175 | thr=0.05780 Pd=0.0000 Pfa=0.0133 | lr=1.00e-03
Epoch 010/100 | train=0.017063 val=0.015898 | thr=0.06165 Pd=0.0000 Pfa=0.0133 | lr=1.00e-03
Epoch 011/100 | train=0.016817 val=0.015695 | thr=0.07172 Pd=0.0000 Pfa=0.0133 | lr=1.00e-03
Epoch 012/100 | train=0.016551 val=0.015561 | thr=0.22974 Pd=0.0000 Pfa=0.0133 | lr=1.00e-03
Epoch 013/100 | train=0.016163 val=0.015073 | thr=0.27710 Pd=0.0000 Pfa=0.0133 | lr=1.00e-03
Epoch 014/100 | train=0.015141 val=0.014355 | thr=0.52051 Pd=0.0000 Pfa=0.0133 | lr=1.00e-03
Epoch 015/100 | train=0.014005 val=0.013048 | thr=0.58105 Pd=0.0000 Pfa=0.0133 | lr=1.00e-03
Epoch 016/100 | train=0.013805 val=0.012787 | thr=0.64307 Pd=0.0000 Pfa=0.0133 | lr=1.00e-03
Epoch 017/100 | train=0.011924 val=0.011750 | thr=0.71338 Pd=0.0192 Pfa=0.0133 | lr=1.00e-03 | best
Epoch 018/100 | train=0.011526 val=0.011318 | thr=0.83984 Pd=0.0769 Pfa=0.0133 | lr=1.00e-03 | best
Epoch 019/100 | train=0.010230 val=0.010565 | thr=0.78613 Pd=0.0769 Pfa=0.0133 | lr=1.00e-03 | best
Epoch 020/100 | train=0.009902 val=0.009960 | thr=0.81592 Pd=0.1923 Pfa=0.0133 | lr=1.00e-03 | best
Epoch 021/100 | train=0.009400 val=0.011689 | thr=0.90771 Pd=0.1154 Pfa=0.0133 | lr=1.00e-03
Epoch 022/100 | train=0.009078 val=0.009307 | thr=0.74170 Pd=0.3654 Pfa=0.0133 | lr=1.00e-03 | best
Epoch 023/100 | train=0.009458 val=0.011558 | thr=0.88428 Pd=0.2500 Pfa=0.0133 | lr=1.00e-03
Epoch 024/100 | train=0.008675 val=0.009369 | thr=0.78174 Pd=0.3846 Pfa=0.0133 | lr=1.00e-03 | best
Epoch 025/100 | train=0.008410 val=0.009236 | thr=0.90723 Pd=0.5000 Pfa=0.0133 | lr=1.00e-03 | best
Epoch 026/100 | train=0.007457 val=0.008538 | thr=0.88818 Pd=0.5385 Pfa=0.0133 | lr=1.00e-03 | best
Epoch 027/100 | train=0.007409 val=0.008892 | thr=0.89258 Pd=0.5577 Pfa=0.0133 | lr=1.00e-03 | best
Epoch 028/100 | train=0.007044 val=0.009806 | thr=0.94873 Pd=0.3846 Pfa=0.0133 | lr=1.00e-03
Epoch 029/100 | train=0.006802 val=0.008665 | thr=0.93408 Pd=0.5577 Pfa=0.0133 | lr=1.00e-03 | best
Epoch 030/100 | train=0.006820 val=0.007947 | thr=0.86670 Pd=0.6346 Pfa=0.0133 | lr=1.00e-03 | best
Epoch 031/100 | train=0.006519 val=0.008449 | thr=0.92090 Pd=0.6538 Pfa=0.0133 | lr=1.00e-03 | best
Epoch 032/100 | train=0.006671 val=0.007890 | thr=0.90625 Pd=0.6154 Pfa=0.0133 | lr=1.00e-03
Epoch 033/100 | train=0.006347 val=0.007874 | thr=0.91895 Pd=0.5577 Pfa=0.0133 | lr=1.00e-03
Epoch 034/100 | train=0.006344 val=0.007722 | thr=0.75537 Pd=0.6538 Pfa=0.0133 | lr=1.00e-03 | best
Epoch 035/100 | train=0.006097 val=0.008044 | thr=0.94531 Pd=0.5385 Pfa=0.0133 | lr=1.00e-03
Epoch 036/100 | train=0.006295 val=0.008074 | thr=0.87939 Pd=0.6346 Pfa=0.0133 | lr=1.00e-03
Epoch 037/100 | train=0.006135 val=0.008937 | thr=0.95410 Pd=0.3846 Pfa=0.0133 | lr=1.00e-03
Epoch 038/100 | train=0.006014 val=0.007521 | thr=0.86035 Pd=0.6538 Pfa=0.0133 | lr=1.00e-03 | best
Epoch 039/100 | train=0.005904 val=0.007124 | thr=0.78711 Pd=0.7308 Pfa=0.0133 | lr=1.00e-03 | best
Epoch 040/100 | train=0.005732 val=0.007838 | thr=0.77490 Pd=0.7115 Pfa=0.0133 | lr=1.00e-03
Epoch 041/100 | train=0.005696 val=0.007073 | thr=0.87109 Pd=0.6923 Pfa=0.0133 | lr=1.00e-03
Epoch 042/100 | train=0.005522 val=0.006884 | thr=0.81152 Pd=0.7115 Pfa=0.0133 | lr=1.00e-03
Epoch 043/100 | train=0.005712 val=0.007212 | thr=0.89502 Pd=0.7115 Pfa=0.0133 | lr=1.00e-03
Epoch 044/100 | train=0.005460 val=0.007050 | thr=0.92139 Pd=0.6346 Pfa=0.0133 | lr=1.00e-03
Epoch 045/100 | train=0.005411 val=0.006839 | thr=0.79736 Pd=0.7500 Pfa=0.0133 | lr=1.00e-03 | best
Epoch 046/100 | train=0.005430 val=0.008166 | thr=0.95654 Pd=0.4615 Pfa=0.0133 | lr=1.00e-03
Epoch 047/100 | train=0.005405 val=0.006700 | thr=0.85840 Pd=0.7308 Pfa=0.0133 | lr=1.00e-03
Epoch 048/100 | train=0.005364 val=0.007193 | thr=0.92822 Pd=0.6346 Pfa=0.0133 | lr=1.00e-03
Epoch 049/100 | train=0.005342 val=0.006785 | thr=0.90039 Pd=0.7885 Pfa=0.0133 | lr=1.00e-03 | best
Epoch 050/100 | train=0.005269 val=0.007119 | thr=0.86328 Pd=0.6923 Pfa=0.0133 | lr=1.00e-03
Epoch 051/100 | train=0.005209 val=0.007139 | thr=0.91602 Pd=0.5769 Pfa=0.0133 | lr=1.00e-03
Epoch 052/100 | train=0.005074 val=0.007256 | thr=0.94092 Pd=0.3846 Pfa=0.0133 | lr=1.00e-03
Epoch 053/100 | train=0.005170 val=0.006950 | thr=0.92236 Pd=0.6731 Pfa=0.0133 | lr=5.00e-04
Epoch 054/100 | train=0.004831 val=0.006732 | thr=0.86719 Pd=0.6731 Pfa=0.0133 | lr=5.00e-04
Epoch 055/100 | train=0.004708 val=0.006517 | thr=0.87451 Pd=0.6923 Pfa=0.0133 | lr=5.00e-04
Epoch 056/100 | train=0.004743 val=0.006438 | thr=0.93457 Pd=0.7115 Pfa=0.0133 | lr=5.00e-04
Epoch 057/100 | train=0.004652 val=0.006741 | thr=0.91699 Pd=0.6731 Pfa=0.0133 | lr=5.00e-04
Epoch 058/100 | train=0.004532 val=0.006774 | thr=0.94922 Pd=0.7115 Pfa=0.0067 | lr=5.00e-04
Epoch 059/100 | train=0.004624 val=0.006569 | thr=0.96045 Pd=0.5192 Pfa=0.0133 | lr=5.00e-04
Epoch 060/100 | train=0.004549 val=0.006161 | thr=0.89404 Pd=0.7308 Pfa=0.0133 | lr=5.00e-04
Epoch 061/100 | train=0.004614 val=0.006509 | thr=0.92480 Pd=0.6923 Pfa=0.0133 | lr=5.00e-04
Epoch 062/100 | train=0.004637 val=0.006411 | thr=0.89014 Pd=0.6731 Pfa=0.0133 | lr=5.00e-04
Epoch 063/100 | train=0.004583 val=0.006320 | thr=0.90869 Pd=0.6923 Pfa=0.0133 | lr=5.00e-04
Epoch 064/100 | train=0.004490 val=0.006506 | thr=0.95850 Pd=0.5962 Pfa=0.0133 | lr=5.00e-04
Epoch 065/100 | train=0.004506 val=0.006539 | thr=0.80664 Pd=0.7308 Pfa=0.0133 | lr=5.00e-04
Epoch 066/100 | train=0.004660 val=0.006388 | thr=0.93115 Pd=0.6923 Pfa=0.0133 | lr=2.50e-04
Epoch 067/100 | train=0.004298 val=0.006201 | thr=0.94092 Pd=0.6923 Pfa=0.0133 | lr=2.50e-04
Epoch 068/100 | train=0.004288 val=0.006333 | thr=0.92627 Pd=0.7500 Pfa=0.0133 | lr=2.50e-04
Epoch 069/100 | train=0.004264 val=0.006218 | thr=0.88135 Pd=0.7308 Pfa=0.0133 | lr=2.50e-04
Early stopping after 20 stale epochs

==================================================================================
best epoch : 49
threshold  : 0.900391
test       : Pd=0.8269, Pfa=0.0000, FA=0, AUC=1.0000
result dir : /home/tobeornot8259748/projects/balloon_radar_project/results/experiments/polar_repr_v2_power2_v4_fold03_seed42_formal
==================================================================================
预加载 power2-train: 775 个样本...
  power2-train: 200/775
  power2-train: 400/775
  power2-train: 600/775
  power2-train: 775/775
预加载 power2-val: 163 个样本...
  power2-val: 163/163
预加载 power2-test: 210 个样本...
  power2-test: 200/210
  power2-test: 210/210
==================================================================================
experiment       : polar_repr_v2_power2_v4_fold05_seed42_formal
fold / mode      : 5 / power2
active channels  : ('H_power', 'V_power')
canonical input  : 8 channels
parameters       : 19,793
device / AMP     : cuda / True
dataset sizes    : train=775, val=163, test=210
==================================================================================
Epoch 001/100 | train=0.281241 val=0.139511 | thr=0.34155 Pd=0.0000 Pfa=0.0087 | lr=1.00e-03 | best
Epoch 002/100 | train=0.084285 val=0.057972 | thr=0.17310 Pd=0.0000 Pfa=0.0174 | lr=1.00e-03
Epoch 003/100 | train=0.042123 val=0.035239 | thr=0.12463 Pd=0.0000 Pfa=0.0174 | lr=1.00e-03
Epoch 004/100 | train=0.028181 val=0.026346 | thr=0.10193 Pd=0.0000 Pfa=0.0174 | lr=1.00e-03
Epoch 005/100 | train=0.022419 val=0.022374 | thr=0.08362 Pd=0.0000 Pfa=0.0174 | lr=1.00e-03
Epoch 006/100 | train=0.019737 val=0.020412 | thr=0.07532 Pd=0.0000 Pfa=0.0174 | lr=1.00e-03
Epoch 007/100 | train=0.018355 val=0.019349 | thr=0.07629 Pd=0.0000 Pfa=0.0174 | lr=1.00e-03
Epoch 008/100 | train=0.017563 val=0.018721 | thr=0.05780 Pd=0.0000 Pfa=0.0174 | lr=1.00e-03
Epoch 009/100 | train=0.017080 val=0.018320 | thr=0.07172 Pd=0.0000 Pfa=0.0174 | lr=1.00e-03
Epoch 010/100 | train=0.016734 val=0.017997 | thr=0.08960 Pd=0.0000 Pfa=0.0087 | lr=1.00e-03 | best
Epoch 011/100 | train=0.016394 val=0.017557 | thr=0.13708 Pd=0.0000 Pfa=0.0174 | lr=1.00e-03
Epoch 012/100 | train=0.016012 val=0.016972 | thr=0.27368 Pd=0.0000 Pfa=0.0174 | lr=1.00e-03
Epoch 013/100 | train=0.014884 val=0.015731 | thr=0.31079 Pd=0.1250 Pfa=0.0174 | lr=1.00e-03 | best
Epoch 014/100 | train=0.014260 val=0.014948 | thr=0.49146 Pd=0.1042 Pfa=0.0174 | lr=1.00e-03
Epoch 015/100 | train=0.013636 val=0.013200 | thr=0.42773 Pd=0.1250 Pfa=0.0174 | lr=1.00e-03 | best
Epoch 016/100 | train=0.012013 val=0.012103 | thr=0.40161 Pd=0.3958 Pfa=0.0174 | lr=1.00e-03 | best
Epoch 017/100 | train=0.010802 val=0.011637 | thr=0.57129 Pd=0.4167 Pfa=0.0174 | lr=1.00e-03 | best
Epoch 018/100 | train=0.010693 val=0.011805 | thr=0.42236 Pd=0.3125 Pfa=0.0174 | lr=1.00e-03
Epoch 019/100 | train=0.010571 val=0.011358 | thr=0.31860 Pd=0.3750 Pfa=0.0174 | lr=1.00e-03
Epoch 020/100 | train=0.009484 val=0.009732 | thr=0.54932 Pd=0.5625 Pfa=0.0174 | lr=1.00e-03 | best
Epoch 021/100 | train=0.008783 val=0.009184 | thr=0.37231 Pd=0.6667 Pfa=0.0174 | lr=1.00e-03 | best
Epoch 022/100 | train=0.008042 val=0.009085 | thr=0.36060 Pd=0.6458 Pfa=0.0174 | lr=1.00e-03
Epoch 023/100 | train=0.008363 val=0.008617 | thr=0.33325 Pd=0.5833 Pfa=0.0174 | lr=1.00e-03
Epoch 024/100 | train=0.007633 val=0.009237 | thr=0.26050 Pd=0.5417 Pfa=0.0174 | lr=1.00e-03
Epoch 025/100 | train=0.007268 val=0.008361 | thr=0.24622 Pd=0.6458 Pfa=0.0174 | lr=1.00e-03
Epoch 026/100 | train=0.007062 val=0.008016 | thr=0.28638 Pd=0.7083 Pfa=0.0174 | lr=1.00e-03 | best
Epoch 027/100 | train=0.007202 val=0.007865 | thr=0.50635 Pd=0.7917 Pfa=0.0174 | lr=1.00e-03 | best
Epoch 028/100 | train=0.007387 val=0.007770 | thr=0.39233 Pd=0.8125 Pfa=0.0174 | lr=1.00e-03 | best
Epoch 029/100 | train=0.006682 val=0.007801 | thr=0.40698 Pd=0.6042 Pfa=0.0174 | lr=1.00e-03
Epoch 030/100 | train=0.006645 val=0.007083 | thr=0.32202 Pd=0.7083 Pfa=0.0174 | lr=1.00e-03
Epoch 031/100 | train=0.006541 val=0.007371 | thr=0.39307 Pd=0.6667 Pfa=0.0174 | lr=1.00e-03
Epoch 032/100 | train=0.006216 val=0.007249 | thr=0.28516 Pd=0.7500 Pfa=0.0174 | lr=1.00e-03
Epoch 033/100 | train=0.006135 val=0.007206 | thr=0.38477 Pd=0.8125 Pfa=0.0174 | lr=1.00e-03 | best
Epoch 034/100 | train=0.006262 val=0.007332 | thr=0.33838 Pd=0.6875 Pfa=0.0174 | lr=1.00e-03
Epoch 035/100 | train=0.006078 val=0.007116 | thr=0.50732 Pd=0.8125 Pfa=0.0174 | lr=1.00e-03 | best
Epoch 036/100 | train=0.006436 val=0.007843 | thr=0.34302 Pd=0.7500 Pfa=0.0174 | lr=5.00e-04
Epoch 037/100 | train=0.005873 val=0.006792 | thr=0.38062 Pd=0.7500 Pfa=0.0174 | lr=5.00e-04
Epoch 038/100 | train=0.005538 val=0.006447 | thr=0.35547 Pd=0.8750 Pfa=0.0174 | lr=5.00e-04 | best
Epoch 039/100 | train=0.005499 val=0.006564 | thr=0.34668 Pd=0.8125 Pfa=0.0174 | lr=5.00e-04
Epoch 040/100 | train=0.005467 val=0.006422 | thr=0.37231 Pd=0.8125 Pfa=0.0174 | lr=5.00e-04
Epoch 041/100 | train=0.005394 val=0.006534 | thr=0.36938 Pd=0.7708 Pfa=0.0174 | lr=5.00e-04
Epoch 042/100 | train=0.005360 val=0.006575 | thr=0.45728 Pd=0.8125 Pfa=0.0174 | lr=5.00e-04
Epoch 043/100 | train=0.005290 val=0.006307 | thr=0.50439 Pd=0.8333 Pfa=0.0174 | lr=5.00e-04
Epoch 044/100 | train=0.005303 val=0.006335 | thr=0.47168 Pd=0.8125 Pfa=0.0174 | lr=5.00e-04
Epoch 045/100 | train=0.005320 val=0.006411 | thr=0.39771 Pd=0.8542 Pfa=0.0174 | lr=5.00e-04
Epoch 046/100 | train=0.005206 val=0.006512 | thr=0.49390 Pd=0.7708 Pfa=0.0174 | lr=5.00e-04
Epoch 047/100 | train=0.005316 val=0.006357 | thr=0.37573 Pd=0.7708 Pfa=0.0174 | lr=5.00e-04
Epoch 048/100 | train=0.005164 val=0.006208 | thr=0.42236 Pd=0.8750 Pfa=0.0174 | lr=5.00e-04 | best
Epoch 049/100 | train=0.005191 val=0.006389 | thr=0.58594 Pd=0.8125 Pfa=0.0174 | lr=5.00e-04
Epoch 050/100 | train=0.005115 val=0.006474 | thr=0.35229 Pd=0.8333 Pfa=0.0174 | lr=5.00e-04
Epoch 051/100 | train=0.005152 val=0.006431 | thr=0.53760 Pd=0.8750 Pfa=0.0174 | lr=5.00e-04
Epoch 052/100 | train=0.005042 val=0.006187 | thr=0.48071 Pd=0.8750 Pfa=0.0174 | lr=5.00e-04 | best
Epoch 053/100 | train=0.005086 val=0.008105 | thr=0.35132 Pd=0.5208 Pfa=0.0174 | lr=5.00e-04
Epoch 054/100 | train=0.005204 val=0.006257 | thr=0.44946 Pd=0.8958 Pfa=0.0174 | lr=5.00e-04 | best
Epoch 055/100 | train=0.005317 val=0.006686 | thr=0.42261 Pd=0.7708 Pfa=0.0174 | lr=5.00e-04
Epoch 056/100 | train=0.005113 val=0.006116 | thr=0.40259 Pd=0.8333 Pfa=0.0174 | lr=5.00e-04
Epoch 057/100 | train=0.004912 val=0.006290 | thr=0.47632 Pd=0.8542 Pfa=0.0174 | lr=5.00e-04
Epoch 058/100 | train=0.004906 val=0.006373 | thr=0.44727 Pd=0.8333 Pfa=0.0174 | lr=5.00e-04
Epoch 059/100 | train=0.004905 val=0.006037 | thr=0.44727 Pd=0.8542 Pfa=0.0174 | lr=5.00e-04
Epoch 060/100 | train=0.004862 val=0.005940 | thr=0.48560 Pd=0.8750 Pfa=0.0174 | lr=5.00e-04
Epoch 061/100 | train=0.004776 val=0.005961 | thr=0.46191 Pd=0.8125 Pfa=0.0174 | lr=5.00e-04
Epoch 062/100 | train=0.004899 val=0.006544 | thr=0.35913 Pd=0.8125 Pfa=0.0174 | lr=5.00e-04
Epoch 063/100 | train=0.004741 val=0.006229 | thr=0.44385 Pd=0.8125 Pfa=0.0174 | lr=5.00e-04
Epoch 064/100 | train=0.004687 val=0.006010 | thr=0.42920 Pd=0.8542 Pfa=0.0174 | lr=5.00e-04
Epoch 065/100 | train=0.004702 val=0.006082 | thr=0.39502 Pd=0.7917 Pfa=0.0174 | lr=5.00e-04
Epoch 066/100 | train=0.004572 val=0.006325 | thr=0.42944 Pd=0.8542 Pfa=0.0174 | lr=2.50e-04
Epoch 067/100 | train=0.004490 val=0.005816 | thr=0.47534 Pd=0.8750 Pfa=0.0174 | lr=2.50e-04
Epoch 068/100 | train=0.004407 val=0.006095 | thr=0.43164 Pd=0.8125 Pfa=0.0174 | lr=2.50e-04
Epoch 069/100 | train=0.004435 val=0.006101 | thr=0.40747 Pd=0.8750 Pfa=0.0174 | lr=2.50e-04
Epoch 070/100 | train=0.004377 val=0.005757 | thr=0.50928 Pd=0.8958 Pfa=0.0174 | lr=2.50e-04 | best
Epoch 071/100 | train=0.004336 val=0.006052 | thr=0.46655 Pd=0.8542 Pfa=0.0174 | lr=2.50e-04
Epoch 072/100 | train=0.004339 val=0.006114 | thr=0.41406 Pd=0.8542 Pfa=0.0174 | lr=2.50e-04
Epoch 073/100 | train=0.004290 val=0.005772 | thr=0.59229 Pd=0.8542 Pfa=0.0174 | lr=2.50e-04
Epoch 074/100 | train=0.004335 val=0.005891 | thr=0.48755 Pd=0.8333 Pfa=0.0174 | lr=2.50e-04
Epoch 075/100 | train=0.004261 val=0.005693 | thr=0.51855 Pd=0.8542 Pfa=0.0174 | lr=2.50e-04
Epoch 076/100 | train=0.004280 val=0.005680 | thr=0.51270 Pd=0.8750 Pfa=0.0174 | lr=2.50e-04
Epoch 077/100 | train=0.004265 val=0.005910 | thr=0.39282 Pd=0.8542 Pfa=0.0174 | lr=2.50e-04
Epoch 078/100 | train=0.004339 val=0.006149 | thr=0.51221 Pd=0.7917 Pfa=0.0174 | lr=2.50e-04
Epoch 079/100 | train=0.004273 val=0.005695 | thr=0.48340 Pd=0.8750 Pfa=0.0174 | lr=2.50e-04
Epoch 080/100 | train=0.004231 val=0.005877 | thr=0.41455 Pd=0.8542 Pfa=0.0174 | lr=2.50e-04
Epoch 081/100 | train=0.004200 val=0.005761 | thr=0.50977 Pd=0.8542 Pfa=0.0174 | lr=2.50e-04
Epoch 082/100 | train=0.004170 val=0.005920 | thr=0.48560 Pd=0.8333 Pfa=0.0174 | lr=1.25e-04
Epoch 083/100 | train=0.004052 val=0.005653 | thr=0.50830 Pd=0.8750 Pfa=0.0174 | lr=1.25e-04
Epoch 084/100 | train=0.004009 val=0.005861 | thr=0.45166 Pd=0.8542 Pfa=0.0174 | lr=1.25e-04
Epoch 085/100 | train=0.004023 val=0.005889 | thr=0.43408 Pd=0.8542 Pfa=0.0174 | lr=1.25e-04
Epoch 086/100 | train=0.004038 val=0.005599 | thr=0.55762 Pd=0.8958 Pfa=0.0174 | lr=1.25e-04 | best
Epoch 087/100 | train=0.004031 val=0.005966 | thr=0.40088 Pd=0.8750 Pfa=0.0174 | lr=1.25e-04
Epoch 088/100 | train=0.003999 val=0.005973 | thr=0.41724 Pd=0.8542 Pfa=0.0174 | lr=1.25e-04
Epoch 089/100 | train=0.003985 val=0.005972 | thr=0.38770 Pd=0.8750 Pfa=0.0174 | lr=1.25e-04
Epoch 090/100 | train=0.003983 val=0.005649 | thr=0.54346 Pd=0.8958 Pfa=0.0174 | lr=1.25e-04
Epoch 091/100 | train=0.003996 val=0.005622 | thr=0.50684 Pd=0.8958 Pfa=0.0174 | lr=1.25e-04
Epoch 092/100 | train=0.003924 val=0.005698 | thr=0.49976 Pd=0.8750 Pfa=0.0174 | lr=6.25e-05
Epoch 093/100 | train=0.003890 val=0.005743 | thr=0.45508 Pd=0.8750 Pfa=0.0174 | lr=6.25e-05
Epoch 094/100 | train=0.003875 val=0.005761 | thr=0.44434 Pd=0.8750 Pfa=0.0174 | lr=6.25e-05
Epoch 095/100 | train=0.003862 val=0.005748 | thr=0.42700 Pd=0.8750 Pfa=0.0174 | lr=6.25e-05
Epoch 096/100 | train=0.003876 val=0.005776 | thr=0.43506 Pd=0.8542 Pfa=0.0174 | lr=6.25e-05
Epoch 097/100 | train=0.003848 val=0.005773 | thr=0.43994 Pd=0.8750 Pfa=0.0174 | lr=6.25e-05
Epoch 098/100 | train=0.003860 val=0.005887 | thr=0.41357 Pd=0.8542 Pfa=0.0174 | lr=3.13e-05
Epoch 099/100 | train=0.003819 val=0.005691 | thr=0.47876 Pd=0.8750 Pfa=0.0174 | lr=3.13e-05
Epoch 100/100 | train=0.003809 val=0.005703 | thr=0.46191 Pd=0.8750 Pfa=0.0174 | lr=3.13e-05

==================================================================================
best epoch : 86
threshold  : 0.557617
test       : Pd=0.8833, Pfa=0.0000, FA=0, AUC=0.9999
result dir : /home/tobeornot8259748/projects/balloon_radar_project/results/experiments/polar_repr_v2_power2_v4_fold05_seed42_formal
==================================================================================
预加载 power2-train: 782 个样本...
  power2-train: 200/782
  power2-train: 400/782
  power2-train: 600/782
  power2-train: 782/782
预加载 power2-val: 203 个样本...
  power2-val: 200/203
  power2-val: 203/203
预加载 power2-test: 163 个样本...
  power2-test: 163/163
==================================================================================
experiment       : polar_repr_v2_power2_v4_fold06_seed42_formal
fold / mode      : 6 / power2
active channels  : ('H_power', 'V_power')
canonical input  : 8 channels
parameters       : 19,793
device / AMP     : cuda / True
dataset sizes    : train=782, val=203, test=163
==================================================================================
Epoch 001/100 | train=0.298124 val=0.131573 | thr=0.34668 Pd=0.0000 Pfa=0.0133 | lr=1.00e-03 | best
Epoch 002/100 | train=0.088134 val=0.053748 | thr=0.17456 Pd=0.0000 Pfa=0.0133 | lr=1.00e-03 | best
Epoch 003/100 | train=0.043442 val=0.032033 | thr=0.12140 Pd=0.0000 Pfa=0.0133 | lr=1.00e-03 | best
Epoch 004/100 | train=0.028853 val=0.023712 | thr=0.10651 Pd=0.0000 Pfa=0.0067 | lr=1.00e-03 | best
Epoch 005/100 | train=0.022929 val=0.020010 | thr=0.09552 Pd=0.0000 Pfa=0.0133 | lr=1.00e-03
Epoch 006/100 | train=0.020213 val=0.018216 | thr=0.07251 Pd=0.0000 Pfa=0.0133 | lr=1.00e-03
Epoch 007/100 | train=0.018816 val=0.017243 | thr=0.05942 Pd=0.0000 Pfa=0.0133 | lr=1.00e-03
Epoch 008/100 | train=0.018023 val=0.016640 | thr=0.05911 Pd=0.0000 Pfa=0.0067 | lr=1.00e-03 | best
Epoch 009/100 | train=0.017539 val=0.016271 | thr=0.05203 Pd=0.0000 Pfa=0.0133 | lr=1.00e-03
Epoch 010/100 | train=0.017207 val=0.016020 | thr=0.04813 Pd=0.0000 Pfa=0.0133 | lr=1.00e-03
Epoch 011/100 | train=0.016963 val=0.015740 | thr=0.07019 Pd=0.0000 Pfa=0.0133 | lr=1.00e-03
Epoch 012/100 | train=0.016703 val=0.015491 | thr=0.27197 Pd=0.0000 Pfa=0.0133 | lr=1.00e-03
Epoch 013/100 | train=0.016359 val=0.015352 | thr=0.21375 Pd=0.0000 Pfa=0.0133 | lr=1.00e-03
Epoch 014/100 | train=0.015233 val=0.013401 | thr=0.65283 Pd=0.0000 Pfa=0.0133 | lr=1.00e-03
Epoch 015/100 | train=0.014303 val=0.012944 | thr=0.68115 Pd=0.0000 Pfa=0.0133 | lr=1.00e-03
Epoch 016/100 | train=0.013260 val=0.013979 | thr=0.84668 Pd=0.0189 Pfa=0.0133 | lr=1.00e-03 | best
Epoch 017/100 | train=0.011913 val=0.010137 | thr=0.78174 Pd=0.0189 Pfa=0.0133 | lr=1.00e-03 | best
Epoch 018/100 | train=0.011259 val=0.009898 | thr=0.84961 Pd=0.0755 Pfa=0.0133 | lr=1.00e-03 | best
Epoch 019/100 | train=0.011090 val=0.010263 | thr=0.72021 Pd=0.1132 Pfa=0.0133 | lr=1.00e-03 | best
Epoch 020/100 | train=0.009982 val=0.009759 | thr=0.87354 Pd=0.3208 Pfa=0.0133 | lr=1.00e-03 | best
Epoch 021/100 | train=0.009603 val=0.008691 | thr=0.83789 Pd=0.2075 Pfa=0.0133 | lr=1.00e-03
Epoch 022/100 | train=0.010228 val=0.009719 | thr=0.83105 Pd=0.2264 Pfa=0.0133 | lr=1.00e-03
Epoch 023/100 | train=0.009251 val=0.008301 | thr=0.86084 Pd=0.3019 Pfa=0.0133 | lr=1.00e-03
Epoch 024/100 | train=0.008445 val=0.007906 | thr=0.85156 Pd=0.5472 Pfa=0.0133 | lr=1.00e-03 | best
Epoch 025/100 | train=0.008281 val=0.007315 | thr=0.87061 Pd=0.4717 Pfa=0.0133 | lr=1.00e-03
Epoch 026/100 | train=0.007734 val=0.006710 | thr=0.83838 Pd=0.5472 Pfa=0.0133 | lr=1.00e-03 | best
Epoch 027/100 | train=0.008056 val=0.008295 | thr=0.88184 Pd=0.4717 Pfa=0.0133 | lr=1.00e-03
Epoch 028/100 | train=0.007706 val=0.006479 | thr=0.84424 Pd=0.5472 Pfa=0.0133 | lr=1.00e-03 | best
Epoch 029/100 | train=0.007603 val=0.006839 | thr=0.88037 Pd=0.5472 Pfa=0.0133 | lr=1.00e-03
Epoch 030/100 | train=0.007412 val=0.006416 | thr=0.87305 Pd=0.4717 Pfa=0.0133 | lr=1.00e-03
Epoch 031/100 | train=0.007032 val=0.006503 | thr=0.90137 Pd=0.5849 Pfa=0.0133 | lr=1.00e-03 | best
Epoch 032/100 | train=0.006925 val=0.006124 | thr=0.88818 Pd=0.6415 Pfa=0.0133 | lr=1.00e-03 | best
Epoch 033/100 | train=0.006873 val=0.006133 | thr=0.92285 Pd=0.7170 Pfa=0.0133 | lr=1.00e-03 | best
Epoch 034/100 | train=0.006696 val=0.006218 | thr=0.79639 Pd=0.7358 Pfa=0.0133 | lr=1.00e-03 | best
Epoch 035/100 | train=0.006513 val=0.006158 | thr=0.92676 Pd=0.4906 Pfa=0.0133 | lr=1.00e-03
Epoch 036/100 | train=0.006456 val=0.005418 | thr=0.91895 Pd=0.7170 Pfa=0.0133 | lr=1.00e-03
Epoch 037/100 | train=0.006395 val=0.006858 | thr=0.94238 Pd=0.6604 Pfa=0.0133 | lr=1.00e-03
Epoch 038/100 | train=0.006599 val=0.005238 | thr=0.90869 Pd=0.5849 Pfa=0.0133 | lr=1.00e-03
Epoch 039/100 | train=0.006078 val=0.006005 | thr=0.75439 Pd=0.7925 Pfa=0.0133 | lr=1.00e-03 | best
Epoch 040/100 | train=0.006488 val=0.005268 | thr=0.84180 Pd=0.7925 Pfa=0.0133 | lr=1.00e-03 | best
Epoch 041/100 | train=0.006276 val=0.005486 | thr=0.88525 Pd=0.6226 Pfa=0.0133 | lr=1.00e-03
Epoch 042/100 | train=0.006419 val=0.005950 | thr=0.89404 Pd=0.6981 Pfa=0.0133 | lr=1.00e-03
Epoch 043/100 | train=0.006117 val=0.006278 | thr=0.92334 Pd=0.5283 Pfa=0.0133 | lr=1.00e-03
Epoch 044/100 | train=0.006467 val=0.005243 | thr=0.91016 Pd=0.7170 Pfa=0.0133 | lr=5.00e-04
Epoch 045/100 | train=0.005614 val=0.005224 | thr=0.93164 Pd=0.5283 Pfa=0.0133 | lr=5.00e-04
Epoch 046/100 | train=0.005619 val=0.005340 | thr=0.91016 Pd=0.6415 Pfa=0.0133 | lr=5.00e-04
Epoch 047/100 | train=0.005519 val=0.005397 | thr=0.93115 Pd=0.4717 Pfa=0.0133 | lr=5.00e-04
Epoch 048/100 | train=0.005488 val=0.004873 | thr=0.90186 Pd=0.6415 Pfa=0.0133 | lr=5.00e-04
Epoch 049/100 | train=0.005450 val=0.005159 | thr=0.95459 Pd=0.4906 Pfa=0.0067 | lr=5.00e-04
Epoch 050/100 | train=0.005393 val=0.004874 | thr=0.95117 Pd=0.4717 Pfa=0.0133 | lr=5.00e-04
Epoch 051/100 | train=0.005462 val=0.004800 | thr=0.94922 Pd=0.4340 Pfa=0.0133 | lr=5.00e-04
Epoch 052/100 | train=0.005496 val=0.005248 | thr=0.93311 Pd=0.6415 Pfa=0.0133 | lr=5.00e-04
Epoch 053/100 | train=0.005446 val=0.005252 | thr=0.94287 Pd=0.5283 Pfa=0.0133 | lr=5.00e-04
Epoch 054/100 | train=0.005420 val=0.005112 | thr=0.93994 Pd=0.4906 Pfa=0.0133 | lr=5.00e-04
Epoch 055/100 | train=0.005459 val=0.004815 | thr=0.93896 Pd=0.7170 Pfa=0.0133 | lr=5.00e-04
Epoch 056/100 | train=0.005335 val=0.004862 | thr=0.89648 Pd=0.6792 Pfa=0.0133 | lr=5.00e-04
Epoch 057/100 | train=0.005292 val=0.004928 | thr=0.92090 Pd=0.5472 Pfa=0.0133 | lr=2.50e-04
Epoch 058/100 | train=0.005089 val=0.004820 | thr=0.92871 Pd=0.5472 Pfa=0.0133 | lr=2.50e-04
Epoch 059/100 | train=0.004996 val=0.005025 | thr=0.92480 Pd=0.4528 Pfa=0.0133 | lr=2.50e-04
Epoch 060/100 | train=0.004954 val=0.005006 | thr=0.94922 Pd=0.2830 Pfa=0.0133 | lr=2.50e-04
Early stopping after 20 stale epochs

==================================================================================
best epoch : 40
threshold  : 0.841797
test       : Pd=0.6667, Pfa=0.0000, FA=0, AUC=0.9980
result dir : /home/tobeornot8259748/projects/balloon_radar_project/results/experiments/polar_repr_v2_power2_v4_fold06_seed42_formal
==================================================================================
==================================================================================
representation summary (formal)
found   : 3
missing : 0
detail  : /home/tobeornot8259748/projects/balloon_radar_project/results/data_audit/polarimetric_representation_benchmark_v2/representation_detail_formal.csv
aggregate: /home/tobeornot8259748/projects/balloon_radar_project/results/data_audit/polarimetric_representation_benchmark_v2/representation_aggregate_formal.csv
==================================================================================

====================================================================================================
COMMAND:
/home/tobeornot8259748/miniforge3/envs/radar-torch/bin/python training/train_polarimetric_representation_fcn_v2.py --name polar_repr_v2_power2_v4_fold03_seed42_formal --manifest-path /home/tobeornot8259748/projects/balloon_radar_project/results/data_audit/dataset_v4_multifold/fold_03_manifest.csv --input-mode power2 --dataset-version V4 --fold-id 3 --epochs 100 --batch-size 8 --num-workers 0 --gate-low-percentile 50.0 --gate-high-percentile 99.0 --gate-gamma 1.5 --seed 42
====================================================================================================

====================================================================================================
COMMAND:
/home/tobeornot8259748/miniforge3/envs/radar-torch/bin/python training/train_polarimetric_representation_fcn_v2.py --name polar_repr_v2_power2_v4_fold05_seed42_formal --manifest-path /home/tobeornot8259748/projects/balloon_radar_project/results/data_audit/dataset_v4_multifold/fold_05_manifest.csv --input-mode power2 --dataset-version V4 --fold-id 5 --epochs 100 --batch-size 8 --num-workers 0 --gate-low-percentile 50.0 --gate-high-percentile 99.0 --gate-gamma 1.5 --seed 42
====================================================================================================

====================================================================================================
COMMAND:
/home/tobeornot8259748/miniforge3/envs/radar-torch/bin/python training/train_polarimetric_representation_fcn_v2.py --name polar_repr_v2_power2_v4_fold06_seed42_formal --manifest-path /home/tobeornot8259748/projects/balloon_radar_project/results/data_audit/dataset_v4_multifold/fold_06_manifest.csv --input-mode power2 --dataset-version V4 --fold-id 6 --epochs 100 --batch-size 8 --num-workers 0 --gate-low-percentile 50.0 --gate-high-percentile 99.0 --gate-gamma 1.5 --seed 42
====================================================================================================

====================================================================================================
COMMAND:
/home/tobeornot8259748/miniforge3/envs/radar-torch/bin/python scripts/summarize_polarimetric_representation_benchmark_v2.py --folds 3 5 6 --modes power2 --scope formal --require-all
====================================================================================================
